Component: ARM Compiler 5.06 update 6 (build 750) Tool: armlink [4d35ed]

==============================================================================

Section Cross References

    startup_stm32f103xb.o(STACK) refers (Special) to heapauxi.o(.text) for __use_two_region_memory
    startup_stm32f103xb.o(HEAP) refers (Special) to heapauxi.o(.text) for __use_two_region_memory
    startup_stm32f103xb.o(RESET) refers (Special) to heapauxi.o(.text) for __use_two_region_memory
    startup_stm32f103xb.o(RESET) refers to startup_stm32f103xb.o(STACK) for __initial_sp
    startup_stm32f103xb.o(RESET) refers to startup_stm32f103xb.o(.text) for Reset_Handler
    startup_stm32f103xb.o(RESET) refers to stm32f1xx_it.o(i.NMI_Handler) for NMI_Handler
    startup_stm32f103xb.o(RESET) refers to stm32f1xx_it.o(i.HardFault_Handler) for HardFault_Handler
    startup_stm32f103xb.o(RESET) refers to stm32f1xx_it.o(i.MemManage_Handler) for MemManage_Handler
    startup_stm32f103xb.o(RESET) refers to stm32f1xx_it.o(i.BusFault_Handler) for BusFault_Handler
    startup_stm32f103xb.o(RESET) refers to stm32f1xx_it.o(i.UsageFault_Handler) for UsageFault_Handler
    startup_stm32f103xb.o(RESET) refers to port.o(.emb_text) for SVC_Handler
    startup_stm32f103xb.o(RESET) refers to stm32f1xx_it.o(i.DebugMon_Handler) for DebugMon_Handler
    startup_stm32f103xb.o(RESET) refers to port.o(i.SysTick_Handler) for SysTick_Handler
    startup_stm32f103xb.o(RESET) refers to stm32f1xx_it.o(i.DMA1_Channel2_IRQHandler) for DMA1_Channel2_IRQHandler
    startup_stm32f103xb.o(RESET) refers to stm32f1xx_it.o(i.DMA1_Channel3_IRQHandler) for DMA1_Channel3_IRQHandler
    startup_stm32f103xb.o(RESET) refers to stm32f1xx_it.o(i.DMA1_Channel4_IRQHandler) for DMA1_Channel4_IRQHandler
    startup_stm32f103xb.o(RESET) refers to stm32f1xx_it.o(i.DMA1_Channel5_IRQHandler) for DMA1_Channel5_IRQHandler
    startup_stm32f103xb.o(RESET) refers to stm32f1xx_it.o(i.TIM1_UP_IRQHandler) for TIM1_UP_IRQHandler
    startup_stm32f103xb.o(RESET) refers to stm32f1xx_it.o(i.USART1_IRQHandler) for USART1_IRQHandler
    startup_stm32f103xb.o(RESET) refers to stm32f1xx_it.o(i.USART3_IRQHandler) for USART3_IRQHandler
    startup_stm32f103xb.o(.text) refers (Special) to heapauxi.o(.text) for __use_two_region_memory
    startup_stm32f103xb.o(.text) refers to system_stm32f1xx.o(i.SystemInit) for SystemInit
    startup_stm32f103xb.o(.text) refers to __main.o(!!!main) for __main
    startup_stm32f103xb.o(.text) refers to startup_stm32f103xb.o(HEAP) for Heap_Mem
    startup_stm32f103xb.o(.text) refers to startup_stm32f103xb.o(STACK) for Stack_Mem
    rs232.o(i.Rs232_Rec) refers to stm32f1xx_hal_uart.o(i.HAL_UART_DMAStop) for HAL_UART_DMAStop
    rs232.o(i.Rs232_Rec) refers to cmd.o(i.cmd_master_salve) for cmd_master_salve
    rs232.o(i.Rs232_Rec) refers to stm32f1xx_hal_uart.o(i.HAL_UART_Receive_DMA) for HAL_UART_Receive_DMA
    rs232.o(i.Rs232_Rec) refers to usart.o(.bss) for huart1
    rs232.o(i.Rs232_Rec) refers to main.o(.data) for Rx_len232
    rs232.o(i.Rs232_Rec) refers to main.o(.bss) for ReceiveBuff232
    rs232.o(i.Rs232_Send) refers to stm32f1xx_hal_uart.o(i.HAL_UART_Transmit) for HAL_UART_Transmit
    rs232.o(i.Rs232_Send) refers to usart.o(.bss) for huart1
    crc.o(i.CRC16) refers to crc.o(.data) for .data
    rs485.o(i.InitRs485) refers to rs485.o(i.enReceive485) for enReceive485
    rs485.o(i.Rs485_Rec) refers to stm32f1xx_hal_uart.o(i.HAL_UART_DMAStop) for HAL_UART_DMAStop
    rs485.o(i.Rs485_Rec) refers to cmd.o(i.cmd_salve_master) for cmd_salve_master
    rs485.o(i.Rs485_Rec) refers to usart.o(.bss) for huart3
    rs485.o(i.Rs485_Rec) refers to main.o(.data) for Rx_len485
    rs485.o(i.Rs485_Rec) refers to main.o(.bss) for ReceiveBuff485
    rs485.o(i.Rs485_Send) refers to rs485.o(i.enSend485) for enSend485
    rs485.o(i.Rs485_Send) refers to stm32f1xx_hal.o(i.HAL_Delay) for HAL_Delay
    rs485.o(i.Rs485_Send) refers to stm32f1xx_hal_uart.o(i.HAL_UART_Transmit) for HAL_UART_Transmit
    rs485.o(i.Rs485_Send) refers to rs485.o(i.enReceive485) for enReceive485
    rs485.o(i.Rs485_Send) refers to usart.o(.bss) for huart3
    rs485.o(i.enReceive485) refers to stm32f1xx_hal_gpio.o(i.HAL_GPIO_WritePin) for HAL_GPIO_WritePin
    rs485.o(i.enSend485) refers to stm32f1xx_hal_gpio.o(i.HAL_GPIO_WritePin) for HAL_GPIO_WritePin
    cmd.o(i.cmd_master_salve) refers to rt_memcpy_v6.o(.text) for __aeabi_memcpy
    cmd.o(i.cmd_master_salve) refers to crc.o(i.SUM_CALIBRATE) for SUM_CALIBRATE
    cmd.o(i.cmd_master_salve) refers to rt_memclr.o(.text) for __aeabi_memclr
    cmd.o(i.cmd_master_salve) refers to crc.o(i.CRC16) for CRC16
    cmd.o(i.cmd_master_salve) refers to memcmp.o(.text) for memcmp
    cmd.o(i.cmd_master_salve) refers to main.o(.data) for sendFlag485
    cmd.o(i.cmd_master_salve) refers to protocol.o(.bss) for cali_search_pack
    cmd.o(i.cmd_master_salve) refers to cmd.o(.bss) for .bss
    cmd.o(i.cmd_master_salve) refers to cmd.o(.data) for .data
[...]
    i.osTimerCreate                          0x08002800   Section        0  cmsis_os.o(i.osTimerCreate)
    i.osTimerStart                           0x08002840   Section        0  cmsis_os.o(i.osTimerStart)
    i.prvAddCurrentTaskToDelayedList         0x0800289c   Section        0  tasks.o(i.prvAddCurrentTaskToDelayedList)
    prvAddCurrentTaskToDelayedList           0x0800289d   Thumb Code   102  tasks.o(i.prvAddCurrentTaskToDelayedList)
    i.prvAddNewTaskToReadyList               0x0800290c   Section        0  tasks.o(i.prvAddNewTaskToReadyList)
    prvAddNewTaskToReadyList                 0x0800290d   Thumb Code   194  tasks.o(i.prvAddNewTaskToReadyList)
    i.prvCheckForValidListAndQueue           0x080029dc   Section        0  timers.o(i.prvCheckForValidListAndQueue)
    prvCheckForValidListAndQueue             0x080029dd   Thumb Code    72  timers.o(i.prvCheckForValidListAndQueue)
    i.prvCopyDataFromQueue                   0x08002a34   Section        0  queue.o(i.prvCopyDataFromQueue)
    prvCopyDataFromQueue                     0x08002a35   Thumb Code    38  queue.o(i.prvCopyDataFromQueue)
    i.prvCopyDataToQueue                     0x08002a5a   Section        0  queue.o(i.prvCopyDataToQueue)
    prvCopyDataToQueue                       0x08002a5b   Thumb Code   108  queue.o(i.prvCopyDataToQueue)
    i.prvDeleteTCB                           0x08002ac6   Section        0  tasks.o(i.prvDeleteTCB)
    prvDeleteTCB                             0x08002ac7   Thumb Code    52  tasks.o(i.prvDeleteTCB)
    i.prvHeapInit                            0x08002afc   Section        0  heap_4.o(i.prvHeapInit)
    prvHeapInit                              0x08002afd   Thumb Code    66  heap_4.o(i.prvHeapInit)
    i.prvIdleTask                            0x08002b48   Section        0  tasks.o(i.prvIdleTask)
    prvIdleTask                              0x08002b49   Thumb Code    82  tasks.o(i.prvIdleTask)
    i.prvInitialiseNewQueue                  0x08002ba8   Section        0  queue.o(i.prvInitialiseNewQueue)
    prvInitialiseNewQueue                    0x08002ba9   Thumb Code    22  queue.o(i.prvInitialiseNewQueue)
    i.prvInitialiseNewTask                   0x08002bbe   Section        0  tasks.o(i.prvInitialiseNewTask)
    prvInitialiseNewTask                     0x08002bbf   Thumb Code   142  tasks.o(i.prvInitialiseNewTask)
    i.prvInitialiseNewTimer                  0x08002c4c   Section        0  timers.o(i.prvInitialiseNewTimer)
    prvInitialiseNewTimer                    0x08002c4d   Thumb Code    68  timers.o(i.prvInitialiseNewTimer)
    i.prvInsertBlockIntoFreeList             0x08002c90   Section        0  heap_4.o(i.prvInsertBlockIntoFreeList)
    prvInsertBlockIntoFreeList               0x08002c91   Thumb Code    72  heap_4.o(i.prvInsertBlockIntoFreeList)
    i.prvInsertTimerInActiveList             0x08002cdc   Section        0  timers.o(i.prvInsertTimerInActiveList)
    prvInsertTimerInActiveList               0x08002cdd   Thumb Code    52  timers.o(i.prvInsertTimerInActiveList)
    i.prvIsQueueEmpty                        0x08002d14   Section        0  queue.o(i.prvIsQueueEmpty)
    prvIsQueueEmpty                          0x08002d15   Thumb Code    28  queue.o(i.prvIsQueueEmpty)
    i.prvProcessReceivedCommands             0x08002d30   Section        0  timers.o(i.prvProcessReceivedCommands)
    prvProcessReceivedCommands               0x08002d31   Thumb Code   184  timers.o(i.prvProcessReceivedCommands)
    i.prvProcessTimerOrBlockTask             0x08002dec   Section        0  timers.o(i.prvProcessTimerOrBlockTask)
    prvProcessTimerOrBlockTask               0x08002ded   Thumb Code   172  timers.o(i.prvProcessTimerOrBlockTask)
    i.prvResetNextTaskUnblockTime            0x08002ea0   Section        0  tasks.o(i.prvResetNextTaskUnblockTime)
    prvResetNextTaskUnblockTime              0x08002ea1   Thumb Code    26  tasks.o(i.prvResetNextTaskUnblockTime)
    i.prvSampleTimeNow                       0x08002ec0   Section        0  timers.o(i.prvSampleTimeNow)
    prvSampleTimeNow                         0x08002ec1   Thumb Code    36  timers.o(i.prvSampleTimeNow)
    i.prvSwitchTimerLists                    0x08002ee8   Section        0  timers.o(i.prvSwitchTimerLists)
    prvSwitchTimerLists                      0x08002ee9   Thumb Code   102  timers.o(i.prvSwitchTimerLists)
    i.prvTaskExitError                       0x08002f54   Section        0  port.o(i.prvTaskExitError)
    prvTaskExitError                         0x08002f55   Thumb Code    36  port.o(i.prvTaskExitError)
    i.prvTimerTask                           0x08002f7c   Section        0  timers.o(i.prvTimerTask)
    prvTimerTask                             0x08002f7d   Thumb Code    32  timers.o(i.prvTimerTask)
    i.prvUnlockQueue                         0x08002fa0   Section        0  queue.o(i.prvUnlockQueue)
    prvUnlockQueue                           0x08002fa1   Thumb Code   106  queue.o(i.prvUnlockQueue)
    i.pvPortMalloc                           0x0800300c   Section        0  heap_4.o(i.pvPortMalloc)
    i.pxPortInitialiseStack                  0x080030e4   Section        0  port.o(i.pxPortInitialiseStack)
    i.uxListRemove                           0x08003108   Section        0  list.o(i.uxListRemove)
    i.vApplicationGetIdleTaskMemory          0x08003130   Section        0  freertos.o(i.vApplicationGetIdleTaskMemory)
    i.vApplicationGetTimerTaskMemory         0x08003144   Section        0  freertos.o(i.vApplicationGetTimerTaskMemory)
    i.vListInitialise                        0x0800315c   Section        0  list.o(i.vListInitialise)
    i.vListInitialiseItem                    0x08003172   Section        0  list.o(i.vListInitialiseItem)
    i.vListInsert                            0x08003178   Section        0  list.o(i.vListInsert)
    i.vListInsertEnd                         0x080031a8   Section        0  list.o(i.vListInsertEnd)
    i.vPortEnterCritical                     0x080031c0   Section        0  port.o(i.vPortEnterCritical)
    i.vPortExitCritical                      0x08003200   Section        0  port.o(i.vPortExitCritical)
    i.vPortFree                              0x08003228   Section        0  heap_4.o(i.vPortFree)
    i.vPortSetupTimerInterrupt               0x08003284   Section        0  port.o(i.vPortSetupTimerInterrupt)
    i.vPortValidateInterruptPriority         0x080032a8   Section        0  port.o(i.vPortValidateInterruptPriority)
    i.vQueueAddToRegistry                    0x080032fc   Section        0  queue.o(i.vQueueAddToRegistry)
    i.vQueueWaitForMessageRestricted         0x08003324   Section        0  queue.o(i.vQueueWaitForMessageRestricted)
    i.vTaskDelay                             0x08003368   Section        0  tasks.o(i.vTaskDelay)
    i.vTaskInternalSetTimeOutState           0x080033b4   Section        0  tasks.o(i.vTaskInternalSetTimeOutState)
    i.vTaskMissedYield                       0x080033c4   Section        0  tasks.o(i.vTaskMissedYield)
    i.vTaskPlaceOnEventList                  0x080033d0   Section        0  tasks.o(i.vTaskPlaceOnEventList)
    i.vTaskPlaceOnEventListRestricted        0x08003400   Section        0  tasks.o(i.vTaskPlaceOnEventListRestricted)
    i.vTaskStartScheduler                    0x08003438   Section        0  tasks.o(i.vTaskStartScheduler)
    i.vTaskSuspendAll                        0x080034c0   Section        0  tasks.o(i.vTaskSuspendAll)
    i.vTaskSwitchContext                     0x080034d0   Section        0  tasks.o(i.vTaskSwitchContext)
    i.xPortStartScheduler                    0x0800352c   Section        0  port.o(i.xPortStartScheduler)
    i.xQueueGenericCreateStatic              0x080035d4   Section        0  queue.o(i.xQueueGenericCreateStatic)
    i.xQueueGenericReset                     0x0800363c   Section        0  queue.o(i.xQueueGenericReset)
    i.xQueueGenericSend                      0x080036c4   Section        0  queue.o(i.xQueueGenericSend)
    i.xQueueGenericSendFromISR               0x08003824   Section        0  queue.o(i.xQueueGenericSendFromISR)
    i.xQueueReceive                          0x080038e0   Section        0  queue.o(i.xQueueReceive)
    i.xTaskCheckForTimeOut                   0x08003a18   Section        0  tasks.o(i.xTaskCheckForTimeOut)
    i.xTaskCreate                            0x08003a8c   Section        0  tasks.o(i.xTaskCreate)
    i.xTaskCreateStatic                      0x08003ae6   Section        0  tasks.o(i.xTaskCreateStatic)
    i.xTaskGetSchedulerState                 0x08003b3c   Section        0  tasks.o(i.xTaskGetSchedulerState)
    i.xTaskGetTickCount                      0x08003b58   Section        0  tasks.o(i.xTaskGetTickCount)
    i.xTaskIncrementTick                     0x08003b64   Section        0  tasks.o(i.xTaskIncrementTick)
    i.xTaskPriorityDisinherit                0x08003c2c   Section        0  tasks.o(i.xTaskPriorityDisinherit)
    i.xTaskRemoveFromEventList               0x08003cc4   Section        0  tasks.o(i.xTaskRemoveFromEventList)
    i.xTaskResumeAll                         0x08003d38   Section        0  tasks.o(i.xTaskResumeAll)
    i.xTimerCreate                           0x08003dfc   Section        0  timers.o(i.xTimerCreate)
    i.xTimerCreateStatic                     0x08003e30   Section        0  timers.o(i.xTimerCreateStatic)
    i.xTimerCreateTimerTask                  0x08003e60   Section        0  timers.o(i.xTimerCreateTimerTask)
    i.xTimerGenericCommand                   0x08003ec0   Section        0  timers.o(i.xTimerGenericCommand)
    .constdata                               0x08003f20   Section       76  freertos.o(.constdata)
    .constdata                               0x08003f6c   Section       16  system_stm32f1xx.o(.constdata)
    .constdata                               0x08003f7c   Section        8  system_stm32f1xx.o(.constdata)
    .conststring                             0x08003f84   Section       12  freertos.o(.conststring)
    .data                                    0x20000000   Section       13  protocol.o(.data)
    .data                                    0x2000000d   Section        6  protocol.o(.data)
    .data                                    0x20000013   Section        6  protocol.o(.data)
    .data                                    0x20000019   Section        5  protocol.o(.data)
    .data                                    0x2000001e   Section        8  protocol.o(.data)
    .data                                    0x20000026   Section       13  protocol.o(.data)
    .data                                    0x20000033   Section       12  protocol.o(.data)
    .data                                    0x2000003f   Section       13  protocol.o(.data)
    .data                                    0x2000004c   Section        8  protocol.o(.data)
    .data                                    0x20000054   Section       20  protocol.o(.data)
    .data                                    0x20000068   Section        6  protocol.o(.data)
    .data                                    0x2000006e   Section        7  protocol.o(.data)
    .data                                    0x20000075   Section        8  protocol.o(.data)
    .data                                    0x2000007d   Section      512  crc.o(.data)
    auchCRCHi                                0x2000007d   Data         256  crc.o(.data)
    auchCRCLo                                0x2000017d   Data         256  crc.o(.data)
    .data                                    0x20000280   Section        4  cmd.o(.data)
    crc_value_232                            0x20000280   Data           4  cmd.o(.data)
    .data                                    0x20000284   Section        1  main.o(.data)
    .data                                    0x20000285   Section        1  main.o(.data)
    .data                                    0x20000286   Section        1  main.o(.data)
    .data                                    0x20000287   Section        1  main.o(.data)
    .data                                    0x20000288   Section        1  main.o(.data)
    .data                                    0x20000289   Section        1  main.o(.data)
    .data                                    0x2000028a   Section        1  main.o(.data)
    .data                                    0x2000028b   Section        1  main.o(.data)
    .data                                    0x2000028c   Section        1  main.o(.data)
    .data                                    0x2000028d   Section        1  main.o(.data)
    .data                                    0x20000290   Section       28  freertos.o(.data)
    .data                                    0x200002ac   Section       12  stm32f1xx_hal.o(.data)
    .data                                    0x200002b8   Section        4  system_stm32f1xx.o(.data)
    .data                                    0x200002bc   Section       60  tasks.o(.data)
    pxDelayedTaskList                        0x200002c0   Data           4  tasks.o(.data)
    pxOverflowDelayedTaskList                0x200002c4   Data           4  tasks.o(.data)
    uxDeletedTasksWaitingCleanUp             0x200002c8   Data           4  tasks.o(.data)
    uxCurrentNumberOfTasks                   0x200002cc   Data           4  tasks.o(.data)
    xTickCount                               0x200002d0   Data           4  tasks.o(.data)
    uxTopReadyPriority                       0x200002d4   Data           4  tasks.o(.data)
    xSchedulerRunning                        0x200002d8   Data           4  tasks.o(.data)
    uxPendedTicks                            0x200002dc   Data           4  tasks.o(.data)
    xYieldPending                            0x200002e0   Data           4  tasks.o(.data)
    xNumOfOverflows                          0x200002e4   Data           4  tasks.o(.data)
    uxTaskNumber                             0x200002e8   Data           4  tasks.o(.data)
    xNextTaskUnblockTime                     0x200002ec   Data           4  tasks.o(.data)
    xIdleTaskHandle                          0x200002f0   Data           4  tasks.o(.data)
    uxSchedulerSuspended                     0x200002f4   Data           4  tasks.o(.data)
    .data                                    0x200002f8   Section       20  timers.o(.data)
    pxCurrentTimerList                       0x200002f8   Data           4  timers.o(.data)
    pxOverflowTimerList                      0x200002fc   Data           4  timers.o(.data)
    xTimerQueue                              0x20000300   Data           4  timers.o(.data)
    xTimerTaskHandle                         0x20000304   Data           4  timers.o(.data)
    xLastTime                                0x20000308   Data           4  timers.o(.data)
    .data                                    0x2000030c   Section       24  heap_4.o(.data)
    pxEnd                                    0x2000030c   Data           4  heap_4.o(.data)
    xFreeBytesRemaining                      0x20000310   Data           4  heap_4.o(.data)
    xMinimumEverFreeBytesRemaining           0x20000314   Data           4  heap_4.o(.data)
    xBlockAllocatedBit                       0x20000318   Data           4  heap_4.o(.data)
    xStart                                   0x2000031c   Data           8  heap_4.o(.data)
    .data                                    0x20000324   Section       12  port.o(.data)
    ucMaxSysCallPriority                     0x20000324   Data           1  port.o(.data)
    uxCriticalNesting                        0x20000328   Data           4  port.o(.data)
    ulMaxPRIGROUPValue                       0x2000032c   Data           4  port.o(.data)
    .bss                                     0x20000330   Section       13  protocol.o(.bss)
    .bss                                     0x2000033d   Section        9  protocol.o(.bss)
    .bss                                     0x20000346   Section       12  protocol.o(.bss)
    .bss                                     0x20000352   Section      256  cmd.o(.bss)
    crc16_232                                0x20000352   Data         256  cmd.o(.bss)
    .bss                                     0x20000452   Section      510  main.o(.bss)
    .bss                                     0x20000650   Section      255  main.o(.bss)
    .bss                                     0x2000074f   Section      255  main.o(.bss)
    .bss                                     0x20000850   Section     1704  freertos.o(.bss)
    xIdleTaskTCBBuffer                       0x20000850   Data          84  freertos.o(.bss)
    xIdleStack                               0x200008a4   Data         512  freertos.o(.bss)
    xTimerTaskTCBBuffer                      0x20000aa4   Data          84  freertos.o(.bss)
    xTimerStack                              0x20000af8   Data        1024  freertos.o(.bss)
    .bss                                     0x20000ef8   Section      408  usart.o(.bss)
    .bss                                     0x20001090   Section       72  stm32f1xx_hal_timebase_tim.o(.bss)
    .bss                                     0x200010d8   Section       64  queue.o(.bss)
    .bss                                     0x20001118   Section      240  tasks.o(.bss)
    pxReadyTasksLists                        0x20001118   Data         140  tasks.o(.bss)
    xDelayedTaskList1                        0x200011a4   Data          20  tasks.o(.bss)
    xDelayedTaskList2                        0x200011b8   Data          20  tasks.o(.bss)
    xPendingReadyList                        0x200011cc   Data          20  tasks.o(.bss)
    xTasksWaitingTermination                 0x200011e0   Data          20  tasks.o(.bss)
    xSuspendedTaskList                       0x200011f4   Data          20  tasks.o(.bss)
    .bss                                     0x20001208   Section      232  timers.o(.bss)
    xActiveTimerList1                        0x20001208   Data          20  timers.o(.bss)
    xActiveTimerList2                        0x2000121c   Data          20  timers.o(.bss)
    xStaticTimerQueue                        0x20001230   Data          72  timers.o(.bss)
    ucStaticTimerQueueStorage                0x20001278   Data         120  timers.o(.bss)
    .bss                                     0x200012f0   Section     3072  heap_4.o(.bss)
    ucHeap                                   0x200012f0   Data        3072  heap_4.o(.bss)
    .bss                                     0x20001ef0   Section       96  libspace.o(.bss)
    HEAP                                     0x20001f50   Section      512  startup_stm32f103xb.o(HEAP)
    Heap_Mem                                 0x20001f50   Data         512  startup_stm32f103xb.o(HEAP)
    STACK                                    0x20002150   Section     1024  startup_stm32f103xb.o(STACK)
    Stack_Mem                                0x20002150   Data        1024  startup_stm32f103xb.o(STACK)
    __initial_sp                             0x20002550   Data           0  startup_stm32f103xb.o(STACK)

    Global Symbols

    Symbol Name                              Value     Ov Type        Size  Object(Section)

    BuildAttributes$$THM_ISAv4$P$D$K$B$S$PE$A:L22UL41UL21$X:L11$S22US41US21$IEEE1$IW$USESV6$~STKCKD$USESV7$~SHL$OSPACE$ROPI$EBA8$UX$STANDARDLIB$REQ8$PRES8$EABIv2 0x00000000   Number         0  anon$$obj.o ABSOLUTE
    __ARM_use_no_argv                        0x00000000   Number         0  main.o ABSOLUTE
    __ARM_exceptions_init                     - Undefined Weak Reference
    __alloca_initialize                       - Undefined Weak Reference
    __arm_preinit_                            - Undefined Weak Reference
    __cpp_initialize__aeabi_                  - Undefined Weak Reference
    __cxa_finalize                            - Undefined Weak Reference
    __rt_locale                               - Undefined Weak Reference
    __sigvec_lookup                           - Undefined Weak Reference
    _atexit_init                              - Undefined Weak Reference
    _call_atexit_fns                          - Undefined Weak Reference
    _clock_init                               - Undefined Weak Reference
    _fp_trap_init                             - Undefined Weak Reference
    _fp_trap_shutdown                         - Undefined Weak Reference
    _get_lc_collate                           - Undefined Weak Reference
    _get_lc_ctype                             - Undefined Weak Reference
    _get_lc_monetary                          - Undefined Weak Reference
    _get_lc_numeric                           - Undefined Weak Reference
    _get_lc_time                              - Undefined Weak Reference
    _getenv_init                              - Undefined Weak Reference
    _handle_redirection                       - Undefined Weak Reference
    _init_alloc                               - Undefined Weak Reference
    _init_user_alloc                          - Undefined Weak Reference
    _initio                                   - Undefined Weak Reference
    _rand_init                                - Undefined Weak Reference
    _signal_finish                            - Undefined Weak Reference
    _signal_init                              - Undefined Weak Reference
    _terminate_alloc                          - Undefined Weak Reference
    _terminate_user_alloc                     - Undefined Weak Reference
    _terminateio                              - Undefined Weak Reference
    __Vectors_Size                           0x000000ec   Number         0  startup_stm32f103xb.o ABSOLUTE
    __Vectors                                0x08000000   Data           4  startup_stm32f103xb.o(RESET)
    __Vectors_End                            0x080000ec   Data           0  startup_stm32f103xb.o(RESET)
    __main                                   0x080000ed   Thumb Code     8  __main.o(!!!main)
    __scatterload                            0x080000f5   Thumb Code     0  __scatter.o(!!!scatter)
    __scatterload_rt2                        0x080000f5   Thumb Code    44  __scatter.o(!!!scatter)
    __scatterload_rt2_thumb_only             0x080000f5   Thumb Code     0  __scatter.o(!!!scatter)
    __scatterload_null                       0x08000103   Thumb Code     0  __scatter.o(!!!scatter)
    __decompress                             0x08000129   Thumb Code    90  __dczerorl2.o(!!dczerorl2)
    __decompress1                            0x08000129   Thumb Code     0  __dczerorl2.o(!!dczerorl2)
    __scatterload_zeroinit                   0x08000185   Thumb Code    28  __scatter_zi.o(!!handler_zi)
    __rt_lib_init                            0x080001a1   Thumb Code     0  libinit.o(.ARM.Collect$$libinit$$00000000)
    __rt_lib_init_alloca_1                   0x080001a3   Thumb Code     0  libinit2.o(.ARM.Collect$$libinit$$0000002E)
    __rt_lib_init_argv_1                     0x080001a3   Thumb Code     0  libinit2.o(.ARM.Collect$$libinit$$0000002C)
    __rt_lib_init_atexit_1                   0x080001a3   Thumb Code     0  libinit2.o(.ARM.Collect$$libinit$$0000001B)
    __rt_lib_init_clock_1                    0x080001a3   Thumb Code     0  libinit2.o(.ARM.Collect$$libinit$$00000021)
    __rt_lib_init_cpp_1                      0x080001a3   Thumb Code     0  libinit2.o(.ARM.Collect$$libinit$$00000032)
    __rt_lib_init_exceptions_1               0x080001a3   Thumb Code     0  libinit2.o(.ARM.Collect$$libinit$$00000030)
    __rt_lib_init_fp_1                       0x080001a3   Thumb Code     0  libinit2.o(.ARM.Collect$$libinit$$00000002)
    __rt_lib_init_fp_trap_1                  0x080001a3   Thumb Code     0  libinit2.o(.ARM.Collect$$libinit$$0000001F)
    __rt_lib_init_getenv_1                   0x080001a3   Thumb Code     0  libinit2.o(.ARM.Collect$$libinit$$00000023)
    __rt_lib_init_heap_1                     0x080001a3   Thumb Code     0  libinit2.o(.ARM.Collect$$libinit$$0000000A)
    __rt_lib_init_lc_collate_1               0x080001a3   Thumb Code     0  libinit2.o(.ARM.Collect$$libinit$$00000011)
    __rt_lib_init_lc_ctype_1                 0x080001a3   Thumb Code     0  libinit2.o(.ARM.Collect$$libinit$$00000013)
    __rt_lib_init_lc_monetary_1              0x080001a3   Thumb Code     0  libinit2.o(.ARM.Collect$$libinit$$00000015)
    __rt_lib_init_lc_numeric_1               0x080001a3   Thumb Code     0  libinit2.o(.ARM.Collect$$libinit$$00000017)
    __rt_lib_init_lc_time_1                  0x080001a3   Thumb Code     0  libinit2.o(.ARM.Collect$$libinit$$00000019)
    __rt_lib_init_preinit_1                  0x080001a3   Thumb Code     0  libinit2.o(.ARM.Collect$$libinit$$00000004)
    __rt_lib_init_rand_1                     0x080001a3   Thumb Code     0  libinit2.o(.ARM.Collect$$libinit$$0000000E)
    __rt_lib_init_return                     0x080001a3   Thumb Code     0  libinit2.o(.ARM.Collect$$libinit$$00000033)
    __rt_lib_init_signal_1                   0x080001a3   Thumb Code     0  libinit2.o(.ARM.Collect$$libinit$$0000001D)
    __rt_lib_init_stdio_1                    0x080001a3   Thumb Code     0  libinit2.o(.ARM.Collect$$libinit$$00000025)
    __rt_lib_init_user_alloc_1               0x080001a3   Thumb Code     0  libinit2.o(.ARM.Collect$$libinit$$0000000C)
    __rt_lib_shutdown                        0x080001a5   Thumb Code     0  libshutdown.o(.ARM.Collect$$libshutdown$$00000000)
    __rt_lib_shutdown_cpp_1                  0x080001a7   Thumb Code     0  libshutdown2.o(.ARM.Collect$$libshutdown$$00000002)
    __rt_lib_shutdown_fp_trap_1              0x080001a7   Thumb Code     0  libshutdown2.o(.ARM.Collect$$libshutdown$$00000007)
    __rt_lib_shutdown_heap_1                 0x080001a7   Thumb Code     0  libshutdown2.o(.ARM.Collect$$libshutdown$$0000000F)
    __rt_lib_shutdown_return                 0x080001a7   Thumb Code     0  libshutdown2.o(.ARM.Collect$$libshutdown$$00000010)
    __rt_lib_shutdown_signal_1               0x080001a7   Thumb Code     0  libshutdown2.o(.ARM.Collect$$libshutdown$$0000000A)
    __rt_lib_shutdown_stdio_1                0x080001a7   Thumb Code     0  libshutdown2.o(.ARM.Collect$$libshutdown$$00000004)
    __rt_lib_shutdown_user_alloc_1           0x080001a7   Thumb Code     0  libshutdown2.o(.ARM.Collect$$libshutdown$$0000000C)
    __rt_entry                               0x080001a9   Thumb Code     0  __rtentry.o(.ARM.Collect$$rtentry$$00000000)
    __rt_entry_presh_1                       0x080001a9   Thumb Code     0  __rtentry2.o(.ARM.Collect$$rtentry$$00000002)
    __rt_entry_sh                            0x080001a9   Thumb Code     0  __rtentry4.o(.ARM.Collect$$rtentry$$00000004)
    __rt_entry_li                            0x080001af   Thumb Code     0  __rtentry2.o(.ARM.Collect$$rtentry$$0000000A)
    __rt_entry_postsh_1                      0x080001af   Thumb Code     0  __rtentry2.o(.ARM.Collect$$rtentry$$00000009)
    __rt_entry_main                          0x080001b3   Thumb Code     0  __rtentry2.o(.ARM.Collect$$rtentry$$0000000D)
    __rt_entry_postli_1                      0x080001b3   Thumb Code     0  __rtentry2.o(.ARM.Collect$$rtentry$$0000000C)
    __rt_exit                                0x080001bb   Thumb Code     0  rtexit.o(.ARM.Collect$$rtexit$$00000000)
    __rt_exit_ls                             0x080001bd   Thumb Code     0  rtexit2.o(.ARM.Collect$$rtexit$$00000003)
    __rt_exit_prels_1                        0x080001bd   Thumb Code     0  rtexit2.o(.ARM.Collect$$rtexit$$00000002)
    __rt_exit_exit                           0x080001c1   Thumb Code     0  rtexit2.o(.ARM.Collect$$rtexit$$00000004)
    SVC_Handler                              0x080001c9   Thumb Code    32  port.o(.emb_text)
    __asm___6_port_c_39a90d8d__prvStartFirstTask 0x080001ed   Thumb Code    28  port.o(.emb_text)
    PendSV_Handler                           0x0800020d   Thumb Code    72  port.o(.emb_text)
    vPortGetIPSR                             0x08000259   Thumb Code     6  port.o(.emb_text)
    Reset_Handler                            0x08000261   Thumb Code     8  startup_stm32f103xb.o(.text)
    ADC1_2_IRQHandler                        0x0800027b   Thumb Code     0  startup_stm32f103xb.o(.text)
    CAN1_RX1_IRQHandler                      0x0800027b   Thumb Code     0  startup_stm32f103xb.o(.text)
    CAN1_SCE_IRQHandler                      0x0800027b   Thumb Code     0  startup_stm32f103xb.o(.text)
    DMA1_Channel1_IRQHandler                 0x0800027b   Thumb Code     0  startup_stm32f103xb.o(.text)
    DMA1_Channel6_IRQHandler                 0x0800027b   Thumb Code     0  startup_stm32f103xb.o(.text)
    DMA1_Channel7_IRQHandler                 0x0800027b   Thumb Code     0  startup_stm32f103xb.o(.text)
    EXTI0_IRQHandler                         0x0800027b   Thumb Code     0  startup_stm32f103xb.o(.text)
    EXTI15_10_IRQHandler                     0x0800027b   Thumb Code     0  startup_stm32f103xb.o(.text)
    EXTI1_IRQHandler                         0x0800027b   Thumb Code     0  startup_stm32f103xb.o(.text)
    EXTI2_IRQHandler                         0x0800027b   Thumb Code     0  startup_stm32f103xb.o(.text)
    EXTI3_IRQHandler                         0x0800027b   Thumb Code     0  startup_stm32f103xb.o(.text)
    EXTI4_IRQHandler                         0x0800027b   Thumb Code     0  startup_stm32f103xb.o(.text)
    EXTI9_5_IRQHandler                       0x0800027b   Thumb Code     0  startup_stm32f103xb.o(.text)
    FLASH_IRQHandler                         0x0800027b   Thumb Code     0  startup_stm32f103xb.o(.text)
    I2C1_ER_IRQHandler                       0x0800027b   Thumb Code     0  startup_stm32f103xb.o(.text)
    I2C1_EV_IRQHandler                       0x0800027b   Thumb Code     0  startup_stm32f103xb.o(.text)
    I2C2_ER_IRQHandler                       0x0800027b   Thumb Code     0  startup_stm32f103xb.o(.text)
    I2C2_EV_IRQHandler                       0x0800027b   Thumb Code     0  startup_stm32f103xb.o(.text)
    PVD_IRQHandler                           0x0800027b   Thumb Code     0  startup_stm32f103xb.o(.text)
    RCC_IRQHandler                           0x0800027b   Thumb Code     0  startup_stm32f103xb.o(.text)
    RTC_Alarm_IRQHandler                     0x0800027b   Thumb Code     0  startup_stm32f103xb.o(.text)
    RTC_IRQHandler                           0x0800027b   Thumb Code     0  startup_stm32f103xb.o(.text)
    SPI1_IRQHandler                          0x0800027b   Thumb Code     0  startup_stm32f103xb.o(.text)
    SPI2_IRQHandler                          0x0800027b   Thumb Code     0  startup_stm32f103xb.o(.text)
    TAMPER_IRQHandler                        0x0800027b   Thumb Code     0  startup_stm32f103xb.o(.text)
    TIM1_BRK_IRQHandler                      0x0800027b   Thumb Code     0  startup_stm32f103xb.o(.text)
    TIM1_CC_IRQHandler                       0x0800027b   Thumb Code     0  startup_stm32f103xb.o(.text)
    TIM1_TRG_COM_IRQHandler                  0x0800027b   Thumb Code     0  startup_stm32f103xb.o(.text)
    TIM2_IRQHandler                          0x0800027b   Thumb Code     0  startup_stm32f103xb.o(.text)
    TIM3_IRQHandler                          0x0800027b   Thumb Code     0  startup_stm32f103xb.o(.text)
    TIM4_IRQHandler                          0x0800027b   Thumb Code     0  startup_stm32f103xb.o(.text)
    USART2_IRQHandler                        0x0800027b   Thumb Code     0  startup_stm32f103xb.o(.text)
    USBWakeUp_IRQHandler                     0x0800027b   Thumb Code     0  startup_stm32f103xb.o(.text)
    USB_HP_CAN1_TX_IRQHandler                0x0800027b   Thumb Code     0  startup_stm32f103xb.o(.text)
    USB_LP_CAN1_RX0_IRQHandler               0x0800027b   Thumb Code     0  startup_stm32f103xb.o(.text)
    WWDG_IRQHandler                          0x0800027b   Thumb Code     0  startup_stm32f103xb.o(.text)
    __user_initial_stackheap                 0x0800027d   Thumb Code     0  startup_stm32f103xb.o(.text)
    memcmp                                   0x080002a1   Thumb Code    88  memcmp.o(.text)
    __aeabi_memcpy                           0x080002f9   Thumb Code     0  rt_memcpy_v6.o(.text)
    __rt_memcpy                              0x080002f9   Thumb Code   138  rt_memcpy_v6.o(.text)
    _memcpy_lastbytes                        0x0800035f   Thumb Code     0  rt_memcpy_v6.o(.text)
    __aeabi_memcpy4                          0x08000383   Thumb Code     0  rt_memcpy_w.o(.text)
    __aeabi_memcpy8                          0x08000383   Thumb Code     0  rt_memcpy_w.o(.text)
    __rt_memcpy_w                            0x08000383   Thumb Code   100  rt_memcpy_w.o(.text)
    _memcpy_lastbytes_aligned                0x080003cb   Thumb Code     0  rt_memcpy_w.o(.text)
    __aeabi_memclr                           0x080003e7   Thumb Code     0  rt_memclr.o(.text)
    __rt_memclr                              0x080003e7   Thumb Code    68  rt_memclr.o(.text)
    _memset                                  0x080003eb   Thumb Code     0  rt_memclr.o(.text)
    __aeabi_memclr4                          0x0800042b   Thumb Code     0  rt_memclr_w.o(.text)
    __aeabi_memclr8                          0x0800042b   Thumb Code     0  rt_memclr_w.o(.text)
    __rt_memclr_w                            0x0800042b   Thumb Code    78  rt_memclr_w.o(.text)
    _memset_w                                0x0800042f   Thumb Code     0  rt_memclr_w.o(.text)
    __use_two_region_memory                  0x08000479   Thumb Code     2  heapauxi.o(.text)
    __rt_heap_escrow$2region                 0x0800047b   Thumb Code     2  heapauxi.o(.text)
    __rt_heap_expand$2region                 0x0800047d   Thumb Code     2  heapauxi.o(.text)
    __user_setup_stackheap                   0x0800047f   Thumb Code    74  sys_stackheap_outer.o(.text)
    exit                                     0x080004c9   Thumb Code    18  exit.o(.text)
    __user_libspace                          0x080004dd   Thumb Code     8  libspace.o(.text)
    __user_perproc_libspace                  0x080004dd   Thumb Code     0  libspace.o(.text)
    __user_perthread_libspace                0x080004dd   Thumb Code     0  libspace.o(.text)
    _sys_exit                                0x080004e5   Thumb Code     8  sys_exit.o(.text)
    __I$use$semihosting                      0x080004f1   Thumb Code     0  use_no_semi.o(.text)
    __use_no_semihosting_swi                 0x080004f1   Thumb Code     2  use_no_semi.o(.text)
    BusFault_Handler                         0x080004f3   Thumb Code     2  stm32f1xx_it.o(i.BusFault_Handler)
    __semihosting_library_function           0x080004f3   Thumb Code     0  indicate_semi.o(.text)
    CRC16                                    0x080004f5   Thumb Code    40  crc.o(i.CRC16)
    DMA1_Channel2_IRQHandler                 0x08000521   Thumb Code     6  stm32f1xx_it.o(i.DMA1_Channel2_IRQHandler)
    DMA1_Channel3_IRQHandler                 0x0800052d   Thumb Code     6  stm32f1xx_it.o(i.DMA1_Channel3_IRQHandler)
    DMA1_Channel4_IRQHandler                 0x08000539   Thumb Code     6  stm32f1xx_it.o(i.DMA1_Channel4_IRQHandler)
    DMA1_Channel5_IRQHandler                 0x08000545   Thumb Code     6  stm32f1xx_it.o(i.DMA1_Channel5_IRQHandler)
    DebugMon_Handler                         0x0800057b   Thumb Code     2  stm32f1xx_it.o(i.DebugMon_Handler)
    DoorCallback01                           0x0800057d   Thumb Code     8  freertos.o(i.DoorCallback01)
    DoorCallback02                           0x08000589   Thumb Code     8  freertos.o(i.DoorCallback02)
    DoorCallback03                           0x08000595   Thumb Code     8  freertos.o(i.DoorCallback03)
    DoorCallback04                           0x080005a1   Thumb Code     8  freertos.o(i.DoorCallback04)
    DoorCallback05                           0x080005ad   Thumb Code     8  freertos.o(i.DoorCallback05)
    DoorCallback06                           0x080005b9   Thumb Code     8  freertos.o(i.DoorCallback06)
    Error_Handler                            0x080005c5   Thumb Code     4  main.o(i.Error_Handler)
    HAL_DMA_Abort                            0x080005c9   Thumb Code    70  stm32f1xx_hal_dma.o(i.HAL_DMA_Abort)
    HAL_DMA_Abort_IT                         0x08000611   Thumb Code   148  stm32f1xx_hal_dma.o(i.HAL_DMA_Abort_IT)
    HAL_DMA_IRQHandler                       0x080006a9   Thumb Code   316  stm32f1xx_hal_dma.o(i.HAL_DMA_IRQHandler)
    HAL_DMA_Init                             0x080007fd   Thumb Code    84  stm32f1xx_hal_dma.o(i.HAL_DMA_Init)
    HAL_DMA_Start_IT                         0x08000859   Thumb Code   112  stm32f1xx_hal_dma.o(i.HAL_DMA_Start_IT)
    HAL_Delay                                0x080008c9   Thumb Code    32  stm32f1xx_hal.o(i.HAL_Delay)
    HAL_GPIO_Init                            0x080008ed   Thumb Code   446  stm32f1xx_hal_gpio.o(i.HAL_GPIO_Init)
    HAL_GPIO_WritePin                        0x08000acd   Thumb Code    10  stm32f1xx_hal_gpio.o(i.HAL_GPIO_WritePin)
    HAL_GetTick                              0x08000ad9   Thumb Code     6  stm32f1xx_hal.o(i.HAL_GetTick)
    HAL_IncTick                              0x08000ae5   Thumb Code    12  stm32f1xx_hal.o(i.HAL_IncTick)
    HAL_Init                                 0x08000af5   Thumb Code    32  stm32f1xx_hal.o(i.HAL_Init)
    HAL_InitTick                             0x08000b19   Thumb Code    98  stm32f1xx_hal_timebase_tim.o(i.HAL_InitTick)
    HAL_MspInit                              0x08000b8d   Thumb Code    62  stm32f1xx_hal_msp.o(i.HAL_MspInit)
    HAL_NVIC_EnableIRQ                       0x08000bd5   Thumb Code    26  stm32f1xx_hal_cortex.o(i.HAL_NVIC_EnableIRQ)
    HAL_NVIC_SetPriority                     0x08000bf1   Thumb Code    60  stm32f1xx_hal_cortex.o(i.HAL_NVIC_SetPriority)
    HAL_NVIC_SetPriorityGrouping             0x08000c31   Thumb Code    26  stm32f1xx_hal_cortex.o(i.HAL_NVIC_SetPriorityGrouping)
    HAL_RCC_ClockConfig                      0x08000c55   Thumb Code   280  stm32f1xx_hal_rcc.o(i.HAL_RCC_ClockConfig)
    HAL_RCC_GetClockConfig                   0x08000d81   Thumb Code    54  stm32f1xx_hal_rcc.o(i.HAL_RCC_GetClockConfig)
    HAL_RCC_GetPCLK1Freq                     0x08000dc1   Thumb Code    20  stm32f1xx_hal_rcc.o(i.HAL_RCC_GetPCLK1Freq)
    HAL_RCC_GetPCLK2Freq                     0x08000de1   Thumb Code    20  stm32f1xx_hal_rcc.o(i.HAL_RCC_GetPCLK2Freq)
    HAL_RCC_GetSysClockFreq                  0x08000e01   Thumb Code    74  stm32f1xx_hal_rcc.o(i.HAL_RCC_GetSysClockFreq)
    HAL_RCC_OscConfig                        0x08000e6d   Thumb Code   778  stm32f1xx_hal_rcc.o(i.HAL_RCC_OscConfig)
    HAL_TIMEx_BreakCallback                  0x0800118d   Thumb Code     2  stm32f1xx_hal_tim_ex.o(i.HAL_TIMEx_BreakCallback)
    HAL_TIMEx_CommutCallback                 0x0800118f   Thumb Code     2  stm32f1xx_hal_tim_ex.o(i.HAL_TIMEx_CommutCallback)
    HAL_TIM_Base_Init                        0x08001191   Thumb Code    90  stm32f1xx_hal_tim.o(i.HAL_TIM_Base_Init)
    HAL_TIM_Base_MspInit                     0x080011eb   Thumb Code     2  stm32f1xx_hal_tim.o(i.HAL_TIM_Base_MspInit)
    HAL_TIM_Base_Start_IT                    0x080011ed   Thumb Code    76  stm32f1xx_hal_tim.o(i.HAL_TIM_Base_Start_IT)
    HAL_TIM_IC_CaptureCallback               0x08001245   Thumb Code     2  stm32f1xx_hal_tim.o(i.HAL_TIM_IC_CaptureCallback)
    HAL_TIM_IRQHandler                       0x08001247   Thumb Code   358  stm32f1xx_hal_tim.o(i.HAL_TIM_IRQHandler)
    HAL_TIM_OC_DelayElapsedCallback          0x080013ad   Thumb Code     2  stm32f1xx_hal_tim.o(i.HAL_TIM_OC_DelayElapsedCallback)
    HAL_TIM_PWM_PulseFinishedCallback        0x080013af   Thumb Code     2  stm32f1xx_hal_tim.o(i.HAL_TIM_PWM_PulseFinishedCallback)
    HAL_TIM_PeriodElapsedCallback            0x080013b1   Thumb Code    14  main.o(i.HAL_TIM_PeriodElapsedCallback)
    HAL_TIM_TriggerCallback                  0x080013c5   Thumb Code     2  stm32f1xx_hal_tim.o(i.HAL_TIM_TriggerCallback)
    HAL_UARTEx_RxEventCallback               0x080013c7   Thumb Code     2  stm32f1xx_hal_uart.o(i.HAL_UARTEx_RxEventCallback)
    HAL_UART_DMAStop                         0x080013c9   Thumb Code    88  stm32f1xx_hal_uart.o(i.HAL_UART_DMAStop)
    HAL_UART_ErrorCallback                   0x08001421   Thumb Code     2  stm32f1xx_hal_uart.o(i.HAL_UART_ErrorCallback)
    HAL_UART_IRQHandler                      0x08001425   Thumb Code   520  stm32f1xx_hal_uart.o(i.HAL_UART_IRQHandler)
    HAL_UART_Init                            0x08001631   Thumb Code    98  stm32f1xx_hal_uart.o(i.HAL_UART_Init)
    HAL_UART_MspInit                         0x08001695   Thumb Code   372  usart.o(i.HAL_UART_MspInit)
    HAL_UART_Receive_DMA                     0x08001825   Thumb Code    42  stm32f1xx_hal_uart.o(i.HAL_UART_Receive_DMA)
    HAL_UART_Receive_IT                      0x0800184f   Thumb Code    42  stm32f1xx_hal_uart.o(i.HAL_UART_Receive_IT)
    HAL_UART_RxCpltCallback                  0x08001879   Thumb Code    30  main.o(i.HAL_UART_RxCpltCallback)
    HAL_UART_RxHalfCpltCallback              0x080018a5   Thumb Code     2  stm32f1xx_hal_uart.o(i.HAL_UART_RxHalfCpltCallback)
    HAL_UART_Transmit                        0x080018a9   Thumb Code   178  stm32f1xx_hal_uart.o(i.HAL_UART_Transmit)
    HAL_UART_TxCpltCallback                  0x0800195b   Thumb Code     2  stm32f1xx_hal_uart.o(i.HAL_UART_TxCpltCallback)
    HardFault_Handler                        0x0800195d   Thumb Code     2  stm32f1xx_it.o(i.HardFault_Handler)
    InitRs232                                0x0800195f   Thumb Code     2  rs232.o(i.InitRs232)
    InitRs485                                0x08001961   Thumb Code     4  rs485.o(i.InitRs485)
    InitWeight                               0x08001965   Thumb Code    60  weight.o(i.InitWeight)
    MX_DMA_Init                              0x080019a5   Thumb Code    88  dma.o(i.MX_DMA_Init)
    MX_FREERTOS_Init                         0x08001a01   Thumb Code   154  freertos.o(i.MX_FREERTOS_Init)
    MX_GPIO_Init                             0x08001aa5   Thumb Code   100  gpio.o(i.MX_GPIO_Init)
    MX_USART1_UART_Init                      0x08001b11   Thumb Code    48  usart.o(i.MX_USART1_UART_Init)
    MX_USART3_UART_Init                      0x08001b49   Thumb Code    48  usart.o(i.MX_USART3_UART_Init)
    MemManage_Handler                        0x08001b81   Thumb Code     2  stm32f1xx_it.o(i.MemManage_Handler)
    NMI_Handler                              0x08001b83   Thumb Code     2  stm32f1xx_it.o(i.NMI_Handler)
    Rs232_Rec                                0x08001b85   Thumb Code    68  rs232.o(i.Rs232_Rec)
    Rs232_Send                               0x08001bd9   Thumb Code    12  rs232.o(i.Rs232_Send)
    Rs485_Rec                                0x08001be9   Thumb Code    64  rs485.o(i.Rs485_Rec)
    Rs485_Send                               0x08001c39   Thumb Code    42  rs485.o(i.Rs485_Send)
    SUM_CALIBRATE                            0x08001c69   Thumb Code    26  crc.o(i.SUM_CALIBRATE)
    StartDefaultTask                         0x08001c83   Thumb Code    12  freertos.o(i.StartDefaultTask)
    SysTick_Handler                          0x08001c91   Thumb Code    38  port.o(i.SysTick_Handler)
    SystemClock_Config                       0x08001cbd   Thumb Code    94  main.o(i.SystemClock_Config)
    SystemInit                               0x08001d1b   Thumb Code     2  system_stm32f1xx.o(i.SystemInit)
    TIM1_UP_IRQHandler                       0x08001d1d   Thumb Code     6  stm32f1xx_it.o(i.TIM1_UP_IRQHandler)
    TIM_Base_SetConfig                       0x08001d29   Thumb Code    94  stm32f1xx_hal_tim.o(i.TIM_Base_SetConfig)
    UART_Start_Receive_DMA                   0x08002015   Thumb Code    98  stm32f1xx_hal_uart.o(i.UART_Start_Receive_DMA)
    UART_Start_Receive_IT                    0x08002085   Thumb Code    54  stm32f1xx_hal_uart.o(i.UART_Start_Receive_IT)
    USART1_IRQHandler                        0x08002121   Thumb Code    16  stm32f1xx_it.o(i.USART1_IRQHandler)
    USART3_IRQHandler                        0x08002135   Thumb Code    26  stm32f1xx_it.o(i.USART3_IRQHandler)
    UsageFault_Handler                       0x08002159   Thumb Code     2  stm32f1xx_it.o(i.UsageFault_Handler)
    cmd_master_salve                         0x0800217d   Thumb Code   380  cmd.o(i.cmd_master_salve)
    cmd_salve_master                         0x08002329   Thumb Code   360  cmd.o(i.cmd_salve_master)
    cmd_select                               0x080024d5   Thumb Code   338  cmd.o(i.cmd_select)
    cmd_send_close                           0x08002675   Thumb Code    54  cmd.o(i.cmd_send_close)
    enReceive485                             0x080026c9   Thumb Code    28  rs485.o(i.enReceive485)
    enSend485                                0x080026e9   Thumb Code    28  rs485.o(i.enSend485)
    main                                     0x08002715   Thumb Code   102  main.o(i.main)
    osDelay                                  0x08002795   Thumb Code    14  cmsis_os.o(i.osDelay)
    osKernelStart                            0x080027a3   Thumb Code    10  cmsis_os.o(i.osKernelStart)
    osThreadCreate                           0x080027ad   Thumb Code    84  cmsis_os.o(i.osThreadCreate)
    osTimerCreate                            0x08002801   Thumb Code    60  cmsis_os.o(i.osTimerCreate)
    osTimerStart                             0x08002841   Thumb Code    88  cmsis_os.o(i.osTimerStart)
    pvPortMalloc                             0x0800300d   Thumb Code   210  heap_4.o(i.pvPortMalloc)
    pxPortInitialiseStack                    0x080030e5   Thumb Code    32  port.o(i.pxPortInitialiseStack)
    uxListRemove                             0x08003109   Thumb Code    38  list.o(i.uxListRemove)
    vApplicationGetIdleTaskMemory            0x08003131   Thumb Code    16  freertos.o(i.vApplicationGetIdleTaskMemory)
    vApplicationGetTimerTaskMemory           0x08003145   Thumb Code    18  freertos.o(i.vApplicationGetTimerTaskMemory)
    vListInitialise                          0x0800315d   Thumb Code    22  list.o(i.vListInitialise)
    vListInitialiseItem                      0x08003173   Thumb Code     6  list.o(i.vListInitialiseItem)
    vListInsert                              0x08003179   Thumb Code    48  list.o(i.vListInsert)
    vListInsertEnd                           0x080031a9   Thumb Code    24  list.o(i.vListInsertEnd)
    vPortEnterCritical                       0x080031c1   Thumb Code    54  port.o(i.vPortEnterCritical)
    vPortExitCritical                        0x08003201   Thumb Code    34  port.o(i.vPortExitCritical)
    vPortFree                                0x08003229   Thumb Code    88  heap_4.o(i.vPortFree)
    vPortSetupTimerInterrupt                 0x08003285   Thumb Code    32  port.o(i.vPortSetupTimerInterrupt)
    vPortValidateInterruptPriority           0x080032a9   Thumb Code    74  port.o(i.vPortValidateInterruptPriority)
    vQueueAddToRegistry                      0x080032fd   Thumb Code    34  queue.o(i.vQueueAddToRegistry)
    vQueueWaitForMessageRestricted           0x08003325   Thumb Code    68  queue.o(i.vQueueWaitForMessageRestricted)
    vTaskDelay                               0x08003369   Thumb Code    66  tasks.o(i.vTaskDelay)
    vTaskInternalSetTimeOutState             0x080033b5   Thumb Code    12  tasks.o(i.vTaskInternalSetTimeOutState)
    vTaskMissedYield                         0x080033c5   Thumb Code     8  tasks.o(i.vTaskMissedYield)
    vTaskPlaceOnEventList                    0x080033d1   Thumb Code    44  tasks.o(i.vTaskPlaceOnEventList)
    vTaskPlaceOnEventListRestricted          0x08003401   Thumb Code    52  tasks.o(i.vTaskPlaceOnEventListRestricted)
    vTaskStartScheduler                      0x08003439   Thumb Code   118  tasks.o(i.vTaskStartScheduler)
    vTaskSuspendAll                          0x080034c1   Thumb Code    10  tasks.o(i.vTaskSuspendAll)
    vTaskSwitchContext                       0x080034d1   Thumb Code    82  tasks.o(i.vTaskSwitchContext)
    xPortStartScheduler                      0x0800352d   Thumb Code   154  port.o(i.xPortStartScheduler)
    xQueueGenericCreateStatic                0x080035d5   Thumb Code   102  queue.o(i.xQueueGenericCreateStatic)
    xQueueGenericReset                       0x0800363d   Thumb Code   132  queue.o(i.xQueueGenericReset)
    xQueueGenericSend                        0x080036c5   Thumb Code   346  queue.o(i.xQueueGenericSend)
    xQueueGenericSendFromISR                 0x08003825   Thumb Code   188  queue.o(i.xQueueGenericSendFromISR)
    xQueueReceive                            0x080038e1   Thumb Code   308  queue.o(i.xQueueReceive)
    xTaskCheckForTimeOut                     0x08003a19   Thumb Code   112  tasks.o(i.xTaskCheckForTimeOut)
    xTaskCreate                              0x08003a8d   Thumb Code    90  tasks.o(i.xTaskCreate)
    xTaskCreateStatic                        0x08003ae7   Thumb Code    86  tasks.o(i.xTaskCreateStatic)
    xTaskGetSchedulerState                   0x08003b3d   Thumb Code    22  tasks.o(i.xTaskGetSchedulerState)
    xTaskGetTickCount                        0x08003b59   Thumb Code     6  tasks.o(i.xTaskGetTickCount)
    xTaskIncrementTick                       0x08003b65   Thumb Code   192  tasks.o(i.xTaskIncrementTick)
    xTaskPriorityDisinherit                  0x08003c2d   Thumb Code   144  tasks.o(i.xTaskPriorityDisinherit)
    xTaskRemoveFromEventList                 0x08003cc5   Thumb Code   108  tasks.o(i.xTaskRemoveFromEventList)
    xTaskResumeAll                           0x08003d39   Thumb Code   182  tasks.o(i.xTaskResumeAll)
    xTimerCreate                             0x08003dfd   Thumb Code    52  timers.o(i.xTimerCreate)
    xTimerCreateStatic                       0x08003e31   Thumb Code    46  timers.o(i.xTimerCreateStatic)
    xTimerCreateTimerTask                    0x08003e61   Thumb Code    78  timers.o(i.xTimerCreateTimerTask)
    xTimerGenericCommand                     0x08003ec1   Thumb Code    92  timers.o(i.xTimerGenericCommand)
    AHBPrescTable                            0x08003f6c   Data          16  system_stm32f1xx.o(.constdata)
    APBPrescTable                            0x08003f7c   Data           8  system_stm32f1xx.o(.constdata)
    Region$$Table$$Base                      0x08003f90   Number         0  anon$$obj.o(Region$$Table)
    Region$$Table$$Limit                     0x08003fb0   Number         0  anon$$obj.o(Region$$Table)
    open_reply_pack                          0x20000000   Data          13  protocol.o(.data)
    moter_pack                               0x2000000d   Data           6  protocol.o(.data)
    close_pack                               0x20000013   Data           6  protocol.o(.data)
    read_motor_pack                          0x20000019   Data           5  protocol.o(.data)
    read_weight_pack                         0x2000001e   Data           8  protocol.o(.data)
    write_10kg_pack                          0x20000026   Data          13  protocol.o(.data)
    cs_reply_pack                            0x20000033   Data          12  protocol.o(.data)
    calib_reply_pack                         0x2000003f   Data          13  protocol.o(.data)
    calib_pack                               0x2000004c   Data           8  protocol.o(.data)
    searchreply_pack                         0x20000054   Data          20  protocol.o(.data)
    writemotor_reply_pack                    0x20000068   Data           6  protocol.o(.data)
    replymotor_pack                          0x2000006e   Data           7  protocol.o(.data)
    calib_pack_receive                       0x20000075   Data           8  protocol.o(.data)
    sendFlag232                              0x20000284   Data           1  main.o(.data)
    sendFlag485                              0x20000285   Data           1  main.o(.data)
    closeFlag1                               0x20000286   Data           1  main.o(.data)
    closeFlag2                               0x20000287   Data           1  main.o(.data)
    closeFlag3                               0x20000288   Data           1  main.o(.data)
    closeFlag4                               0x20000289   Data           1  main.o(.data)
    closeFlag5                               0x2000028a   Data           1  main.o(.data)
    closeFlag6                               0x2000028b   Data           1  main.o(.data)
    Rx_len485                                0x2000028c   Data           1  main.o(.data)
    Rx_len232                                0x2000028d   Data           1  main.o(.data)
    defaultTaskHandle                        0x20000290   Data           4  freertos.o(.data)
    DoorTimer01Handle                        0x20000294   Data           4  freertos.o(.data)
    DoorTimer02Handle                        0x20000298   Data           4  freertos.o(.data)
    DoorTimer03Handle                        0x2000029c   Data           4  freertos.o(.data)
    DoorTimer04Handle                        0x200002a0   Data           4  freertos.o(.data)
    DoorTimer05Handle                        0x200002a4   Data           4  freertos.o(.data)
    DoorTimer06Handle                        0x200002a8   Data           4  freertos.o(.data)
    uwTickFreq                               0x200002ac   Data           1  stm32f1xx_hal.o(.data)
    uwTickPrio                               0x200002b0   Data           4  stm32f1xx_hal.o(.data)
    uwTick                                   0x200002b4   Data           4  stm32f1xx_hal.o(.data)
    SystemCoreClock                          0x200002b8   Data           4  system_stm32f1xx.o(.data)
    pxCurrentTCB                             0x200002bc   Data           4  tasks.o(.data)
    open_pack                                0x20000330   Data          13  protocol.o(.bss)
    reply_weight_pack                        0x2000033d   Data           9  protocol.o(.bss)
    cali_search_pack                         0x20000346   Data          12  protocol.o(.bss)
    ReceiveBuff485                           0x20000452   Data         255  main.o(.bss)
    ReceiveBuff232                           0x20000551   Data         255  main.o(.bss)
    TransmitBuff485                          0x20000650   Data         255  main.o(.bss)
    TransmitBuff232                          0x2000074f   Data         255  main.o(.bss)
    huart1                                   0x20000ef8   Data          68  usart.o(.bss)
    huart3                                   0x20000f3c   Data          68  usart.o(.bss)
    hdma_usart1_rx                           0x20000f80   Data          68  usart.o(.bss)
    hdma_usart1_tx                           0x20000fc4   Data          68  usart.o(.bss)
    hdma_usart3_rx                           0x20001008   Data          68  usart.o(.bss)
    hdma_usart3_tx                           0x2000104c   Data          68  usart.o(.bss)
    htim1                                    0x20001090   Data          72  stm32f1xx_hal_timebase_tim.o(.bss)
    xQueueRegistry                           0x200010d8   Data          64  queue.o(.bss)
    __libspace_start                         0x20001ef0   Data          96  libspace.o(.bss)
    __temporary_stack_top$libspace           0x20001f50   Data           0  libspace.o(.bss)



==============================================================================

Memory Map of the image

  Image Entry point : 0x080000ed

  Load Region LR_IROM1 (Base: 0x08000000, Size: 0x000042e0, Max: 0x00010000, ABSOLUTE, COMPRESSED[0x00004120])

    Execution Region ER_IROM1 (Exec base: 0x08000000, Load base: 0x08000000, Size: 0x00003fb0, Max: 0x00010000, ABSOLUTE)

    Exec Addr    Load Addr    Size         Type   Attr      Idx    E Section Name        Object

    0x08000000   0x08000000   0x000000ec   Data   RO            3    RESET               startup_stm32f103xb.o
    0x080000ec   0x080000ec   0x00000008   Code   RO         4613  * !!!main             c_w.l(__main.o)
    0x080000f4   0x080000f4   0x00000034   Code   RO         4772    !!!scatter          c_w.l(__scatter.o)
    0x08000128   0x08000128   0x0000005a   Code   RO         4770    !!dczerorl2         c_w.l(__dczerorl2.o)
    0x08000182   0x08000182   0x00000002   PAD
    0x08000184   0x08000184   0x0000001c   Code   RO         4774    !!handler_zi        c_w.l(__scatter_zi.o)
    0x080001a0   0x080001a0   0x00000002   Code   RO         4640    .ARM.Collect$$libinit$$00000000  c_w.l(libinit.o)
    0x080001a2   0x080001a2   0x00000000   Code   RO         4647    .ARM.Collect$$libinit$$00000002  c_w.l(libinit2.o)
    0x080001a2   0x080001a2   0x00000000   Code   RO         4649    .ARM.Collect$$libinit$$00000004  c_w.l(libinit2.o)
    0x080001a2   0x080001a2   0x00000000   Code   RO         4652    .ARM.Collect$$libinit$$0000000A  c_w.l(libinit2.o)
    0x080001a2   0x080001a2   0x00000000   Code   RO         4654    .ARM.Collect$$libinit$$0000000C  c_w.l(libinit2.o)
    0x080001a2   0x080001a2   0x00000000   Code   RO         4656    .ARM.Collect$$libinit$$0000000E  c_w.l(libinit2.o)
    0x080001a2   0x080001a2   0x00000000   Code   RO         4659    .ARM.Collect$$libinit$$00000011  c_w.l(libinit2.o)
    0x080001a2   0x080001a2   0x00000000   Code   RO         4661    .ARM.Collect$$libinit$$00000013  c_w.l(libinit2.o)
    0x080001a2   0x080001a2   0x00000000   Code   RO         4663    .ARM.Collect$$libinit$$00000015  c_w.l(libinit2.o)
    0x080001a2   0x080001a2   0x00000000   Code   RO         4665    .ARM.Collect$$libinit$$00000017  c_w.l(libinit2.o)
    0x080001a2   0x080001a2   0x00000000   Code   RO         4667    .ARM.Collect$$libinit$$00000019  c_w.l(libinit2.o)
    0x080001a2   0x080001a2   0x00000000   Code   RO         4669    .ARM.Collect$$libinit$$0000001B  c_w.l(libinit2.o)
    0x080001a2   0x080001a2   0x00000000   Code   RO         4671    .ARM.Collect$$libinit$$0000001D  c_w.l(libinit2.o)
    0x080001a2   0x080001a2   0x00000000   Code   RO         4673    .ARM.Collect$$libinit$$0000001F  c_w.l(libinit2.o)
    0x080001a2   0x080001a2   0x00000000   Code   RO         4675    .ARM.Collect$$libinit$$00000021  c_w.l(libinit2.o)
    0x080001a2   0x080001a2   0x00000000   Code   RO         4677    .ARM.Collect$$libinit$$00000023  c_w.l(libinit2.o)
    0x080001a2   0x080001a2   0x00000000   Code   RO         4679    .ARM.Collect$$libinit$$00000025  c_w.l(libinit2.o)
    0x080001a2   0x080001a2   0x00000000   Code   RO         4683    .ARM.Collect$$libinit$$0000002C  c_w.l(libinit2.o)
    0x080001a2   0x080001a2   0x00000000   Code   RO         4685    .ARM.Collect$$libinit$$0000002E  c_w.l(libinit2.o)
    0x080001a2   0x080001a2   0x00000000   Code   RO         4687    .ARM.Collect$$libinit$$00000030  c_w.l(libinit2.o)
    0x080001a2   0x080001a2   0x00000000   Code   RO         4689    .ARM.Collect$$libinit$$00000032  c_w.l(libinit2.o)
    0x080001a2   0x080001a2   0x00000002   Code   RO         4690    .ARM.Collect$$libinit$$00000033  c_w.l(libinit2.o)
    0x080001a4   0x080001a4   0x00000002   Code   RO         4710    .ARM.Collect$$libshutdown$$00000000  c_w.l(libshutdown.o)
    0x080001a6   0x080001a6   0x00000000   Code   RO         4723    .ARM.Collect$$libshutdown$$00000002  c_w.l(libshutdown2.o)
    0x080001a6   0x080001a6   0x00000000   Code   RO         4725    .ARM.Collect$$libshutdown$$00000004  c_w.l(libshutdown2.o)
    0x080001a6   0x080001a6   0x00000000   Code   RO         4728    .ARM.Collect$$libshutdown$$00000007  c_w.l(libshutdown2.o)
    0x080001a6   0x080001a6   0x00000000   Code   RO         4731    .ARM.Collect$$libshutdown$$0000000A  c_w.l(libshutdown2.o)
    0x080001a6   0x080001a6   0x00000000   Code   RO         4733    .ARM.Collect$$libshutdown$$0000000C  c_w.l(libshutdown2.o)
    0x080001a6   0x080001a6   0x00000000   Code   RO         4736    .ARM.Collect$$libshutdown$$0000000F  c_w.l(libshutdown2.o)
    0x080001a6   0x080001a6   0x00000002   Code   RO         4737    .ARM.Collect$$libshutdown$$00000010  c_w.l(libshutdown2.o)
    0x080001a8   0x080001a8   0x00000000   Code   RO         4615    .ARM.Collect$$rtentry$$00000000  c_w.l(__rtentry.o)
    0x080001a8   0x080001a8   0x00000000   Code   RO         4617    .ARM.Collect$$rtentry$$00000002  c_w.l(__rtentry2.o)
    0x080001a8   0x080001a8   0x00000006   Code   RO         4629    .ARM.Collect$$rtentry$$00000004  c_w.l(__rtentry4.o)
    0x080001ae   0x080001ae   0x00000000   Code   RO         4619    .ARM.Collect$$rtentry$$00000009  c_w.l(__rtentry2.o)
    0x080001ae   0x080001ae   0x00000004   Code   RO         4620    .ARM.Collect$$rtentry$$0000000A  c_w.l(__rtentry2.o)
    0x080001b2   0x080001b2   0x00000000   Code   RO         4622    .ARM.Collect$$rtentry$$0000000C  c_w.l(__rtentry2.o)
    0x080001b2   0x080001b2   0x00000008   Code   RO         4623    .ARM.Collect$$rtentry$$0000000D  c_w.l(__rtentry2.o)
    0x080001ba   0x080001ba   0x00000002   Code   RO         4644    .ARM.Collect$$rtexit$$00000000  c_w.l(rtexit.o)
    0x080001bc   0x080001bc   0x00000000   Code   RO         4692    .ARM.Collect$$rtexit$$00000002  c_w.l(rtexit2.o)
    0x080001bc   0x080001bc   0x00000004   Code   RO         4693    .ARM.Collect$$rtexit$$00000003  c_w.l(rtexit2.o)
    0x080001c0   0x080001c0   0x00000006   Code   RO         4694    .ARM.Collect$$rtexit$$00000004  c_w.l(rtexit2.o)
    0x080001c6   0x080001c6   0x00000002   PAD
    0x080001c8   0x080001c8   0x00000096   Code   RO         4518    .emb_text           port.o
    0x0800025e   0x0800025e   0x00000002   PAD
    0x08000260   0x08000260   0x00000040   Code   RO            4    .text               startup_stm32f103xb.o
    0x080002a0   0x080002a0   0x00000058   Code   RO         4599    .text               c_w.l(memcmp.o)
    0x080002f8   0x080002f8   0x0000008a   Code   RO         4601    .text               c_w.l(rt_memcpy_v6.o)
    0x08000382   0x08000382   0x00000064   Code   RO         4603    .text               c_w.l(rt_memcpy_w.o)
    0x080003e6   0x080003e6   0x00000044   Code   RO         4607    .text               c_w.l(rt_memclr.o)
    0x0800042a   0x0800042a   0x0000004e   Code   RO         4609    .text               c_w.l(rt_memclr_w.o)
    0x08000478   0x08000478   0x00000006   Code   RO         4611    .text               c_w.l(heapauxi.o)
    0x0800047e   0x0800047e   0x0000004a   Code   RO         4631    .text               c_w.l(sys_stackheap_outer.o)
    0x080004c8   0x080004c8   0x00000012   Code   RO         4633    .text               c_w.l(exit.o)
    0x080004da   0x080004da   0x00000002   PAD
    0x080004dc   0x080004dc   0x00000008   Code   RO         4641    .text               c_w.l(libspace.o)
    0x080004e4   0x080004e4   0x0000000c   Code   RO         4702    .text               c_w.l(sys_exit.o)
    0x080004f0   0x080004f0   0x00000002   Code   RO         4713    .text               c_w.l(use_no_semi.o)
    0x080004f2   0x080004f2   0x00000000   Code   RO         4715    .text               c_w.l(indicate_semi.o)
    0x080004f2   0x080004f2   0x00000002   Code   RO          671    i.BusFault_Handler  stm32f1xx_it.o
    0x080004f4   0x080004f4   0x0000002c   Code   RO          183    i.CRC16             crc.o
    0x08000520   0x08000520   0x0000000c   Code   RO          672    i.DMA1_Channel2_IRQHandler  stm32f1xx_it.o
    0x0800052c   0x0800052c   0x0000000c   Code   RO          673    i.DMA1_Channel3_IRQHandler  stm32f1xx_it.o
    0x08000538   0x08000538   0x0000000c   Code   RO          674    i.DMA1_Channel4_IRQHandler  stm32f1xx_it.o
    0x08000544   0x08000544   0x0000000c   Code   RO          675    i.DMA1_Channel5_IRQHandler  stm32f1xx_it.o
    0x08000550   0x08000550   0x0000002a   Code   RO         1245    i.DMA_SetConfig     stm32f1xx_hal_dma.o
    0x0800057a   0x0800057a   0x00000002   Code   RO          676    i.DebugMon_Handler  stm32f1xx_it.o
    0x0800057c   0x0800057c   0x0000000c   Code   RO          495    i.DoorCallback01    freertos.o
    0x08000588   0x08000588   0x0000000c   Code   RO          496    i.DoorCallback02    freertos.o
    0x08000594   0x08000594   0x0000000c   Code   RO          497    i.DoorCallback03    freertos.o
    0x080005a0   0x080005a0   0x0000000c   Code   RO          498    i.DoorCallback04    freertos.o
    0x080005ac   0x080005ac   0x0000000c   Code   RO          499    i.DoorCallback05    freertos.o
    0x080005b8   0x080005b8   0x0000000c   Code   RO          500    i.DoorCallback06    freertos.o
    0x080005c4   0x080005c4   0x00000004   Code   RO          382    i.Error_Handler     main.o
    0x080005c8   0x080005c8   0x00000046   Code   RO         1246    i.HAL_DMA_Abort     stm32f1xx_hal_dma.o
    0x0800060e   0x0800060e   0x00000002   PAD
    0x08000610   0x08000610   0x00000098   Code   RO         1247    i.HAL_DMA_Abort_IT  stm32f1xx_hal_dma.o
    0x080006a8   0x080006a8   0x00000154   Code   RO         1251    i.HAL_DMA_IRQHandler  stm32f1xx_hal_dma.o
    0x080007fc   0x080007fc   0x0000005c   Code   RO         1252    i.HAL_DMA_Init      stm32f1xx_hal_dma.o
    0x08000858   0x08000858   0x00000070   Code   RO         1256    i.HAL_DMA_Start_IT  stm32f1xx_hal_dma.o
    0x080008c8   0x080008c8   0x00000024   Code   RO          874    i.HAL_Delay         stm32f1xx_hal.o
    0x080008ec   0x080008ec   0x000001e0   Code   RO         1182    i.HAL_GPIO_Init     stm32f1xx_hal_gpio.o
    0x08000acc   0x08000acc   0x0000000a   Code   RO         1186    i.HAL_GPIO_WritePin  stm32f1xx_hal_gpio.o
    0x08000ad6   0x08000ad6   0x00000002   PAD
    0x08000ad8   0x08000ad8   0x0000000c   Code   RO          878    i.HAL_GetTick       stm32f1xx_hal.o
    0x08000ae4   0x08000ae4   0x00000010   Code   RO          884    i.HAL_IncTick       stm32f1xx_hal.o
    0x08000af4   0x08000af4   0x00000024   Code   RO          885    i.HAL_Init          stm32f1xx_hal.o
    0x08000b18   0x08000b18   0x00000074   Code   RO          792    i.HAL_InitTick      stm32f1xx_hal_timebase_tim.o
    0x08000b8c   0x08000b8c   0x00000048   Code   RO          768    i.HAL_MspInit       stm32f1xx_hal_msp.o
    0x08000bd4   0x08000bd4   0x0000001a   Code   RO         1342    i.HAL_NVIC_EnableIRQ  stm32f1xx_hal_cortex.o
    0x08000bee   0x08000bee   0x00000002   PAD
    0x08000bf0   0x08000bf0   0x00000040   Code   RO         1348    i.HAL_NVIC_SetPriority  stm32f1xx_hal_cortex.o
    0x08000c30   0x08000c30   0x00000024   Code   RO         1349    i.HAL_NVIC_SetPriorityGrouping  stm32f1xx_hal_cortex.o
    0x08000c54   0x08000c54   0x0000012c   Code   RO         1042    i.HAL_RCC_ClockConfig  stm32f1xx_hal_rcc.o
    0x08000d80   0x08000d80   0x00000040   Code   RO         1046    i.HAL_RCC_GetClockConfig  stm32f1xx_hal_rcc.o
    0x08000dc0   0x08000dc0   0x00000020   Code   RO         1049    i.HAL_RCC_GetPCLK1Freq  stm32f1xx_hal_rcc.o
    0x08000de0   0x08000de0   0x00000020   Code   RO         1050    i.HAL_RCC_GetPCLK2Freq  stm32f1xx_hal_rcc.o
    0x08000e00   0x08000e00   0x0000006c   Code   RO         1051    i.HAL_RCC_GetSysClockFreq  stm32f1xx_hal_rcc.o
    0x08000e6c   0x08000e6c   0x00000320   Code   RO         1054    i.HAL_RCC_OscConfig  stm32f1xx_hal_rcc.o
    0x0800118c   0x0800118c   0x00000002   Code   RO         2548    i.HAL_TIMEx_BreakCallback  stm32f1xx_hal_tim_ex.o
    0x0800118e   0x0800118e   0x00000002   Code   RO         2549    i.HAL_TIMEx_CommutCallback  stm32f1xx_hal_tim_ex.o
    0x08001190   0x08001190   0x0000005a   Code   RO         1844    i.HAL_TIM_Base_Init  stm32f1xx_hal_tim.o
    0x080011ea   0x080011ea   0x00000002   Code   RO         1846    i.HAL_TIM_Base_MspInit  stm32f1xx_hal_tim.o
    0x080011ec   0x080011ec   0x00000058   Code   RO         1849    i.HAL_TIM_Base_Start_IT  stm32f1xx_hal_tim.o
    0x08001244   0x08001244   0x00000002   Code   RO         1878    i.HAL_TIM_IC_CaptureCallback  stm32f1xx_hal_tim.o
    0x08001246   0x08001246   0x00000166   Code   RO         1892    i.HAL_TIM_IRQHandler  stm32f1xx_hal_tim.o
    0x080013ac   0x080013ac   0x00000002   Code   RO         1895    i.HAL_TIM_OC_DelayElapsedCallback  stm32f1xx_hal_tim.o
    0x080013ae   0x080013ae   0x00000002   Code   RO         1922    i.HAL_TIM_PWM_PulseFinishedCallback  stm32f1xx_hal_tim.o
    0x080013b0   0x080013b0   0x00000014   Code   RO          383    i.HAL_TIM_PeriodElapsedCallback  main.o
    0x080013c4   0x080013c4   0x00000002   Code   RO         1935    i.HAL_TIM_TriggerCallback  stm32f1xx_hal_tim.o
    0x080013c6   0x080013c6   0x00000002   Code   RO         2826    i.HAL_UARTEx_RxEventCallback  stm32f1xx_hal_uart.o
    0x080013c8   0x080013c8   0x00000058   Code   RO         2838    i.HAL_UART_DMAStop  stm32f1xx_hal_uart.o
    0x08001420   0x08001420   0x00000002   Code   RO         2840    i.HAL_UART_ErrorCallback  stm32f1xx_hal_uart.o
    0x08001422   0x08001422   0x00000002   PAD
    0x08001424   0x08001424   0x0000020c   Code   RO         2843    i.HAL_UART_IRQHandler  stm32f1xx_hal_uart.o
    0x08001630   0x08001630   0x00000062   Code   RO         2844    i.HAL_UART_Init     stm32f1xx_hal_uart.o
    0x08001692   0x08001692   0x00000002   PAD
    0x08001694   0x08001694   0x00000190   Code   RO          620    i.HAL_UART_MspInit  usart.o
    0x08001824   0x08001824   0x0000002a   Code   RO         2848    i.HAL_UART_Receive_DMA  stm32f1xx_hal_uart.o
    0x0800184e   0x0800184e   0x0000002a   Code   RO         2849    i.HAL_UART_Receive_IT  stm32f1xx_hal_uart.o
    0x08001878   0x08001878   0x0000002c   Code   RO          384    i.HAL_UART_RxCpltCallback  main.o
    0x080018a4   0x080018a4   0x00000002   Code   RO         2851    i.HAL_UART_RxHalfCpltCallback  stm32f1xx_hal_uart.o
    0x080018a6   0x080018a6   0x00000002   PAD
    0x080018a8   0x080018a8   0x000000b2   Code   RO         2852    i.HAL_UART_Transmit  stm32f1xx_hal_uart.o
    0x0800195a   0x0800195a   0x00000002   Code   RO         2855    i.HAL_UART_TxCpltCallback  stm32f1xx_hal_uart.o
    0x0800195c   0x0800195c   0x00000002   Code   RO          677    i.HardFault_Handler  stm32f1xx_it.o
    0x0800195e   0x0800195e   0x00000002   Code   RO           44    i.InitRs232         rs232.o
    0x08001960   0x08001960   0x00000004   Code   RO          209    i.InitRs485         rs485.o
    0x08001964   0x08001964   0x00000040   Code   RO          357    i.InitWeight        weight.o
    0x080019a4   0x080019a4   0x0000005c   Code   RO          595    i.MX_DMA_Init       dma.o
    0x08001a00   0x08001a00   0x000000a4   Code   RO          501    i.MX_FREERTOS_Init  freertos.o
    0x08001aa4   0x08001aa4   0x0000006c   Code   RO          471    i.MX_GPIO_Init      gpio.o
    0x08001b10   0x08001b10   0x00000038   Code   RO          621    i.MX_USART1_UART_Init  usart.o
    0x08001b48   0x08001b48   0x00000038   Code   RO          622    i.MX_USART3_UART_Init  usart.o
    0x08001b80   0x08001b80   0x00000002   Code   RO          678    i.MemManage_Handler  stm32f1xx_it.o
    0x08001b82   0x08001b82   0x00000002   Code   RO          679    i.NMI_Handler       stm32f1xx_it.o
    0x08001b84   0x08001b84   0x00000054   Code   RO           45    i.Rs232_Rec         rs232.o
    0x08001bd8   0x08001bd8   0x00000010   Code   RO           46    i.Rs232_Send        rs232.o
    0x08001be8   0x08001be8   0x00000050   Code   RO          210    i.Rs485_Rec         rs485.o
    0x08001c38   0x08001c38   0x00000030   Code   RO          211    i.Rs485_Send        rs485.o
    0x08001c68   0x08001c68   0x0000001a   Code   RO          184    i.SUM_CALIBRATE     crc.o
    0x08001c82   0x08001c82   0x0000000c   Code   RO          502    i.StartDefaultTask  freertos.o
    0x08001c8e   0x08001c8e   0x00000002   PAD
    0x08001c90   0x08001c90   0x0000002c   Code   RO         4519    i.SysTick_Handler   port.o
    0x08001cbc   0x08001cbc   0x0000005e   Code   RO          385    i.SystemClock_Config  main.o
    0x08001d1a   0x08001d1a   0x00000002   Code   RO         3173    i.SystemInit        system_stm32f1xx.o
    0x08001d1c   0x08001d1c   0x0000000c   Code   RO          680    i.TIM1_UP_IRQHandler  stm32f1xx_it.o
    0x08001d28   0x08001d28   0x0000006c   Code   RO         1937    i.TIM_Base_SetConfig  stm32f1xx_hal_tim.o
    0x08001d94   0x08001d94   0x00000010   Code   RO         2857    i.UART_DMAAbortOnError  stm32f1xx_hal_uart.o
    0x08001da4   0x08001da4   0x0000004a   Code   RO         2858    i.UART_DMAError     stm32f1xx_hal_uart.o
    0x08001dee   0x08001dee   0x0000005a   Code   RO         2859    i.UART_DMAReceiveCplt  stm32f1xx_hal_uart.o
    0x08001e48   0x08001e48   0x0000001a   Code   RO         2861    i.UART_DMARxHalfCplt  stm32f1xx_hal_uart.o
    0x08001e62   0x08001e62   0x00000030   Code   RO         2867    i.UART_EndRxTransfer  stm32f1xx_hal_uart.o
    0x08001e92   0x08001e92   0x00000012   Code   RO         2868    i.UART_EndTxTransfer  stm32f1xx_hal_uart.o
    0x08001ea4   0x08001ea4   0x000000b6   Code   RO         2869    i.UART_Receive_IT   stm32f1xx_hal_uart.o
    0x08001f5a   0x08001f5a   0x00000002   PAD
    0x08001f5c   0x08001f5c   0x000000b8   Code   RO         2870    i.UART_SetConfig    stm32f1xx_hal_uart.o
    0x08002014   0x08002014   0x00000070   Code   RO         2871    i.UART_Start_Receive_DMA  stm32f1xx_hal_uart.o
    0x08002084   0x08002084   0x00000036   Code   RO         2872    i.UART_Start_Receive_IT  stm32f1xx_hal_uart.o
    0x080020ba   0x080020ba   0x00000064   Code   RO         2873    i.UART_WaitOnFlagUntilTimeout  stm32f1xx_hal_uart.o
    0x0800211e   0x0800211e   0x00000002   PAD
    0x08002120   0x08002120   0x00000014   Code   RO          681    i.USART1_IRQHandler  stm32f1xx_it.o
    0x08002134   0x08002134   0x00000024   Code   RO          682    i.USART3_IRQHandler  stm32f1xx_it.o
    0x08002158   0x08002158   0x00000002   Code   RO          683    i.UsageFault_Handler  stm32f1xx_it.o
    0x0800215a   0x0800215a   0x00000020   Code   RO         1355    i.__NVIC_SetPriority  stm32f1xx_hal_cortex.o
    0x0800217a   0x0800217a   0x00000002   PAD
    0x0800217c   0x0800217c   0x000001ac   Code   RO          256    i.cmd_master_salve  cmd.o
    0x08002328   0x08002328   0x000001ac   Code   RO          257    i.cmd_salve_master  cmd.o
    0x080024d4   0x080024d4   0x000001a0   Code   RO          258    i.cmd_select        cmd.o
    0x08002674   0x08002674   0x00000054   Code   RO          259    i.cmd_send_close    cmd.o
    0x080026c8   0x080026c8   0x00000020   Code   RO          212    i.enReceive485      rs485.o
    0x080026e8   0x080026e8   0x00000020   Code   RO          213    i.enSend485         rs485.o
    0x08002708   0x08002708   0x0000000c   Code   RO         4100    i.inHandlerMode     cmsis_os.o
    0x08002714   0x08002714   0x00000074   Code   RO          386    i.main              main.o
    0x08002788   0x08002788   0x0000000c   Code   RO         4102    i.makeFreeRtosPriority  cmsis_os.o
    0x08002794   0x08002794   0x0000000e   Code   RO         4104    i.osDelay           cmsis_os.o
    0x080027a2   0x080027a2   0x0000000a   Code   RO         4107    i.osKernelStart     cmsis_os.o
    0x080027ac   0x080027ac   0x00000054   Code   RO         4141    i.osThreadCreate    cmsis_os.o
    0x08002800   0x08002800   0x00000040   Code   RO         4152    i.osTimerCreate     cmsis_os.o
    0x08002840   0x08002840   0x0000005c   Code   RO         4154    i.osTimerStart      cmsis_os.o
    0x0800289c   0x0800289c   0x00000070   Code   RO         3672    i.prvAddCurrentTaskToDelayedList  tasks.o
    0x0800290c   0x0800290c   0x000000d0   Code   RO         3673    i.prvAddNewTaskToReadyList  tasks.o
    0x080029dc   0x080029dc   0x00000058   Code   RO         3971    i.prvCheckForValidListAndQueue  timers.o
    0x08002a34   0x08002a34   0x00000026   Code   RO         3351    i.prvCopyDataFromQueue  queue.o
    0x08002a5a   0x08002a5a   0x0000006c   Code   RO         3352    i.prvCopyDataToQueue  queue.o
    0x08002ac6   0x08002ac6   0x00000034   Code   RO         3674    i.prvDeleteTCB      tasks.o
    0x08002afa   0x08002afa   0x00000002   PAD
    0x08002afc   0x08002afc   0x0000004c   Code   RO         4469    i.prvHeapInit       heap_4.o
    0x08002b48   0x08002b48   0x00000060   Code   RO         3675    i.prvIdleTask       tasks.o
    0x08002ba8   0x08002ba8   0x00000016   Code   RO         3354    i.prvInitialiseNewQueue  queue.o
    0x08002bbe   0x08002bbe   0x0000008e   Code   RO         3676    i.prvInitialiseNewTask  tasks.o
    0x08002c4c   0x08002c4c   0x00000044   Code   RO         3972    i.prvInitialiseNewTimer  timers.o
    0x08002c90   0x08002c90   0x0000004c   Code   RO         4470    i.prvInsertBlockIntoFreeList  heap_4.o
    0x08002cdc   0x08002cdc   0x00000038   Code   RO         3973    i.prvInsertTimerInActiveList  timers.o
    0x08002d14   0x08002d14   0x0000001c   Code   RO         3355    i.prvIsQueueEmpty   queue.o
    0x08002d30   0x08002d30   0x000000bc   Code   RO         3974    i.prvProcessReceivedCommands  timers.o
    0x08002dec   0x08002dec   0x000000b4   Code   RO         3975    i.prvProcessTimerOrBlockTask  timers.o
    0x08002ea0   0x08002ea0   0x00000020   Code   RO         3677    i.prvResetNextTaskUnblockTime  tasks.o
    0x08002ec0   0x08002ec0   0x00000028   Code   RO         3976    i.prvSampleTimeNow  timers.o
    0x08002ee8   0x08002ee8   0x0000006c   Code   RO         3977    i.prvSwitchTimerLists  timers.o
    0x08002f54   0x08002f54   0x00000028   Code   RO         4520    i.prvTaskExitError  port.o
    0x08002f7c   0x08002f7c   0x00000024   Code   RO         3978    i.prvTimerTask      timers.o
    0x08002fa0   0x08002fa0   0x0000006a   Code   RO         3356    i.prvUnlockQueue    queue.o
    0x0800300a   0x0800300a   0x00000002   PAD
    0x0800300c   0x0800300c   0x000000d8   Code   RO         4471    i.pvPortMalloc      heap_4.o
    0x080030e4   0x080030e4   0x00000024   Code   RO         4521    i.pxPortInitialiseStack  port.o
    0x08003108   0x08003108   0x00000026   Code   RO         3311    i.uxListRemove      list.o
    0x0800312e   0x0800312e   0x00000002   PAD
    0x08003130   0x08003130   0x00000014   Code   RO          503    i.vApplicationGetIdleTaskMemory  freertos.o
    0x08003144   0x08003144   0x00000018   Code   RO          504    i.vApplicationGetTimerTaskMemory  freertos.o
    0x0800315c   0x0800315c   0x00000016   Code   RO         3312    i.vListInitialise   list.o
    0x08003172   0x08003172   0x00000006   Code   RO         3313    i.vListInitialiseItem  list.o
    0x08003178   0x08003178   0x00000030   Code   RO         3314    i.vListInsert       list.o
    0x080031a8   0x080031a8   0x00000018   Code   RO         3315    i.vListInsertEnd    list.o
    0x080031c0   0x080031c0   0x00000040   Code   RO         4523    i.vPortEnterCritical  port.o
    0x08003200   0x08003200   0x00000028   Code   RO         4524    i.vPortExitCritical  port.o
    0x08003228   0x08003228   0x0000005c   Code   RO         4472    i.vPortFree         heap_4.o
    0x08003284   0x08003284   0x00000024   Code   RO         4525    i.vPortSetupTimerInterrupt  port.o
    0x080032a8   0x080032a8   0x00000054   Code   RO         4526    i.vPortValidateInterruptPriority  port.o
    0x080032fc   0x080032fc   0x00000028   Code   RO         3360    i.vQueueAddToRegistry  queue.o
    0x08003324   0x08003324   0x00000044   Code   RO         3363    i.vQueueWaitForMessageRestricted  queue.o
    0x08003368   0x08003368   0x0000004c   Code   RO         3685    i.vTaskDelay        tasks.o
    0x080033b4   0x080033b4   0x00000010   Code   RO         3688    i.vTaskInternalSetTimeOutState  tasks.o
    0x080033c4   0x080033c4   0x0000000c   Code   RO         3689    i.vTaskMissedYield  tasks.o
    0x080033d0   0x080033d0   0x00000030   Code   RO         3691    i.vTaskPlaceOnEventList  tasks.o
    0x08003400   0x08003400   0x00000038   Code   RO         3692    i.vTaskPlaceOnEventListRestricted  tasks.o
    0x08003438   0x08003438   0x00000088   Code   RO         3699    i.vTaskStartScheduler  tasks.o
    0x080034c0   0x080034c0   0x00000010   Code   RO         3701    i.vTaskSuspendAll   tasks.o
    0x080034d0   0x080034d0   0x0000005c   Code   RO         3702    i.vTaskSwitchContext  tasks.o
    0x0800352c   0x0800352c   0x000000a8   Code   RO         4527    i.xPortStartScheduler  port.o
    0x080035d4   0x080035d4   0x00000066   Code   RO         3367    i.xQueueGenericCreateStatic  queue.o
    0x0800363a   0x0800363a   0x00000002   PAD
    0x0800363c   0x0800363c   0x00000088   Code   RO         3368    i.xQueueGenericReset  queue.o
    0x080036c4   0x080036c4   0x00000160   Code   RO         3369    i.xQueueGenericSend  queue.o
    0x08003824   0x08003824   0x000000bc   Code   RO         3370    i.xQueueGenericSendFromISR  queue.o
    0x080038e0   0x080038e0   0x00000138   Code   RO         3376    i.xQueueReceive     queue.o
    0x08003a18   0x08003a18   0x00000074   Code   RO         3703    i.xTaskCheckForTimeOut  tasks.o
    0x08003a8c   0x08003a8c   0x0000005a   Code   RO         3704    i.xTaskCreate       tasks.o
    0x08003ae6   0x08003ae6   0x00000056   Code   RO         3705    i.xTaskCreateStatic  tasks.o
    0x08003b3c   0x08003b3c   0x0000001c   Code   RO         3709    i.xTaskGetSchedulerState  tasks.o
    0x08003b58   0x08003b58   0x0000000c   Code   RO         3710    i.xTaskGetTickCount  tasks.o
    0x08003b64   0x08003b64   0x000000c8   Code   RO         3712    i.xTaskIncrementTick  tasks.o
    0x08003c2c   0x08003c2c   0x00000098   Code   RO         3715    i.xTaskPriorityDisinherit  tasks.o
    0x08003cc4   0x08003cc4   0x00000074   Code   RO         3717    i.xTaskRemoveFromEventList  tasks.o
    0x08003d38   0x08003d38   0x000000c4   Code   RO         3718    i.xTaskResumeAll    tasks.o
    0x08003dfc   0x08003dfc   0x00000034   Code   RO         3981    i.xTimerCreate      timers.o
    0x08003e30   0x08003e30   0x0000002e   Code   RO         3982    i.xTimerCreateStatic  timers.o
    0x08003e5e   0x08003e5e   0x00000002   PAD
    0x08003e60   0x08003e60   0x00000060   Code   RO         3983    i.xTimerCreateTimerTask  timers.o
    0x08003ec0   0x08003ec0   0x00000060   Code   RO         3984    i.xTimerGenericCommand  timers.o
    0x08003f20   0x08003f20   0x0000004c   Data   RO          506    .constdata          freertos.o
    0x08003f6c   0x08003f6c   0x00000010   Data   RO         3174    .constdata          system_stm32f1xx.o
    0x08003f7c   0x08003f7c   0x00000008   Data   RO         3175    .constdata          system_stm32f1xx.o
    0x08003f84   0x08003f84   0x0000000c   Data   RO          507    .conststring        freertos.o
    0x08003f90   0x08003f90   0x00000020   Data   RO         4768    Region$$Table       anon$$obj.o


    Execution Region RW_IRAM1 (Exec base: 0x20000000, Load base: 0x08003fb0, Size: 0x00002550, Max: 0x00005000, ABSOLUTE, COMPRESSED[0x00000170])

    Exec Addr    Load Addr    Size         Type   Attr      Idx    E Section Name        Object

    0x20000000   COMPRESSED   0x0000000d   Data   RW           13    .data               protocol.o
    0x2000000d   COMPRESSED   0x00000006   Data   RW           14    .data               protocol.o
    0x20000013   COMPRESSED   0x00000006   Data   RW           15    .data               protocol.o
    0x20000019   COMPRESSED   0x00000005   Data   RW           16    .data               protocol.o
    0x2000001e   COMPRESSED   0x00000008   Data   RW           17    .data               protocol.o
    0x20000026   COMPRESSED   0x0000000d   Data   RW           18    .data               protocol.o
    0x20000033   COMPRESSED   0x0000000c   Data   RW           19    .data               protocol.o
    0x2000003f   COMPRESSED   0x0000000d   Data   RW           20    .data               protocol.o
    0x2000004c   COMPRESSED   0x00000008   Data   RW           21    .data               protocol.o
    0x20000054   COMPRESSED   0x00000014   Data   RW           22    .data               protocol.o
    0x20000068   COMPRESSED   0x00000006   Data   RW           23    .data               protocol.o
    0x2000006e   COMPRESSED   0x00000007   Data   RW           24    .data               protocol.o
    0x20000075   COMPRESSED   0x00000008   Data   RW           25    .data               protocol.o
    0x2000007d   COMPRESSED   0x00000200   Data   RW          185    .data               crc.o
    0x2000027d   COMPRESSED   0x00000003   PAD
    0x20000280   COMPRESSED   0x00000004   Data   RW          261    .data               cmd.o
    0x20000284   COMPRESSED   0x00000001   Data   RW          390    .data               main.o
    0x20000285   COMPRESSED   0x00000001   Data   RW          391    .data               main.o
    0x20000286   COMPRESSED   0x00000001   Data   RW          392    .data               main.o
    0x20000287   COMPRESSED   0x00000001   Data   RW          393    .data               main.o
    0x20000288   COMPRESSED   0x00000001   Data   RW          394    .data               main.o
    0x20000289   COMPRESSED   0x00000001   Data   RW          395    .data               main.o
    0x2000028a   COMPRESSED   0x00000001   Data   RW          396    .data               main.o
    0x2000028b   COMPRESSED   0x00000001   Data   RW          397    .data               main.o
    0x2000028c   COMPRESSED   0x00000001   Data   RW          398    .data               main.o
    0x2000028d   COMPRESSED   0x00000001   Data   RW          399    .data               main.o
    0x2000028e   COMPRESSED   0x00000002   PAD
    0x20000290   COMPRESSED   0x0000001c   Data   RW          508    .data               freertos.o
    0x200002ac   COMPRESSED   0x0000000c   Data   RW          892    .data               stm32f1xx_hal.o
    0x200002b8   COMPRESSED   0x00000004   Data   RW         3176    .data               system_stm32f1xx.o
    0x200002bc   COMPRESSED   0x0000003c   Data   RW         3721    .data               tasks.o
    0x200002f8   COMPRESSED   0x00000014   Data   RW         3990    .data               timers.o
    0x2000030c   COMPRESSED   0x00000018   Data   RW         4477    .data               heap_4.o
    0x20000324   COMPRESSED   0x0000000c   Data   RW         4528    .data               port.o
    0x20000330        -       0x0000000d   Zero   RW           10    .bss                protocol.o
    0x2000033d        -       0x00000009   Zero   RW           11    .bss                protocol.o
    0x20000346        -       0x0000000c   Zero   RW           12    .bss                protocol.o
    0x20000352        -       0x00000100   Zero   RW          260    .bss                cmd.o
    0x20000452        -       0x000001fe   Zero   RW          387    .bss                main.o
    0x20000650        -       0x000000ff   Zero   RW          388    .bss                main.o
    0x2000074f        -       0x000000ff   Zero   RW          389    .bss                main.o
    0x2000084e   COMPRESSED   0x00000002   PAD
    0x20000850        -       0x000006a8   Zero   RW          505    .bss                freertos.o
    0x20000ef8        -       0x00000198   Zero   RW          623    .bss                usart.o
    0x20001090        -       0x00000048   Zero   RW          795    .bss                stm32f1xx_hal_timebase_tim.o
    0x200010d8        -       0x00000040   Zero   RW         3379    .bss                queue.o
    0x20001118        -       0x000000f0   Zero   RW         3720    .bss                tasks.o
    0x20001208        -       0x000000e8   Zero   RW         3989    .bss                timers.o
    0x200012f0        -       0x00000c00   Zero   RW         4476    .bss                heap_4.o
    0x20001ef0        -       0x00000060   Zero   RW         4642    .bss                c_w.l(libspace.o)
    0x20001f50        -       0x00000200   Zero   RW            2    HEAP                startup_stm32f103xb.o
    0x20002150        -       0x00000400   Zero   RW            1    STACK               startup_stm32f103xb.o


==============================================================================

Image component sizes


      Code (inc. data)   RO Data    RW Data    ZI Data      Debug   Object Name

      1356        258          0          4        256      36314   cmd.o
       288          8          0          0          0      27628   cmsis_os.o
        70          4          0        512          0       1928   crc.o
        92          4          0          0          0        726   dma.o
         0          0          0          0          0      18060   event_groups.o
       292         44         88         28       1704       6245   freertos.o
       108          8          0          0          0        855   gpio.o
       460         24          0         24       3072       4507   heap_4.o
       138          0          0          0          0       3234   list.o
       278         34          0         10       1020       3808   main.o
       662         70          0         12          0      10829   port.o
         0          0          0        125         34       8174   protocol.o
      1500         20          0          0         64      13912   queue.o
       102         20          0          0          0     422393   rs232.o
       196         30          0          0          0       2394   rs485.o
        64         26        236          0       1536        784   startup_stm32f103xb.o
       100         18          0         12          0       5054   stm32f1xx_hal.o
       158         14          0          0          0      28050   stm32f1xx_hal_cortex.o
       808         36          0          0          0       4798   stm32f1xx_hal_dma.o
       490         34          0          0          0       2808   stm32f1xx_hal_gpio.o
        72         10          0          0          0        818   stm32f1xx_hal_msp.o
      1336        110          0          0          0       5625   stm32f1xx_hal_rcc.o
       654         26          0          0          0       6744   stm32f1xx_hal_tim.o
         4          0          0          0          0       1465   stm32f1xx_hal_tim_ex.o
       116         18          0          0         72       1335   stm32f1xx_hal_timebase_tim.o
      1884         24          0          0          0      14937   stm32f1xx_hal_uart.o
       128         44          0          0          0       5442   stm32f1xx_it.o
         0          0          0          0          0        392   stream_buffer.o
         2          0         24          4          0       1035   system_stm32f1xx.o
      2090        158          0         60        240      22368   tasks.o
      1054         78          0         20        232      28783   timers.o
       512         44          0          0        408       2607   usart.o
        64          4          0          0          0        517   weight.o

    ----------------------------------------------------------------------
     15110       1168        380        816       8640     694569   Object Totals
         0          0         32          0          0          0   (incl. Generated)
        32          0          0          5          2          0   (incl. Padding)

    ----------------------------------------------------------------------

      Code (inc. data)   RO Data    RW Data    ZI Data      Debug   Library Member Name

        90          0          0          0          0          0   __dczerorl2.o
         8          0          0          0          0         68   __main.o
         0          0          0          0          0          0   __rtentry.o
        12          0          0          0          0          0   __rtentry2.o
         6          0          0          0          0          0   __rtentry4.o
        52          8          0          0          0          0   __scatter.o
        28          0          0          0          0          0   __scatter_zi.o
        18          0          0          0          0         80   exit.o
         6          0          0          0          0        152   heapauxi.o
         0          0          0          0          0          0   indicate_semi.o
         2          0          0          0          0          0   libinit.o
         2          0          0          0          0          0   libinit2.o
         2          0          0          0          0          0   libshutdown.o
         2          0          0          0          0          0   libshutdown2.o
         8          4          0          0         96         68   libspace.o
        88          0          0          0          0         76   memcmp.o
        68          0          0          0          0         68   rt_memclr.o
        78          0          0          0          0         80   rt_memclr_w.o
       138          0          0          0          0         68   rt_memcpy_v6.o
       100          0          0          0          0         80   rt_memcpy_w.o
         2          0          0          0          0          0   rtexit.o
        10          0          0          0          0          0   rtexit2.o
        12          4          0          0          0         68   sys_exit.o
        74          0          0          0          0         80   sys_stackheap_outer.o
         2          0          0          0          0         68   use_no_semi.o

    ----------------------------------------------------------------------
       814         16          0          0         96        956   Library Totals
         6          0          0          0          0          0   (incl. Padding)

    ----------------------------------------------------------------------

      Code (inc. data)   RO Data    RW Data    ZI Data      Debug   Library Name

       808         16          0          0         96        956   c_w.l

    ----------------------------------------------------------------------
       814         16          0          0         96        956   Library Totals

    ----------------------------------------------------------------------

==============================================================================


      Code (inc. data)   RO Data    RW Data    ZI Data      Debug   

     15924       1184        380        816       8736     686161   Grand Totals
     15924       1184        380        368       8736     686161   ELF Image Totals (compressed)
     15924       1184        380        368          0          0   ROM Totals

==============================================================================

    Total RO  Size (Code + RO Data)                16304 (  15.92kB)
    Total RW  Size (RW Data + ZI Data)              9552 (   9.33kB)
    Total ROM Size (Code + RO Data + RW Data)      16672 (  16.28kB)

==============================================================================

