<html>
<body>
<pre>
<h1>礦ision Build Log</h1>
<h2>Tool Versions:</h2>
IDE-Version: μVision V5.26.2.0
Copyright (C) 2018 ARM Ltd and ARM Germany GmbH. All rights reserved.
License Information: zhengjie shi, ck, LIC=5852Z-JF32Y-7RGX3-AU96C-W6ZJR-PSQXC
 
Tool Versions:
Toolchain:       MDK-ARM Plus  Version: 5.26.2.0
Toolchain Path:  C:\Keil_v5\ARM\ARMCC\Bin
C Compiler:      Armcc.exe V5.06 update 6 (build 750)
Assembler:       Armasm.exe V5.06 update 6 (build 750)
Linker/Locator:  ArmLink.exe V5.06 update 6 (build 750)
Library Manager: ArmAr.exe V5.06 update 6 (build 750)
Hex Converter:   FromElf.exe V5.06 update 6 (build 750)
CPU DLL:         SARMCM3.DLL V5.26.2.0
Dialog DLL:      DCM.DLL V1.17.2.0
Target DLL:      Segger\JL2CM3.dll V2.99.31.0
Dialog DLL:      TCM.DLL V1.36.1.0
 
<h2>Project:</h2>
D:\1_工作\0_项目\18_萧山环强再生\2类电机\MDK-ARM\43547347.uvprojx
Project File Date:  10/17/2022

<h2>Output:</h2>
*** Using Compiler 'V5.06 update 6 (build 750)', folder: 'C:\Keil_v5\ARM\ARMCC\Bin'
Build target '43547347'
compiling main.c...
../MDK-ARM/rs485.h(28): warning:  #1295-D: Deprecated declaration InitRs485 - give arg types
  void InitRs485();
../MDK-ARM/rs485.h(30): warning:  #1295-D: Deprecated declaration Rs485_Rec - give arg types
  void Rs485_Rec();
../MDK-ARM/rs485.h(31): warning:  #1295-D: Deprecated declaration enSend485 - give arg types
  void enSend485();
../MDK-ARM/rs485.h(32): warning:  #1295-D: Deprecated declaration enReceive485 - give arg types
  void enReceive485();
../MDK-ARM/rs232.h(11): warning:  #1295-D: Deprecated declaration InitRs232 - give arg types
  void InitRs232();
../MDK-ARM/rs232.h(13): warning:  #1295-D: Deprecated declaration Rs232_Rec - give arg types
  void Rs232_Rec();
../MDK-ARM/rs232.h(15): warning:  #1-D: last line of file ends without a newline
  #endif
../MDK-ARM/cmd.h(56): warning:  #1295-D: Deprecated declaration cmd_select - give arg types
  void cmd_select();
../MDK-ARM/cmd.h(57): warning:  #1295-D: Deprecated declaration cmd_send_close - give arg types
  void cmd_send_close();
../MDK-ARM/cmd.h(74): warning:  #1-D: last line of file ends without a newline
  #endif
../MDK-ARM/weight.h(6): warning:  #1295-D: Deprecated declaration InitWeight - give arg types
  void InitWeight();
../MDK-ARM/weight.h(8): warning:  #1-D: last line of file ends without a newline
  #endif
../MDK-ARM/crc.h(48): warning:  #1-D: last line of file ends without a newline
  #endif
../Core/Src/main.c: 13 warnings, 0 errors
linking...
Program Size: Code=16000 RO-data=380 RW-data=820 ZI-data=8748  
FromELF: creating hex file...
"43547347\43547347.axf" - 0 Error(s), 13 Warning(s).

<h2>Software Packages used:</h2>

Package Vendor: ARM
                http://www.keil.com/pack/ARM.CMSIS.5.4.0.pack
                ARM.CMSIS.5.4.0
                CMSIS (Cortex Microcontroller Software Interface Standard)
   * Component: CORE Version: 5.1.2

Package Vendor: Keil
                http://www.keil.com/pack/Keil.STM32F1xx_DFP.2.3.0.pack
                Keil.STM32F1xx_DFP.2.3.0
                STMicroelectronics STM32F1 Series Device Support, Drivers and Examples

<h2>Collection of Component include folders:</h2>
  .\RTE\_43547347
  C:\Keil_v5\ARM\PACK\ARM\CMSIS\5.4.0\CMSIS\Core\Include
  C:\Keil_v5\ARM\PACK\Keil\STM32F1xx_DFP\2.3.0\Device\Include

<h2>Collection of Component Files used:</h2>

   * Component: ARM::CMSIS:CORE:5.1.2
Build Time Elapsed:  00:00:07
</pre>
</body>
</html>
