Component: ARM Compiler 5.06 update 6 (build 750) Tool: armlink [4d35ed]

==============================================================================

Section Cross References

    startup_stm32f103xb.o(STACK) refers (Special) to heapauxi.o(.text) for __use_two_region_memory
    startup_stm32f103xb.o(HEAP) refers (Special) to heapauxi.o(.text) for __use_two_region_memory
    startup_stm32f103xb.o(RESET) refers (Special) to heapauxi.o(.text) for __use_two_region_memory
    startup_stm32f103xb.o(RESET) refers to startup_stm32f103xb.o(STACK) for __initial_sp
    startup_stm32f103xb.o(RESET) refers to startup_stm32f103xb.o(.text) for Reset_Handler
    startup_stm32f103xb.o(RESET) refers to stm32f1xx_it.o(i.NMI_Handler) for NMI_Handler
    startup_stm32f103xb.o(RESET) refers to stm32f1xx_it.o(i.HardFault_Handler) for HardFault_Handler
    startup_stm32f103xb.o(RESET) refers to stm32f1xx_it.o(i.MemManage_Handler) for MemManage_Handler
    startup_stm32f103xb.o(RESET) refers to stm32f1xx_it.o(i.BusFault_Handler) for BusFault_Handler
    startup_stm32f103xb.o(RESET) refers to stm32f1xx_it.o(i.UsageFault_Handler) for UsageFault_Handler
    startup_stm32f103xb.o(RESET) refers to port.o(.emb_text) for SVC_Handler
    startup_stm32f103xb.o(RESET) refers to stm32f1xx_it.o(i.DebugMon_Handler) for DebugMon_Handler
    startup_stm32f103xb.o(RESET) refers to port.o(i.SysTick_Handler) for SysTick_Handler
    startup_stm32f103xb.o(RESET) refers to stm32f1xx_it.o(i.DMA1_Channel2_IRQHandler) for DMA1_Channel2_IRQHandler
    startup_stm32f103xb.o(RESET) refers to stm32f1xx_it.o(i.DMA1_Channel3_IRQHandler) for DMA1_Channel3_IRQHandler
    startup_stm32f103xb.o(RESET) refers to stm32f1xx_it.o(i.DMA1_Channel4_IRQHandler) for DMA1_Channel4_IRQHandler
    startup_stm32f103xb.o(RESET) refers to stm32f1xx_it.o(i.DMA1_Channel5_IRQHandler) for DMA1_Channel5_IRQHandler
    startup_stm32f103xb.o(RESET) refers to stm32f1xx_it.o(i.TIM1_UP_IRQHandler) for TIM1_UP_IRQHandler
    startup_stm32f103xb.o(RESET) refers to stm32f1xx_it.o(i.USART1_IRQHandler) for USART1_IRQHandler
    startup_stm32f103xb.o(RESET) refers to stm32f1xx_it.o(i.USART3_IRQHandler) for USART3_IRQHandler
    startup_stm32f103xb.o(.text) refers (Special) to heapauxi.o(.text) for __use_two_region_memory
    startup_stm32f103xb.o(.text) refers to system_stm32f1xx.o(i.SystemInit) for SystemInit
    startup_stm32f103xb.o(.text) refers to __main.o(!!!main) for __main
    startup_stm32f103xb.o(.text) refers to startup_stm32f103xb.o(HEAP) for Heap_Mem
    startup_stm32f103xb.o(.text) refers to startup_stm32f103xb.o(STACK) for Stack_Mem
    rs232.o(i.Rs232_Rec) refers to stm32f1xx_hal_uart.o(i.HAL_UART_DMAStop) for HAL_UART_DMAStop
    rs232.o(i.Rs232_Rec) refers to cmd.o(i.cmd_master_salve) for cmd_master_salve
    rs232.o(i.Rs232_Rec) refers to stm32f1xx_hal_uart.o(i.HAL_UART_Receive_DMA) for HAL_UART_Receive_DMA
    rs232.o(i.Rs232_Rec) refers to usart.o(.bss) for huart1
    rs232.o(i.Rs232_Rec) refers to main.o(.data) for Rx_len232
    rs232.o(i.Rs232_Rec) refers to main.o(.bss) for ReceiveBuff232
    rs232.o(i.Rs232_Send) refers to stm32f1xx_hal_uart.o(i.HAL_UART_Transmit) for HAL_UART_Transmit
    rs232.o(i.Rs232_Send) refers to usart.o(.bss) for huart1
    crc.o(i.CRC16) refers to crc.o(.data) for .data
    rs485.o(i.InitRs485) refers to rs485.o(i.enReceive485) for enReceive485
    rs485.o(i.Rs485_Rec) refers to stm32f1xx_hal_uart.o(i.HAL_UART_DMAStop) for HAL_UART_DMAStop
    rs485.o(i.Rs485_Rec) refers to cmd.o(i.cmd_salve_master) for cmd_salve_master
    rs485.o(i.Rs485_Rec) refers to usart.o(.bss) for huart3
    rs485.o(i.Rs485_Rec) refers to main.o(.data) for Rx_len485
    rs485.o(i.Rs485_Rec) refers to main.o(.bss) for ReceiveBuff485
    rs485.o(i.Rs485_Send) refers to rs485.o(i.enSend485) for enSend485
    rs485.o(i.Rs485_Send) refers to stm32f1xx_hal.o(i.HAL_Delay) for HAL_Delay
    rs485.o(i.Rs485_Send) refers to stm32f1xx_hal_uart.o(i.HAL_UART_Transmit) for HAL_UART_Transmit
    rs485.o(i.Rs485_Send) refers to rs485.o(i.enReceive485) for enReceive485
    rs485.o(i.Rs485_Send) refers to usart.o(.bss) for huart3
    rs485.o(i.enReceive485) refers to stm32f1xx_hal_gpio.o(i.HAL_GPIO_WritePin) for HAL_GPIO_WritePin
    rs485.o(i.enSend485) refers to stm32f1xx_hal_gpio.o(i.HAL_GPIO_WritePin) for HAL_GPIO_WritePin
    cmd.o(i.cmd_master_salve) refers to rt_memcpy_v6.o(.text) for __aeabi_memcpy
    cmd.o(i.cmd_master_salve) refers to crc.o(i.CRC16) for CRC16
    cmd.o(i.cmd_master_salve) refers to rt_memclr.o(.text) for __aeabi_memclr
    cmd.o(i.cmd_master_salve) refers to memcmp.o(.text) for memcmp
    cmd.o(i.cmd_master_salve) refers to main.o(.data) for sendFlag485
    cmd.o(i.cmd_master_salve) refers to protocol.o(.bss) for cali_search_pack
    cmd.o(i.cmd_master_salve) refers to cmd.o(.bss) for .bss
    cmd.o(i.cmd_master_salve) refers to cmd.o(.data) for .data
    cmd.o(i.cmd_master_salve) refers to protocol.o(.data) for calib_pack
[...]
    prvDeleteTCB                             0x08002b13   Thumb Code    52  tasks.o(i.prvDeleteTCB)
    i.prvHeapInit                            0x08002b48   Section        0  heap_4.o(i.prvHeapInit)
    prvHeapInit                              0x08002b49   Thumb Code    66  heap_4.o(i.prvHeapInit)
    i.prvIdleTask                            0x08002b94   Section        0  tasks.o(i.prvIdleTask)
    prvIdleTask                              0x08002b95   Thumb Code    82  tasks.o(i.prvIdleTask)
    i.prvInitialiseNewQueue                  0x08002bf4   Section        0  queue.o(i.prvInitialiseNewQueue)
    prvInitialiseNewQueue                    0x08002bf5   Thumb Code    22  queue.o(i.prvInitialiseNewQueue)
    i.prvInitialiseNewTask                   0x08002c0a   Section        0  tasks.o(i.prvInitialiseNewTask)
    prvInitialiseNewTask                     0x08002c0b   Thumb Code   142  tasks.o(i.prvInitialiseNewTask)
    i.prvInitialiseNewTimer                  0x08002c98   Section        0  timers.o(i.prvInitialiseNewTimer)
    prvInitialiseNewTimer                    0x08002c99   Thumb Code    68  timers.o(i.prvInitialiseNewTimer)
    i.prvInsertBlockIntoFreeList             0x08002cdc   Section        0  heap_4.o(i.prvInsertBlockIntoFreeList)
    prvInsertBlockIntoFreeList               0x08002cdd   Thumb Code    72  heap_4.o(i.prvInsertBlockIntoFreeList)
    i.prvInsertTimerInActiveList             0x08002d28   Section        0  timers.o(i.prvInsertTimerInActiveList)
    prvInsertTimerInActiveList               0x08002d29   Thumb Code    52  timers.o(i.prvInsertTimerInActiveList)
    i.prvIsQueueEmpty                        0x08002d60   Section        0  queue.o(i.prvIsQueueEmpty)
    prvIsQueueEmpty                          0x08002d61   Thumb Code    28  queue.o(i.prvIsQueueEmpty)
    i.prvProcessReceivedCommands             0x08002d7c   Section        0  timers.o(i.prvProcessReceivedCommands)
    prvProcessReceivedCommands               0x08002d7d   Thumb Code   184  timers.o(i.prvProcessReceivedCommands)
    i.prvProcessTimerOrBlockTask             0x08002e38   Section        0  timers.o(i.prvProcessTimerOrBlockTask)
    prvProcessTimerOrBlockTask               0x08002e39   Thumb Code   172  timers.o(i.prvProcessTimerOrBlockTask)
    i.prvResetNextTaskUnblockTime            0x08002eec   Section        0  tasks.o(i.prvResetNextTaskUnblockTime)
    prvResetNextTaskUnblockTime              0x08002eed   Thumb Code    26  tasks.o(i.prvResetNextTaskUnblockTime)
    i.prvSampleTimeNow                       0x08002f0c   Section        0  timers.o(i.prvSampleTimeNow)
    prvSampleTimeNow                         0x08002f0d   Thumb Code    36  timers.o(i.prvSampleTimeNow)
    i.prvSwitchTimerLists                    0x08002f34   Section        0  timers.o(i.prvSwitchTimerLists)
    prvSwitchTimerLists                      0x08002f35   Thumb Code   102  timers.o(i.prvSwitchTimerLists)
    i.prvTaskExitError                       0x08002fa0   Section        0  port.o(i.prvTaskExitError)
    prvTaskExitError                         0x08002fa1   Thumb Code    36  port.o(i.prvTaskExitError)
    i.prvTimerTask                           0x08002fc8   Section        0  timers.o(i.prvTimerTask)
    prvTimerTask                             0x08002fc9   Thumb Code    32  timers.o(i.prvTimerTask)
    i.prvUnlockQueue                         0x08002fec   Section        0  queue.o(i.prvUnlockQueue)
    prvUnlockQueue                           0x08002fed   Thumb Code   106  queue.o(i.prvUnlockQueue)
    i.pvPortMalloc                           0x08003058   Section        0  heap_4.o(i.pvPortMalloc)
    i.pxPortInitialiseStack                  0x08003130   Section        0  port.o(i.pxPortInitialiseStack)
    i.uxListRemove                           0x08003154   Section        0  list.o(i.uxListRemove)
    i.vApplicationGetIdleTaskMemory          0x0800317c   Section        0  freertos.o(i.vApplicationGetIdleTaskMemory)
    i.vApplicationGetTimerTaskMemory         0x08003190   Section        0  freertos.o(i.vApplicationGetTimerTaskMemory)
    i.vListInitialise                        0x080031a8   Section        0  list.o(i.vListInitialise)
    i.vListInitialiseItem                    0x080031be   Section        0  list.o(i.vListInitialiseItem)
    i.vListInsert                            0x080031c4   Section        0  list.o(i.vListInsert)
    i.vListInsertEnd                         0x080031f4   Section        0  list.o(i.vListInsertEnd)
    i.vPortEnterCritical                     0x0800320c   Section        0  port.o(i.vPortEnterCritical)
    i.vPortExitCritical                      0x0800324c   Section        0  port.o(i.vPortExitCritical)
    i.vPortFree                              0x08003274   Section        0  heap_4.o(i.vPortFree)
    i.vPortSetupTimerInterrupt               0x080032d0   Section        0  port.o(i.vPortSetupTimerInterrupt)
    i.vPortValidateInterruptPriority         0x080032f4   Section        0  port.o(i.vPortValidateInterruptPriority)
    i.vQueueAddToRegistry                    0x08003348   Section        0  queue.o(i.vQueueAddToRegistry)
    i.vQueueWaitForMessageRestricted         0x08003370   Section        0  queue.o(i.vQueueWaitForMessageRestricted)
    i.vTaskDelay                             0x080033b4   Section        0  tasks.o(i.vTaskDelay)
    i.vTaskInternalSetTimeOutState           0x08003400   Section        0  tasks.o(i.vTaskInternalSetTimeOutState)
    i.vTaskMissedYield                       0x08003410   Section        0  tasks.o(i.vTaskMissedYield)
    i.vTaskPlaceOnEventList                  0x0800341c   Section        0  tasks.o(i.vTaskPlaceOnEventList)
    i.vTaskPlaceOnEventListRestricted        0x0800344c   Section        0  tasks.o(i.vTaskPlaceOnEventListRestricted)
    i.vTaskStartScheduler                    0x08003484   Section        0  tasks.o(i.vTaskStartScheduler)
    i.vTaskSuspendAll                        0x0800350c   Section        0  tasks.o(i.vTaskSuspendAll)
    i.vTaskSwitchContext                     0x0800351c   Section        0  tasks.o(i.vTaskSwitchContext)
    i.xPortStartScheduler                    0x08003578   Section        0  port.o(i.xPortStartScheduler)
    i.xQueueGenericCreateStatic              0x08003620   Section        0  queue.o(i.xQueueGenericCreateStatic)
    i.xQueueGenericReset                     0x08003688   Section        0  queue.o(i.xQueueGenericReset)
    i.xQueueGenericSend                      0x08003710   Section        0  queue.o(i.xQueueGenericSend)
    i.xQueueGenericSendFromISR               0x08003870   Section        0  queue.o(i.xQueueGenericSendFromISR)
    i.xQueueReceive                          0x0800392c   Section        0  queue.o(i.xQueueReceive)
    i.xTaskCheckForTimeOut                   0x08003a64   Section        0  tasks.o(i.xTaskCheckForTimeOut)
    i.xTaskCreate                            0x08003ad8   Section        0  tasks.o(i.xTaskCreate)
    i.xTaskCreateStatic                      0x08003b32   Section        0  tasks.o(i.xTaskCreateStatic)
    i.xTaskGetSchedulerState                 0x08003b88   Section        0  tasks.o(i.xTaskGetSchedulerState)
    i.xTaskGetTickCount                      0x08003ba4   Section        0  tasks.o(i.xTaskGetTickCount)
    i.xTaskIncrementTick                     0x08003bb0   Section        0  tasks.o(i.xTaskIncrementTick)
    i.xTaskPriorityDisinherit                0x08003c78   Section        0  tasks.o(i.xTaskPriorityDisinherit)
    i.xTaskRemoveFromEventList               0x08003d10   Section        0  tasks.o(i.xTaskRemoveFromEventList)
    i.xTaskResumeAll                         0x08003d84   Section        0  tasks.o(i.xTaskResumeAll)
    i.xTimerCreate                           0x08003e48   Section        0  timers.o(i.xTimerCreate)
    i.xTimerCreateStatic                     0x08003e7c   Section        0  timers.o(i.xTimerCreateStatic)
    i.xTimerCreateTimerTask                  0x08003eac   Section        0  timers.o(i.xTimerCreateTimerTask)
    i.xTimerGenericCommand                   0x08003f0c   Section        0  timers.o(i.xTimerGenericCommand)
    .constdata                               0x08003f6c   Section       76  freertos.o(.constdata)
    .constdata                               0x08003fb8   Section       16  system_stm32f1xx.o(.constdata)
    .constdata                               0x08003fc8   Section        8  system_stm32f1xx.o(.constdata)
    .conststring                             0x08003fd0   Section       12  freertos.o(.conststring)
    .data                                    0x20000000   Section       13  protocol.o(.data)
    .data                                    0x2000000d   Section        8  protocol.o(.data)
    .data                                    0x20000015   Section        8  protocol.o(.data)
    .data                                    0x2000001d   Section        8  protocol.o(.data)
    .data                                    0x20000025   Section        8  protocol.o(.data)
    .data                                    0x2000002d   Section       13  protocol.o(.data)
    .data                                    0x2000003a   Section       12  protocol.o(.data)
    .data                                    0x20000046   Section       13  protocol.o(.data)
    .data                                    0x20000053   Section        8  protocol.o(.data)
    .data                                    0x2000005b   Section       20  protocol.o(.data)
    .data                                    0x2000006f   Section        8  protocol.o(.data)
    .data                                    0x20000077   Section        8  protocol.o(.data)
    .data                                    0x2000007f   Section      512  crc.o(.data)
    auchCRCHi                                0x2000007f   Data         256  crc.o(.data)
    auchCRCLo                                0x2000017f   Data         256  crc.o(.data)
    .data                                    0x20000280   Section        4  cmd.o(.data)
    crc_value_232                            0x20000280   Data           4  cmd.o(.data)
    .data                                    0x20000284   Section        1  main.o(.data)
    .data                                    0x20000285   Section        1  main.o(.data)
    .data                                    0x20000286   Section        1  main.o(.data)
    .data                                    0x20000287   Section        1  main.o(.data)
    .data                                    0x20000288   Section        1  main.o(.data)
    .data                                    0x20000289   Section        1  main.o(.data)
    .data                                    0x2000028a   Section        1  main.o(.data)
    .data                                    0x2000028b   Section        1  main.o(.data)
    .data                                    0x2000028c   Section        1  main.o(.data)
    .data                                    0x2000028d   Section        1  main.o(.data)
    .data                                    0x2000028e   Section        1  main.o(.data)
    .data                                    0x2000028f   Section        1  main.o(.data)
    .data                                    0x20000290   Section        1  main.o(.data)
    .data                                    0x20000291   Section        1  main.o(.data)
    .data                                    0x20000292   Section        1  main.o(.data)
    .data                                    0x20000293   Section        1  main.o(.data)
    .data                                    0x20000294   Section       28  freertos.o(.data)
    .data                                    0x200002b0   Section       12  stm32f1xx_hal.o(.data)
    .data                                    0x200002bc   Section        4  system_stm32f1xx.o(.data)
    .data                                    0x200002c0   Section       60  tasks.o(.data)
    pxDelayedTaskList                        0x200002c4   Data           4  tasks.o(.data)
    pxOverflowDelayedTaskList                0x200002c8   Data           4  tasks.o(.data)
    uxDeletedTasksWaitingCleanUp             0x200002cc   Data           4  tasks.o(.data)
    uxCurrentNumberOfTasks                   0x200002d0   Data           4  tasks.o(.data)
    xTickCount                               0x200002d4   Data           4  tasks.o(.data)
    uxTopReadyPriority                       0x200002d8   Data           4  tasks.o(.data)
    xSchedulerRunning                        0x200002dc   Data           4  tasks.o(.data)
    uxPendedTicks                            0x200002e0   Data           4  tasks.o(.data)
    xYieldPending                            0x200002e4   Data           4  tasks.o(.data)
    xNumOfOverflows                          0x200002e8   Data           4  tasks.o(.data)
    uxTaskNumber                             0x200002ec   Data           4  tasks.o(.data)
    xNextTaskUnblockTime                     0x200002f0   Data           4  tasks.o(.data)
    xIdleTaskHandle                          0x200002f4   Data           4  tasks.o(.data)
    uxSchedulerSuspended                     0x200002f8   Data           4  tasks.o(.data)
    .data                                    0x200002fc   Section       20  timers.o(.data)
    pxCurrentTimerList                       0x200002fc   Data           4  timers.o(.data)
    pxOverflowTimerList                      0x20000300   Data           4  timers.o(.data)
    xTimerQueue                              0x20000304   Data           4  timers.o(.data)
    xTimerTaskHandle                         0x20000308   Data           4  timers.o(.data)
    xLastTime                                0x2000030c   Data           4  timers.o(.data)
    .data                                    0x20000310   Section       24  heap_4.o(.data)
    pxEnd                                    0x20000310   Data           4  heap_4.o(.data)
    xFreeBytesRemaining                      0x20000314   Data           4  heap_4.o(.data)
    xMinimumEverFreeBytesRemaining           0x20000318   Data           4  heap_4.o(.data)
    xBlockAllocatedBit                       0x2000031c   Data           4  heap_4.o(.data)
    xStart                                   0x20000320   Data           8  heap_4.o(.data)
    .data                                    0x20000328   Section       12  port.o(.data)
    ucMaxSysCallPriority                     0x20000328   Data           1  port.o(.data)
    uxCriticalNesting                        0x2000032c   Data           4  port.o(.data)
    ulMaxPRIGROUPValue                       0x20000330   Data           4  port.o(.data)
    .bss                                     0x20000334   Section       13  protocol.o(.bss)
    .bss                                     0x20000341   Section        9  protocol.o(.bss)
    .bss                                     0x2000034a   Section        9  protocol.o(.bss)
    .bss                                     0x20000353   Section       12  protocol.o(.bss)
    .bss                                     0x2000035f   Section      256  cmd.o(.bss)
    crc16_232                                0x2000035f   Data         256  cmd.o(.bss)
    .bss                                     0x2000045f   Section      510  main.o(.bss)
    .bss                                     0x2000065d   Section      255  main.o(.bss)
    .bss                                     0x2000075c   Section      255  main.o(.bss)
    .bss                                     0x2000085c   Section     1704  freertos.o(.bss)
    xIdleTaskTCBBuffer                       0x2000085c   Data          84  freertos.o(.bss)
    xIdleStack                               0x200008b0   Data         512  freertos.o(.bss)
    xTimerTaskTCBBuffer                      0x20000ab0   Data          84  freertos.o(.bss)
    xTimerStack                              0x20000b04   Data        1024  freertos.o(.bss)
    .bss                                     0x20000f04   Section      408  usart.o(.bss)
    .bss                                     0x2000109c   Section       72  stm32f1xx_hal_timebase_tim.o(.bss)
    .bss                                     0x200010e4   Section       64  queue.o(.bss)
    .bss                                     0x20001124   Section      240  tasks.o(.bss)
    pxReadyTasksLists                        0x20001124   Data         140  tasks.o(.bss)
    xDelayedTaskList1                        0x200011b0   Data          20  tasks.o(.bss)
    xDelayedTaskList2                        0x200011c4   Data          20  tasks.o(.bss)
    xPendingReadyList                        0x200011d8   Data          20  tasks.o(.bss)
    xTasksWaitingTermination                 0x200011ec   Data          20  tasks.o(.bss)
    xSuspendedTaskList                       0x20001200   Data          20  tasks.o(.bss)
    .bss                                     0x20001214   Section      232  timers.o(.bss)
    xActiveTimerList1                        0x20001214   Data          20  timers.o(.bss)
    xActiveTimerList2                        0x20001228   Data          20  timers.o(.bss)
    xStaticTimerQueue                        0x2000123c   Data          72  timers.o(.bss)
    ucStaticTimerQueueStorage                0x20001284   Data         120  timers.o(.bss)
    .bss                                     0x200012fc   Section     3072  heap_4.o(.bss)
    ucHeap                                   0x200012fc   Data        3072  heap_4.o(.bss)
    .bss                                     0x20001efc   Section       96  libspace.o(.bss)
    HEAP                                     0x20001f60   Section      512  startup_stm32f103xb.o(HEAP)
    Heap_Mem                                 0x20001f60   Data         512  startup_stm32f103xb.o(HEAP)
    STACK                                    0x20002160   Section     1024  startup_stm32f103xb.o(STACK)
    Stack_Mem                                0x20002160   Data        1024  startup_stm32f103xb.o(STACK)
    __initial_sp                             0x20002560   Data           0  startup_stm32f103xb.o(STACK)

    Global Symbols

    Symbol Name                              Value     Ov Type        Size  Object(Section)

    BuildAttributes$$THM_ISAv4$P$D$K$B$S$PE$A:L22UL41UL21$X:L11$S22US41US21$IEEE1$IW$USESV6$~STKCKD$USESV7$~SHL$OSPACE$ROPI$EBA8$UX$STANDARDLIB$REQ8$PRES8$EABIv2 0x00000000   Number         0  anon$$obj.o ABSOLUTE
    __ARM_use_no_argv                        0x00000000   Number         0  main.o ABSOLUTE
    __ARM_exceptions_init                     - Undefined Weak Reference
    __alloca_initialize                       - Undefined Weak Reference
    __arm_preinit_                            - Undefined Weak Reference
    __cpp_initialize__aeabi_                  - Undefined Weak Reference
    __cxa_finalize                            - Undefined Weak Reference
    __rt_locale                               - Undefined Weak Reference
    __sigvec_lookup                           - Undefined Weak Reference
    _atexit_init                              - Undefined Weak Reference
    _call_atexit_fns                          - Undefined Weak Reference
    _clock_init                               - Undefined Weak Reference
    _fp_trap_init                             - Undefined Weak Reference
    _fp_trap_shutdown                         - Undefined Weak Reference
    _get_lc_collate                           - Undefined Weak Reference
    _get_lc_ctype                             - Undefined Weak Reference
    _get_lc_monetary                          - Undefined Weak Reference
    _get_lc_numeric                           - Undefined Weak Reference
    _get_lc_time                              - Undefined Weak Reference
    _getenv_init                              - Undefined Weak Reference
    _handle_redirection                       - Undefined Weak Reference
    _init_alloc                               - Undefined Weak Reference
    _init_user_alloc                          - Undefined Weak Reference
    _initio                                   - Undefined Weak Reference
    _rand_init                                - Undefined Weak Reference
    _signal_finish                            - Undefined Weak Reference
    _signal_init                              - Undefined Weak Reference
    _terminate_alloc                          - Undefined Weak Reference
    _terminate_user_alloc                     - Undefined Weak Reference
    _terminateio                              - Undefined Weak Reference
    __Vectors_Size                           0x000000ec   Number         0  startup_stm32f103xb.o ABSOLUTE
    __Vectors                                0x08000000   Data           4  startup_stm32f103xb.o(RESET)
    __Vectors_End                            0x080000ec   Data           0  startup_stm32f103xb.o(RESET)
    __main                                   0x080000ed   Thumb Code     8  __main.o(!!!main)
    __scatterload                            0x080000f5   Thumb Code     0  __scatter.o(!!!scatter)
    __scatterload_rt2                        0x080000f5   Thumb Code    44  __scatter.o(!!!scatter)
    __scatterload_rt2_thumb_only             0x080000f5   Thumb Code     0  __scatter.o(!!!scatter)
    __scatterload_null                       0x08000103   Thumb Code     0  __scatter.o(!!!scatter)
    __decompress                             0x08000129   Thumb Code    90  __dczerorl2.o(!!dczerorl2)
    __decompress1                            0x08000129   Thumb Code     0  __dczerorl2.o(!!dczerorl2)
    __scatterload_zeroinit                   0x08000185   Thumb Code    28  __scatter_zi.o(!!handler_zi)
    __rt_lib_init                            0x080001a1   Thumb Code     0  libinit.o(.ARM.Collect$$libinit$$00000000)
    __rt_lib_init_alloca_1                   0x080001a3   Thumb Code     0  libinit2.o(.ARM.Collect$$libinit$$0000002E)
    __rt_lib_init_argv_1                     0x080001a3   Thumb Code     0  libinit2.o(.ARM.Collect$$libinit$$0000002C)
    __rt_lib_init_atexit_1                   0x080001a3   Thumb Code     0  libinit2.o(.ARM.Collect$$libinit$$0000001B)
    __rt_lib_init_clock_1                    0x080001a3   Thumb Code     0  libinit2.o(.ARM.Collect$$libinit$$00000021)
    __rt_lib_init_cpp_1                      0x080001a3   Thumb Code     0  libinit2.o(.ARM.Collect$$libinit$$00000032)
    __rt_lib_init_exceptions_1               0x080001a3   Thumb Code     0  libinit2.o(.ARM.Collect$$libinit$$00000030)
    __rt_lib_init_fp_1                       0x080001a3   Thumb Code     0  libinit2.o(.ARM.Collect$$libinit$$00000002)
    __rt_lib_init_fp_trap_1                  0x080001a3   Thumb Code     0  libinit2.o(.ARM.Collect$$libinit$$0000001F)
    __rt_lib_init_getenv_1                   0x080001a3   Thumb Code     0  libinit2.o(.ARM.Collect$$libinit$$00000023)
    __rt_lib_init_heap_1                     0x080001a3   Thumb Code     0  libinit2.o(.ARM.Collect$$libinit$$0000000A)
    __rt_lib_init_lc_collate_1               0x080001a3   Thumb Code     0  libinit2.o(.ARM.Collect$$libinit$$00000011)
    __rt_lib_init_lc_ctype_1                 0x080001a3   Thumb Code     0  libinit2.o(.ARM.Collect$$libinit$$00000013)
    __rt_lib_init_lc_monetary_1              0x080001a3   Thumb Code     0  libinit2.o(.ARM.Collect$$libinit$$00000015)
    __rt_lib_init_lc_numeric_1               0x080001a3   Thumb Code     0  libinit2.o(.ARM.Collect$$libinit$$00000017)
    __rt_lib_init_lc_time_1                  0x080001a3   Thumb Code     0  libinit2.o(.ARM.Collect$$libinit$$00000019)
    __rt_lib_init_preinit_1                  0x080001a3   Thumb Code     0  libinit2.o(.ARM.Collect$$libinit$$00000004)
    __rt_lib_init_rand_1                     0x080001a3   Thumb Code     0  libinit2.o(.ARM.Collect$$libinit$$0000000E)
    __rt_lib_init_return                     0x080001a3   Thumb Code     0  libinit2.o(.ARM.Collect$$libinit$$00000033)
    __rt_lib_init_signal_1                   0x080001a3   Thumb Code     0  libinit2.o(.ARM.Collect$$libinit$$0000001D)
    __rt_lib_init_stdio_1                    0x080001a3   Thumb Code     0  libinit2.o(.ARM.Collect$$libinit$$00000025)
    __rt_lib_init_user_alloc_1               0x080001a3   Thumb Code     0  libinit2.o(.ARM.Collect$$libinit$$0000000C)
    __rt_lib_shutdown                        0x080001a5   Thumb Code     0  libshutdown.o(.ARM.Collect$$libshutdown$$00000000)
    __rt_lib_shutdown_cpp_1                  0x080001a7   Thumb Code     0  libshutdown2.o(.ARM.Collect$$libshutdown$$00000002)
    __rt_lib_shutdown_fp_trap_1              0x080001a7   Thumb Code     0  libshutdown2.o(.ARM.Collect$$libshutdown$$00000007)
    __rt_lib_shutdown_heap_1                 0x080001a7   Thumb Code     0  libshutdown2.o(.ARM.Collect$$libshutdown$$0000000F)
    __rt_lib_shutdown_return                 0x080001a7   Thumb Code     0  libshutdown2.o(.ARM.Collect$$libshutdown$$00000010)
    __rt_lib_shutdown_signal_1               0x080001a7   Thumb Code     0  libshutdown2.o(.ARM.Collect$$libshutdown$$0000000A)
    __rt_lib_shutdown_stdio_1                0x080001a7   Thumb Code     0  libshutdown2.o(.ARM.Collect$$libshutdown$$00000004)
    __rt_lib_shutdown_user_alloc_1           0x080001a7   Thumb Code     0  libshutdown2.o(.ARM.Collect$$libshutdown$$0000000C)
    __rt_entry                               0x080001a9   Thumb Code     0  __rtentry.o(.ARM.Collect$$rtentry$$00000000)
    __rt_entry_presh_1                       0x080001a9   Thumb Code     0  __rtentry2.o(.ARM.Collect$$rtentry$$00000002)
    __rt_entry_sh                            0x080001a9   Thumb Code     0  __rtentry4.o(.ARM.Collect$$rtentry$$00000004)
    __rt_entry_li                            0x080001af   Thumb Code     0  __rtentry2.o(.ARM.Collect$$rtentry$$0000000A)
    __rt_entry_postsh_1                      0x080001af   Thumb Code     0  __rtentry2.o(.ARM.Collect$$rtentry$$00000009)
    __rt_entry_main                          0x080001b3   Thumb Code     0  __rtentry2.o(.ARM.Collect$$rtentry$$0000000D)
    __rt_entry_postli_1                      0x080001b3   Thumb Code     0  __rtentry2.o(.ARM.Collect$$rtentry$$0000000C)
    __rt_exit                                0x080001bb   Thumb Code     0  rtexit.o(.ARM.Collect$$rtexit$$00000000)
    __rt_exit_ls                             0x080001bd   Thumb Code     0  rtexit2.o(.ARM.Collect$$rtexit$$00000003)
    __rt_exit_prels_1                        0x080001bd   Thumb Code     0  rtexit2.o(.ARM.Collect$$rtexit$$00000002)
    __rt_exit_exit                           0x080001c1   Thumb Code     0  rtexit2.o(.ARM.Collect$$rtexit$$00000004)
    SVC_Handler                              0x080001c9   Thumb Code    32  port.o(.emb_text)
    __asm___6_port_c_39a90d8d__prvStartFirstTask 0x080001ed   Thumb Code    28  port.o(.emb_text)
    PendSV_Handler                           0x0800020d   Thumb Code    72  port.o(.emb_text)
    vPortGetIPSR                             0x08000259   Thumb Code     6  port.o(.emb_text)
    Reset_Handler                            0x08000261   Thumb Code     8  startup_stm32f103xb.o(.text)
    ADC1_2_IRQHandler                        0x0800027b   Thumb Code     0  startup_stm32f103xb.o(.text)
    CAN1_RX1_IRQHandler                      0x0800027b   Thumb Code     0  startup_stm32f103xb.o(.text)
    CAN1_SCE_IRQHandler                      0x0800027b   Thumb Code     0  startup_stm32f103xb.o(.text)
    DMA1_Channel1_IRQHandler                 0x0800027b   Thumb Code     0  startup_stm32f103xb.o(.text)
    DMA1_Channel6_IRQHandler                 0x0800027b   Thumb Code     0  startup_stm32f103xb.o(.text)
    DMA1_Channel7_IRQHandler                 0x0800027b   Thumb Code     0  startup_stm32f103xb.o(.text)
    EXTI0_IRQHandler                         0x0800027b   Thumb Code     0  startup_stm32f103xb.o(.text)
    EXTI15_10_IRQHandler                     0x0800027b   Thumb Code     0  startup_stm32f103xb.o(.text)
    EXTI1_IRQHandler                         0x0800027b   Thumb Code     0  startup_stm32f103xb.o(.text)
    EXTI2_IRQHandler                         0x0800027b   Thumb Code     0  startup_stm32f103xb.o(.text)
    EXTI3_IRQHandler                         0x0800027b   Thumb Code     0  startup_stm32f103xb.o(.text)
    EXTI4_IRQHandler                         0x0800027b   Thumb Code     0  startup_stm32f103xb.o(.text)
    EXTI9_5_IRQHandler                       0x0800027b   Thumb Code     0  startup_stm32f103xb.o(.text)
    FLASH_IRQHandler                         0x0800027b   Thumb Code     0  startup_stm32f103xb.o(.text)
    I2C1_ER_IRQHandler                       0x0800027b   Thumb Code     0  startup_stm32f103xb.o(.text)
    I2C1_EV_IRQHandler                       0x0800027b   Thumb Code     0  startup_stm32f103xb.o(.text)
    I2C2_ER_IRQHandler                       0x0800027b   Thumb Code     0  startup_stm32f103xb.o(.text)
    I2C2_EV_IRQHandler                       0x0800027b   Thumb Code     0  startup_stm32f103xb.o(.text)
    PVD_IRQHandler                           0x0800027b   Thumb Code     0  startup_stm32f103xb.o(.text)
    RCC_IRQHandler                           0x0800027b   Thumb Code     0  startup_stm32f103xb.o(.text)
    RTC_Alarm_IRQHandler                     0x0800027b   Thumb Code     0  startup_stm32f103xb.o(.text)
    RTC_IRQHandler                           0x0800027b   Thumb Code     0  startup_stm32f103xb.o(.text)
    SPI1_IRQHandler                          0x0800027b   Thumb Code     0  startup_stm32f103xb.o(.text)
    SPI2_IRQHandler                          0x0800027b   Thumb Code     0  startup_stm32f103xb.o(.text)
    TAMPER_IRQHandler                        0x0800027b   Thumb Code     0  startup_stm32f103xb.o(.text)
    TIM1_BRK_IRQHandler                      0x0800027b   Thumb Code     0  startup_stm32f103xb.o(.text)
    TIM1_CC_IRQHandler                       0x0800027b   Thumb Code     0  startup_stm32f103xb.o(.text)
    TIM1_TRG_COM_IRQHandler                  0x0800027b   Thumb Code     0  startup_stm32f103xb.o(.text)
    TIM2_IRQHandler                          0x0800027b   Thumb Code     0  startup_stm32f103xb.o(.text)
    TIM3_IRQHandler                          0x0800027b   Thumb Code     0  startup_stm32f103xb.o(.text)
    TIM4_IRQHandler                          0x0800027b   Thumb Code     0  startup_stm32f103xb.o(.text)
    USART2_IRQHandler                        0x0800027b   Thumb Code     0  startup_stm32f103xb.o(.text)
    USBWakeUp_IRQHandler                     0x0800027b   Thumb Code     0  startup_stm32f103xb.o(.text)
    USB_HP_CAN1_TX_IRQHandler                0x0800027b   Thumb Code     0  startup_stm32f103xb.o(.text)
    USB_LP_CAN1_RX0_IRQHandler               0x0800027b   Thumb Code     0  startup_stm32f103xb.o(.text)
    WWDG_IRQHandler                          0x0800027b   Thumb Code     0  startup_stm32f103xb.o(.text)
    __user_initial_stackheap                 0x0800027d   Thumb Code     0  startup_stm32f103xb.o(.text)
    memcmp                                   0x080002a1   Thumb Code    88  memcmp.o(.text)
    __aeabi_memcpy                           0x080002f9   Thumb Code     0  rt_memcpy_v6.o(.text)
    __rt_memcpy                              0x080002f9   Thumb Code   138  rt_memcpy_v6.o(.text)
    _memcpy_lastbytes                        0x0800035f   Thumb Code     0  rt_memcpy_v6.o(.text)
    __aeabi_memcpy4                          0x08000383   Thumb Code     0  rt_memcpy_w.o(.text)
    __aeabi_memcpy8                          0x08000383   Thumb Code     0  rt_memcpy_w.o(.text)
    __rt_memcpy_w                            0x08000383   Thumb Code   100  rt_memcpy_w.o(.text)
    _memcpy_lastbytes_aligned                0x080003cb   Thumb Code     0  rt_memcpy_w.o(.text)
    __aeabi_memclr                           0x080003e7   Thumb Code     0  rt_memclr.o(.text)
    __rt_memclr                              0x080003e7   Thumb Code    68  rt_memclr.o(.text)
    _memset                                  0x080003eb   Thumb Code     0  rt_memclr.o(.text)
    __aeabi_memclr4                          0x0800042b   Thumb Code     0  rt_memclr_w.o(.text)
    __aeabi_memclr8                          0x0800042b   Thumb Code     0  rt_memclr_w.o(.text)
    __rt_memclr_w                            0x0800042b   Thumb Code    78  rt_memclr_w.o(.text)
    _memset_w                                0x0800042f   Thumb Code     0  rt_memclr_w.o(.text)
    __use_two_region_memory                  0x08000479   Thumb Code     2  heapauxi.o(.text)
    __rt_heap_escrow$2region                 0x0800047b   Thumb Code     2  heapauxi.o(.text)
    __rt_heap_expand$2region                 0x0800047d   Thumb Code     2  heapauxi.o(.text)
    __user_setup_stackheap                   0x0800047f   Thumb Code    74  sys_stackheap_outer.o(.text)
    exit                                     0x080004c9   Thumb Code    18  exit.o(.text)
    __user_libspace                          0x080004dd   Thumb Code     8  libspace.o(.text)
    __user_perproc_libspace                  0x080004dd   Thumb Code     0  libspace.o(.text)
    __user_perthread_libspace                0x080004dd   Thumb Code     0  libspace.o(.text)
    _sys_exit                                0x080004e5   Thumb Code     8  sys_exit.o(.text)
    __I$use$semihosting                      0x080004f1   Thumb Code     0  use_no_semi.o(.text)
    __use_no_semihosting_swi                 0x080004f1   Thumb Code     2  use_no_semi.o(.text)
    BusFault_Handler                         0x080004f3   Thumb Code     2  stm32f1xx_it.o(i.BusFault_Handler)
    __semihosting_library_function           0x080004f3   Thumb Code     0  indicate_semi.o(.text)
    CRC16                                    0x080004f5   Thumb Code    40  crc.o(i.CRC16)
    DMA1_Channel2_IRQHandler                 0x08000521   Thumb Code     6  stm32f1xx_it.o(i.DMA1_Channel2_IRQHandler)
    DMA1_Channel3_IRQHandler                 0x0800052d   Thumb Code     6  stm32f1xx_it.o(i.DMA1_Channel3_IRQHandler)
    DMA1_Channel4_IRQHandler                 0x08000539   Thumb Code     6  stm32f1xx_it.o(i.DMA1_Channel4_IRQHandler)
    DMA1_Channel5_IRQHandler                 0x08000545   Thumb Code     6  stm32f1xx_it.o(i.DMA1_Channel5_IRQHandler)
    DebugMon_Handler                         0x0800057b   Thumb Code     2  stm32f1xx_it.o(i.DebugMon_Handler)
    DoorCallback01                           0x0800057d   Thumb Code    14  freertos.o(i.DoorCallback01)
    DoorCallback02                           0x08000595   Thumb Code    14  freertos.o(i.DoorCallback02)
    DoorCallback03                           0x080005ad   Thumb Code    14  freertos.o(i.DoorCallback03)
    DoorCallback04                           0x080005c5   Thumb Code    14  freertos.o(i.DoorCallback04)
    DoorCallback05                           0x080005dd   Thumb Code    14  freertos.o(i.DoorCallback05)
    DoorCallback06                           0x080005f5   Thumb Code    14  freertos.o(i.DoorCallback06)
    Error_Handler                            0x0800060d   Thumb Code     4  main.o(i.Error_Handler)
    HAL_DMA_Abort                            0x08000611   Thumb Code    70  stm32f1xx_hal_dma.o(i.HAL_DMA_Abort)
    HAL_DMA_Abort_IT                         0x08000659   Thumb Code   148  stm32f1xx_hal_dma.o(i.HAL_DMA_Abort_IT)
    HAL_DMA_IRQHandler                       0x080006f1   Thumb Code   316  stm32f1xx_hal_dma.o(i.HAL_DMA_IRQHandler)
    HAL_DMA_Init                             0x08000845   Thumb Code    84  stm32f1xx_hal_dma.o(i.HAL_DMA_Init)
    HAL_DMA_Start_IT                         0x080008a1   Thumb Code   112  stm32f1xx_hal_dma.o(i.HAL_DMA_Start_IT)
    HAL_Delay                                0x08000911   Thumb Code    32  stm32f1xx_hal.o(i.HAL_Delay)
    HAL_GPIO_Init                            0x08000935   Thumb Code   446  stm32f1xx_hal_gpio.o(i.HAL_GPIO_Init)
    HAL_GPIO_WritePin                        0x08000b15   Thumb Code    10  stm32f1xx_hal_gpio.o(i.HAL_GPIO_WritePin)
    HAL_GetTick                              0x08000b21   Thumb Code     6  stm32f1xx_hal.o(i.HAL_GetTick)
    HAL_IncTick                              0x08000b2d   Thumb Code    12  stm32f1xx_hal.o(i.HAL_IncTick)
    HAL_Init                                 0x08000b3d   Thumb Code    32  stm32f1xx_hal.o(i.HAL_Init)
    HAL_InitTick                             0x08000b61   Thumb Code    98  stm32f1xx_hal_timebase_tim.o(i.HAL_InitTick)
    HAL_MspInit                              0x08000bd5   Thumb Code    62  stm32f1xx_hal_msp.o(i.HAL_MspInit)
    HAL_NVIC_EnableIRQ                       0x08000c1d   Thumb Code    26  stm32f1xx_hal_cortex.o(i.HAL_NVIC_EnableIRQ)
    HAL_NVIC_SetPriority                     0x08000c39   Thumb Code    60  stm32f1xx_hal_cortex.o(i.HAL_NVIC_SetPriority)
    HAL_NVIC_SetPriorityGrouping             0x08000c79   Thumb Code    26  stm32f1xx_hal_cortex.o(i.HAL_NVIC_SetPriorityGrouping)
    HAL_RCC_ClockConfig                      0x08000c9d   Thumb Code   280  stm32f1xx_hal_rcc.o(i.HAL_RCC_ClockConfig)
    HAL_RCC_GetClockConfig                   0x08000dc9   Thumb Code    54  stm32f1xx_hal_rcc.o(i.HAL_RCC_GetClockConfig)
    HAL_RCC_GetPCLK1Freq                     0x08000e09   Thumb Code    20  stm32f1xx_hal_rcc.o(i.HAL_RCC_GetPCLK1Freq)
    HAL_RCC_GetPCLK2Freq                     0x08000e29   Thumb Code    20  stm32f1xx_hal_rcc.o(i.HAL_RCC_GetPCLK2Freq)
    HAL_RCC_GetSysClockFreq                  0x08000e49   Thumb Code    74  stm32f1xx_hal_rcc.o(i.HAL_RCC_GetSysClockFreq)
    HAL_RCC_OscConfig                        0x08000eb5   Thumb Code   778  stm32f1xx_hal_rcc.o(i.HAL_RCC_OscConfig)
    HAL_TIMEx_BreakCallback                  0x080011d5   Thumb Code     2  stm32f1xx_hal_tim_ex.o(i.HAL_TIMEx_BreakCallback)
    HAL_TIMEx_CommutCallback                 0x080011d7   Thumb Code     2  stm32f1xx_hal_tim_ex.o(i.HAL_TIMEx_CommutCallback)
    HAL_TIM_Base_Init                        0x080011d9   Thumb Code    90  stm32f1xx_hal_tim.o(i.HAL_TIM_Base_Init)
    HAL_TIM_Base_MspInit                     0x08001233   Thumb Code     2  stm32f1xx_hal_tim.o(i.HAL_TIM_Base_MspInit)
    HAL_TIM_Base_Start_IT                    0x08001235   Thumb Code    76  stm32f1xx_hal_tim.o(i.HAL_TIM_Base_Start_IT)
    HAL_TIM_IC_CaptureCallback               0x0800128d   Thumb Code     2  stm32f1xx_hal_tim.o(i.HAL_TIM_IC_CaptureCallback)
    HAL_TIM_IRQHandler                       0x0800128f   Thumb Code   358  stm32f1xx_hal_tim.o(i.HAL_TIM_IRQHandler)
    HAL_TIM_OC_DelayElapsedCallback          0x080013f5   Thumb Code     2  stm32f1xx_hal_tim.o(i.HAL_TIM_OC_DelayElapsedCallback)
    HAL_TIM_PWM_PulseFinishedCallback        0x080013f7   Thumb Code     2  stm32f1xx_hal_tim.o(i.HAL_TIM_PWM_PulseFinishedCallback)
    HAL_TIM_PeriodElapsedCallback            0x080013f9   Thumb Code    14  main.o(i.HAL_TIM_PeriodElapsedCallback)
    HAL_TIM_TriggerCallback                  0x0800140d   Thumb Code     2  stm32f1xx_hal_tim.o(i.HAL_TIM_TriggerCallback)
    HAL_UARTEx_RxEventCallback               0x0800140f   Thumb Code     2  stm32f1xx_hal_uart.o(i.HAL_UARTEx_RxEventCallback)
    HAL_UART_DMAStop                         0x08001411   Thumb Code    88  stm32f1xx_hal_uart.o(i.HAL_UART_DMAStop)
    HAL_UART_ErrorCallback                   0x08001469   Thumb Code     2  stm32f1xx_hal_uart.o(i.HAL_UART_ErrorCallback)
    HAL_UART_IRQHandler                      0x0800146d   Thumb Code   520  stm32f1xx_hal_uart.o(i.HAL_UART_IRQHandler)
    HAL_UART_Init                            0x08001679   Thumb Code    98  stm32f1xx_hal_uart.o(i.HAL_UART_Init)
    HAL_UART_MspInit                         0x080016dd   Thumb Code   372  usart.o(i.HAL_UART_MspInit)
    HAL_UART_Receive_DMA                     0x0800186d   Thumb Code    42  stm32f1xx_hal_uart.o(i.HAL_UART_Receive_DMA)
    HAL_UART_Receive_IT                      0x08001897   Thumb Code    42  stm32f1xx_hal_uart.o(i.HAL_UART_Receive_IT)
    HAL_UART_RxCpltCallback                  0x080018c1   Thumb Code    30  main.o(i.HAL_UART_RxCpltCallback)
    HAL_UART_RxHalfCpltCallback              0x080018ed   Thumb Code     2  stm32f1xx_hal_uart.o(i.HAL_UART_RxHalfCpltCallback)
    HAL_UART_Transmit                        0x080018f1   Thumb Code   178  stm32f1xx_hal_uart.o(i.HAL_UART_Transmit)
    HAL_UART_TxCpltCallback                  0x080019a3   Thumb Code     2  stm32f1xx_hal_uart.o(i.HAL_UART_TxCpltCallback)
    HardFault_Handler                        0x080019a5   Thumb Code     2  stm32f1xx_it.o(i.HardFault_Handler)
    InitRs232                                0x080019a7   Thumb Code     2  rs232.o(i.InitRs232)
    InitRs485                                0x080019a9   Thumb Code     4  rs485.o(i.InitRs485)
    InitWeight                               0x080019ad   Thumb Code    60  weight.o(i.InitWeight)
    MX_DMA_Init                              0x080019ed   Thumb Code    88  dma.o(i.MX_DMA_Init)
    MX_FREERTOS_Init                         0x08001a49   Thumb Code   154  freertos.o(i.MX_FREERTOS_Init)
    MX_GPIO_Init                             0x08001aed   Thumb Code   100  gpio.o(i.MX_GPIO_Init)
    MX_USART1_UART_Init                      0x08001b59   Thumb Code    48  usart.o(i.MX_USART1_UART_Init)
    MX_USART3_UART_Init                      0x08001b91   Thumb Code    48  usart.o(i.MX_USART3_UART_Init)
    MemManage_Handler                        0x08001bc9   Thumb Code     2  stm32f1xx_it.o(i.MemManage_Handler)
    NMI_Handler                              0x08001bcb   Thumb Code     2  stm32f1xx_it.o(i.NMI_Handler)
    Rs232_Rec                                0x08001bcd   Thumb Code    68  rs232.o(i.Rs232_Rec)
    Rs232_Send                               0x08001c21   Thumb Code    12  rs232.o(i.Rs232_Send)
    Rs485_Rec                                0x08001c31   Thumb Code    64  rs485.o(i.Rs485_Rec)
    Rs485_Send                               0x08001c81   Thumb Code    42  rs485.o(i.Rs485_Send)
    StartDefaultTask                         0x08001cb1   Thumb Code    12  freertos.o(i.StartDefaultTask)
    SysTick_Handler                          0x08001cbd   Thumb Code    38  port.o(i.SysTick_Handler)
    SystemClock_Config                       0x08001ce9   Thumb Code    94  main.o(i.SystemClock_Config)
    SystemInit                               0x08001d47   Thumb Code     2  system_stm32f1xx.o(i.SystemInit)
    TIM1_UP_IRQHandler                       0x08001d49   Thumb Code     6  stm32f1xx_it.o(i.TIM1_UP_IRQHandler)
    TIM_Base_SetConfig                       0x08001d55   Thumb Code    94  stm32f1xx_hal_tim.o(i.TIM_Base_SetConfig)
    UART_Start_Receive_DMA                   0x08002041   Thumb Code    98  stm32f1xx_hal_uart.o(i.UART_Start_Receive_DMA)
    UART_Start_Receive_IT                    0x080020b1   Thumb Code    54  stm32f1xx_hal_uart.o(i.UART_Start_Receive_IT)
    USART1_IRQHandler                        0x0800214d   Thumb Code    16  stm32f1xx_it.o(i.USART1_IRQHandler)
    USART3_IRQHandler                        0x08002161   Thumb Code    26  stm32f1xx_it.o(i.USART3_IRQHandler)
    UsageFault_Handler                       0x08002185   Thumb Code     2  stm32f1xx_it.o(i.UsageFault_Handler)
    cmd_master_salve                         0x080021a9   Thumb Code   382  cmd.o(i.cmd_master_salve)
    cmd_salve_master                         0x08002359   Thumb Code   276  cmd.o(i.cmd_salve_master)
    cmd_select                               0x080024b5   Thumb Code   424  cmd.o(i.cmd_select)
    cmd_send_close                           0x080026c1   Thumb Code    54  cmd.o(i.cmd_send_close)
    enReceive485                             0x08002715   Thumb Code    28  rs485.o(i.enReceive485)
    enSend485                                0x08002735   Thumb Code    28  rs485.o(i.enSend485)
    main                                     0x08002761   Thumb Code   102  main.o(i.main)
    osDelay                                  0x080027e1   Thumb Code    14  cmsis_os.o(i.osDelay)
    osKernelStart                            0x080027ef   Thumb Code    10  cmsis_os.o(i.osKernelStart)
    osThreadCreate                           0x080027f9   Thumb Code    84  cmsis_os.o(i.osThreadCreate)
    osTimerCreate                            0x0800284d   Thumb Code    60  cmsis_os.o(i.osTimerCreate)
    osTimerStart                             0x0800288d   Thumb Code    88  cmsis_os.o(i.osTimerStart)
    pvPortMalloc                             0x08003059   Thumb Code   210  heap_4.o(i.pvPortMalloc)
    pxPortInitialiseStack                    0x08003131   Thumb Code    32  port.o(i.pxPortInitialiseStack)
    uxListRemove                             0x08003155   Thumb Code    38  list.o(i.uxListRemove)
    vApplicationGetIdleTaskMemory            0x0800317d   Thumb Code    16  freertos.o(i.vApplicationGetIdleTaskMemory)
    vApplicationGetTimerTaskMemory           0x08003191   Thumb Code    18  freertos.o(i.vApplicationGetTimerTaskMemory)
    vListInitialise                          0x080031a9   Thumb Code    22  list.o(i.vListInitialise)
    vListInitialiseItem                      0x080031bf   Thumb Code     6  list.o(i.vListInitialiseItem)
    vListInsert                              0x080031c5   Thumb Code    48  list.o(i.vListInsert)
    vListInsertEnd                           0x080031f5   Thumb Code    24  list.o(i.vListInsertEnd)
    vPortEnterCritical                       0x0800320d   Thumb Code    54  port.o(i.vPortEnterCritical)
    vPortExitCritical                        0x0800324d   Thumb Code    34  port.o(i.vPortExitCritical)
    vPortFree                                0x08003275   Thumb Code    88  heap_4.o(i.vPortFree)
    vPortSetupTimerInterrupt                 0x080032d1   Thumb Code    32  port.o(i.vPortSetupTimerInterrupt)
    vPortValidateInterruptPriority           0x080032f5   Thumb Code    74  port.o(i.vPortValidateInterruptPriority)
    vQueueAddToRegistry                      0x08003349   Thumb Code    34  queue.o(i.vQueueAddToRegistry)
    vQueueWaitForMessageRestricted           0x08003371   Thumb Code    68  queue.o(i.vQueueWaitForMessageRestricted)
    vTaskDelay                               0x080033b5   Thumb Code    66  tasks.o(i.vTaskDelay)
    vTaskInternalSetTimeOutState             0x08003401   Thumb Code    12  tasks.o(i.vTaskInternalSetTimeOutState)
    vTaskMissedYield                         0x08003411   Thumb Code     8  tasks.o(i.vTaskMissedYield)
    vTaskPlaceOnEventList                    0x0800341d   Thumb Code    44  tasks.o(i.vTaskPlaceOnEventList)
    vTaskPlaceOnEventListRestricted          0x0800344d   Thumb Code    52  tasks.o(i.vTaskPlaceOnEventListRestricted)
    vTaskStartScheduler                      0x08003485   Thumb Code   118  tasks.o(i.vTaskStartScheduler)
    vTaskSuspendAll                          0x0800350d   Thumb Code    10  tasks.o(i.vTaskSuspendAll)
    vTaskSwitchContext                       0x0800351d   Thumb Code    82  tasks.o(i.vTaskSwitchContext)
    xPortStartScheduler                      0x08003579   Thumb Code   154  port.o(i.xPortStartScheduler)
    xQueueGenericCreateStatic                0x08003621   Thumb Code   102  queue.o(i.xQueueGenericCreateStatic)
    xQueueGenericReset                       0x08003689   Thumb Code   132  queue.o(i.xQueueGenericReset)
    xQueueGenericSend                        0x08003711   Thumb Code   346  queue.o(i.xQueueGenericSend)
    xQueueGenericSendFromISR                 0x08003871   Thumb Code   188  queue.o(i.xQueueGenericSendFromISR)
    xQueueReceive                            0x0800392d   Thumb Code   308  queue.o(i.xQueueReceive)
    xTaskCheckForTimeOut                     0x08003a65   Thumb Code   112  tasks.o(i.xTaskCheckForTimeOut)
    xTaskCreate                              0x08003ad9   Thumb Code    90  tasks.o(i.xTaskCreate)
    xTaskCreateStatic                        0x08003b33   Thumb Code    86  tasks.o(i.xTaskCreateStatic)
    xTaskGetSchedulerState                   0x08003b89   Thumb Code    22  tasks.o(i.xTaskGetSchedulerState)
    xTaskGetTickCount                        0x08003ba5   Thumb Code     6  tasks.o(i.xTaskGetTickCount)
    xTaskIncrementTick                       0x08003bb1   Thumb Code   192  tasks.o(i.xTaskIncrementTick)
    xTaskPriorityDisinherit                  0x08003c79   Thumb Code   144  tasks.o(i.xTaskPriorityDisinherit)
    xTaskRemoveFromEventList                 0x08003d11   Thumb Code   108  tasks.o(i.xTaskRemoveFromEventList)
    xTaskResumeAll                           0x08003d85   Thumb Code   182  tasks.o(i.xTaskResumeAll)
    xTimerCreate                             0x08003e49   Thumb Code    52  timers.o(i.xTimerCreate)
    xTimerCreateStatic                       0x08003e7d   Thumb Code    46  timers.o(i.xTimerCreateStatic)
    xTimerCreateTimerTask                    0x08003ead   Thumb Code    78  timers.o(i.xTimerCreateTimerTask)
    xTimerGenericCommand                     0x08003f0d   Thumb Code    92  timers.o(i.xTimerGenericCommand)
    AHBPrescTable                            0x08003fb8   Data          16  system_stm32f1xx.o(.constdata)
    APBPrescTable                            0x08003fc8   Data           8  system_stm32f1xx.o(.constdata)
    Region$$Table$$Base                      0x08003fdc   Number         0  anon$$obj.o(Region$$Table)
    Region$$Table$$Limit                     0x08003ffc   Number         0  anon$$obj.o(Region$$Table)
    open_reply_pack                          0x20000000   Data          13  protocol.o(.data)
    moter_pack                               0x2000000d   Data           8  protocol.o(.data)
    close_pack                               0x20000015   Data           8  protocol.o(.data)
    read_motor_pack                          0x2000001d   Data           8  protocol.o(.data)
    read_weight_pack                         0x20000025   Data           8  protocol.o(.data)
    write_10kg_pack                          0x2000002d   Data          13  protocol.o(.data)
    cs_reply_pack                            0x2000003a   Data          12  protocol.o(.data)
    calib_reply_pack                         0x20000046   Data          13  protocol.o(.data)
    calib_pack                               0x20000053   Data           8  protocol.o(.data)
    searchreply_pack                         0x2000005b   Data          20  protocol.o(.data)
    writemotor_reply_pack                    0x2000006f   Data           8  protocol.o(.data)
    calib_pack_receive                       0x20000077   Data           8  protocol.o(.data)
    sendFlag232                              0x20000284   Data           1  main.o(.data)
    sendFlag485                              0x20000285   Data           1  main.o(.data)
    closeFlag1                               0x20000286   Data           1  main.o(.data)
    closeFlag2                               0x20000287   Data           1  main.o(.data)
    closeFlag3                               0x20000288   Data           1  main.o(.data)
    closeFlag4                               0x20000289   Data           1  main.o(.data)
    closeFlag5                               0x2000028a   Data           1  main.o(.data)
    closeFlag6                               0x2000028b   Data           1  main.o(.data)
    door1_state                              0x2000028c   Data           1  main.o(.data)
    door2_state                              0x2000028d   Data           1  main.o(.data)
    door3_state                              0x2000028e   Data           1  main.o(.data)
    door4_state                              0x2000028f   Data           1  main.o(.data)
    door5_state                              0x20000290   Data           1  main.o(.data)
    door6_state                              0x20000291   Data           1  main.o(.data)
    Rx_len485                                0x20000292   Data           1  main.o(.data)
    Rx_len232                                0x20000293   Data           1  main.o(.data)
    defaultTaskHandle                        0x20000294   Data           4  freertos.o(.data)
    DoorTimer01Handle                        0x20000298   Data           4  freertos.o(.data)
    DoorTimer02Handle                        0x2000029c   Data           4  freertos.o(.data)
    DoorTimer03Handle                        0x200002a0   Data           4  freertos.o(.data)
    DoorTimer04Handle                        0x200002a4   Data           4  freertos.o(.data)
    DoorTimer05Handle                        0x200002a8   Data           4  freertos.o(.data)
    DoorTimer06Handle                        0x200002ac   Data           4  freertos.o(.data)
    uwTickFreq                               0x200002b0   Data           1  stm32f1xx_hal.o(.data)
    uwTickPrio                               0x200002b4   Data           4  stm32f1xx_hal.o(.data)
    uwTick                                   0x200002b8   Data           4  stm32f1xx_hal.o(.data)
    SystemCoreClock                          0x200002bc   Data           4  system_stm32f1xx.o(.data)
    pxCurrentTCB                             0x200002c0   Data           4  tasks.o(.data)
    open_pack                                0x20000334   Data          13  protocol.o(.bss)
    replymotor_pack                          0x20000341   Data           9  protocol.o(.bss)
    reply_weight_pack                        0x2000034a   Data           9  protocol.o(.bss)
    cali_search_pack                         0x20000353   Data          12  protocol.o(.bss)
    ReceiveBuff485                           0x2000045f   Data         255  main.o(.bss)
    ReceiveBuff232                           0x2000055e   Data         255  main.o(.bss)
    TransmitBuff485                          0x2000065d   Data         255  main.o(.bss)
    TransmitBuff232                          0x2000075c   Data         255  main.o(.bss)
    huart1                                   0x20000f04   Data          68  usart.o(.bss)
    huart3                                   0x20000f48   Data          68  usart.o(.bss)
    hdma_usart1_rx                           0x20000f8c   Data          68  usart.o(.bss)
    hdma_usart1_tx                           0x20000fd0   Data          68  usart.o(.bss)
    hdma_usart3_rx                           0x20001014   Data          68  usart.o(.bss)
    hdma_usart3_tx                           0x20001058   Data          68  usart.o(.bss)
    htim1                                    0x2000109c   Data          72  stm32f1xx_hal_timebase_tim.o(.bss)
    xQueueRegistry                           0x200010e4   Data          64  queue.o(.bss)
    __libspace_start                         0x20001efc   Data          96  libspace.o(.bss)
    __temporary_stack_top$libspace           0x20001f5c   Data           0  libspace.o(.bss)



==============================================================================

Memory Map of the image

  Image Entry point : 0x080000ed

  Load Region LR_IROM1 (Base: 0x08000000, Size: 0x00004330, Max: 0x00010000, ABSOLUTE, COMPRESSED[0x00004174])

    Execution Region ER_IROM1 (Exec base: 0x08000000, Load base: 0x08000000, Size: 0x00003ffc, Max: 0x00010000, ABSOLUTE)

    Exec Addr    Load Addr    Size         Type   Attr      Idx    E Section Name        Object

    0x08000000   0x08000000   0x000000ec   Data   RO            3    RESET               startup_stm32f103xb.o
    0x080000ec   0x080000ec   0x00000008   Code   RO         4806  * !!!main             c_w.l(__main.o)
    0x080000f4   0x080000f4   0x00000034   Code   RO         4965    !!!scatter          c_w.l(__scatter.o)
    0x08000128   0x08000128   0x0000005a   Code   RO         4963    !!dczerorl2         c_w.l(__dczerorl2.o)
    0x08000182   0x08000182   0x00000002   PAD
    0x08000184   0x08000184   0x0000001c   Code   RO         4967    !!handler_zi        c_w.l(__scatter_zi.o)
    0x080001a0   0x080001a0   0x00000002   Code   RO         4833    .ARM.Collect$$libinit$$00000000  c_w.l(libinit.o)
    0x080001a2   0x080001a2   0x00000000   Code   RO         4840    .ARM.Collect$$libinit$$00000002  c_w.l(libinit2.o)
    0x080001a2   0x080001a2   0x00000000   Code   RO         4842    .ARM.Collect$$libinit$$00000004  c_w.l(libinit2.o)
    0x080001a2   0x080001a2   0x00000000   Code   RO         4845    .ARM.Collect$$libinit$$0000000A  c_w.l(libinit2.o)
    0x080001a2   0x080001a2   0x00000000   Code   RO         4847    .ARM.Collect$$libinit$$0000000C  c_w.l(libinit2.o)
    0x080001a2   0x080001a2   0x00000000   Code   RO         4849    .ARM.Collect$$libinit$$0000000E  c_w.l(libinit2.o)
    0x080001a2   0x080001a2   0x00000000   Code   RO         4852    .ARM.Collect$$libinit$$00000011  c_w.l(libinit2.o)
    0x080001a2   0x080001a2   0x00000000   Code   RO         4854    .ARM.Collect$$libinit$$00000013  c_w.l(libinit2.o)
    0x080001a2   0x080001a2   0x00000000   Code   RO         4856    .ARM.Collect$$libinit$$00000015  c_w.l(libinit2.o)
    0x080001a2   0x080001a2   0x00000000   Code   RO         4858    .ARM.Collect$$libinit$$00000017  c_w.l(libinit2.o)
    0x080001a2   0x080001a2   0x00000000   Code   RO         4860    .ARM.Collect$$libinit$$00000019  c_w.l(libinit2.o)
    0x080001a2   0x080001a2   0x00000000   Code   RO         4862    .ARM.Collect$$libinit$$0000001B  c_w.l(libinit2.o)
    0x080001a2   0x080001a2   0x00000000   Code   RO         4864    .ARM.Collect$$libinit$$0000001D  c_w.l(libinit2.o)
    0x080001a2   0x080001a2   0x00000000   Code   RO         4866    .ARM.Collect$$libinit$$0000001F  c_w.l(libinit2.o)
    0x080001a2   0x080001a2   0x00000000   Code   RO         4868    .ARM.Collect$$libinit$$00000021  c_w.l(libinit2.o)
    0x080001a2   0x080001a2   0x00000000   Code   RO         4870    .ARM.Collect$$libinit$$00000023  c_w.l(libinit2.o)
    0x080001a2   0x080001a2   0x00000000   Code   RO         4872    .ARM.Collect$$libinit$$00000025  c_w.l(libinit2.o)
    0x080001a2   0x080001a2   0x00000000   Code   RO         4876    .ARM.Collect$$libinit$$0000002C  c_w.l(libinit2.o)
    0x080001a2   0x080001a2   0x00000000   Code   RO         4878    .ARM.Collect$$libinit$$0000002E  c_w.l(libinit2.o)
    0x080001a2   0x080001a2   0x00000000   Code   RO         4880    .ARM.Collect$$libinit$$00000030  c_w.l(libinit2.o)
    0x080001a2   0x080001a2   0x00000000   Code   RO         4882    .ARM.Collect$$libinit$$00000032  c_w.l(libinit2.o)
    0x080001a2   0x080001a2   0x00000002   Code   RO         4883    .ARM.Collect$$libinit$$00000033  c_w.l(libinit2.o)
    0x080001a4   0x080001a4   0x00000002   Code   RO         4903    .ARM.Collect$$libshutdown$$00000000  c_w.l(libshutdown.o)
    0x080001a6   0x080001a6   0x00000000   Code   RO         4916    .ARM.Collect$$libshutdown$$00000002  c_w.l(libshutdown2.o)
    0x080001a6   0x080001a6   0x00000000   Code   RO         4918    .ARM.Collect$$libshutdown$$00000004  c_w.l(libshutdown2.o)
    0x080001a6   0x080001a6   0x00000000   Code   RO         4921    .ARM.Collect$$libshutdown$$00000007  c_w.l(libshutdown2.o)
    0x080001a6   0x080001a6   0x00000000   Code   RO         4924    .ARM.Collect$$libshutdown$$0000000A  c_w.l(libshutdown2.o)
    0x080001a6   0x080001a6   0x00000000   Code   RO         4926    .ARM.Collect$$libshutdown$$0000000C  c_w.l(libshutdown2.o)
    0x080001a6   0x080001a6   0x00000000   Code   RO         4929    .ARM.Collect$$libshutdown$$0000000F  c_w.l(libshutdown2.o)
    0x080001a6   0x080001a6   0x00000002   Code   RO         4930    .ARM.Collect$$libshutdown$$00000010  c_w.l(libshutdown2.o)
    0x080001a8   0x080001a8   0x00000000   Code   RO         4808    .ARM.Collect$$rtentry$$00000000  c_w.l(__rtentry.o)
    0x080001a8   0x080001a8   0x00000000   Code   RO         4810    .ARM.Collect$$rtentry$$00000002  c_w.l(__rtentry2.o)
    0x080001a8   0x080001a8   0x00000006   Code   RO         4822    .ARM.Collect$$rtentry$$00000004  c_w.l(__rtentry4.o)
    0x080001ae   0x080001ae   0x00000000   Code   RO         4812    .ARM.Collect$$rtentry$$00000009  c_w.l(__rtentry2.o)
    0x080001ae   0x080001ae   0x00000004   Code   RO         4813    .ARM.Collect$$rtentry$$0000000A  c_w.l(__rtentry2.o)
    0x080001b2   0x080001b2   0x00000000   Code   RO         4815    .ARM.Collect$$rtentry$$0000000C  c_w.l(__rtentry2.o)
    0x080001b2   0x080001b2   0x00000008   Code   RO         4816    .ARM.Collect$$rtentry$$0000000D  c_w.l(__rtentry2.o)
    0x080001ba   0x080001ba   0x00000002   Code   RO         4837    .ARM.Collect$$rtexit$$00000000  c_w.l(rtexit.o)
    0x080001bc   0x080001bc   0x00000000   Code   RO         4885    .ARM.Collect$$rtexit$$00000002  c_w.l(rtexit2.o)
    0x080001bc   0x080001bc   0x00000004   Code   RO         4886    .ARM.Collect$$rtexit$$00000003  c_w.l(rtexit2.o)
    0x080001c0   0x080001c0   0x00000006   Code   RO         4887    .ARM.Collect$$rtexit$$00000004  c_w.l(rtexit2.o)
    0x080001c6   0x080001c6   0x00000002   PAD
    0x080001c8   0x080001c8   0x00000096   Code   RO         4711    .emb_text           port.o
    0x0800025e   0x0800025e   0x00000002   PAD
    0x08000260   0x08000260   0x00000040   Code   RO            4    .text               startup_stm32f103xb.o
    0x080002a0   0x080002a0   0x00000058   Code   RO         4792    .text               c_w.l(memcmp.o)
    0x080002f8   0x080002f8   0x0000008a   Code   RO         4794    .text               c_w.l(rt_memcpy_v6.o)
    0x08000382   0x08000382   0x00000064   Code   RO         4796    .text               c_w.l(rt_memcpy_w.o)
    0x080003e6   0x080003e6   0x00000044   Code   RO         4800    .text               c_w.l(rt_memclr.o)
    0x0800042a   0x0800042a   0x0000004e   Code   RO         4802    .text               c_w.l(rt_memclr_w.o)
    0x08000478   0x08000478   0x00000006   Code   RO         4804    .text               c_w.l(heapauxi.o)
    0x0800047e   0x0800047e   0x0000004a   Code   RO         4824    .text               c_w.l(sys_stackheap_outer.o)
    0x080004c8   0x080004c8   0x00000012   Code   RO         4826    .text               c_w.l(exit.o)
    0x080004da   0x080004da   0x00000002   PAD
    0x080004dc   0x080004dc   0x00000008   Code   RO         4834    .text               c_w.l(libspace.o)
    0x080004e4   0x080004e4   0x0000000c   Code   RO         4895    .text               c_w.l(sys_exit.o)
    0x080004f0   0x080004f0   0x00000002   Code   RO         4906    .text               c_w.l(use_no_semi.o)
    0x080004f2   0x080004f2   0x00000000   Code   RO         4908    .text               c_w.l(indicate_semi.o)
    0x080004f2   0x080004f2   0x00000002   Code   RO          827    i.BusFault_Handler  stm32f1xx_it.o
    0x080004f4   0x080004f4   0x0000002c   Code   RO          183    i.CRC16             crc.o
    0x08000520   0x08000520   0x0000000c   Code   RO          828    i.DMA1_Channel2_IRQHandler  stm32f1xx_it.o
    0x0800052c   0x0800052c   0x0000000c   Code   RO          829    i.DMA1_Channel3_IRQHandler  stm32f1xx_it.o
    0x08000538   0x08000538   0x0000000c   Code   RO          830    i.DMA1_Channel4_IRQHandler  stm32f1xx_it.o
    0x08000544   0x08000544   0x0000000c   Code   RO          831    i.DMA1_Channel5_IRQHandler  stm32f1xx_it.o
    0x08000550   0x08000550   0x0000002a   Code   RO         1401    i.DMA_SetConfig     stm32f1xx_hal_dma.o
    0x0800057a   0x0800057a   0x00000002   Code   RO          832    i.DebugMon_Handler  stm32f1xx_it.o
    0x0800057c   0x0800057c   0x00000018   Code   RO          633    i.DoorCallback01    freertos.o
    0x08000594   0x08000594   0x00000018   Code   RO          634    i.DoorCallback02    freertos.o
    0x080005ac   0x080005ac   0x00000018   Code   RO          635    i.DoorCallback03    freertos.o
    0x080005c4   0x080005c4   0x00000018   Code   RO          636    i.DoorCallback04    freertos.o
    0x080005dc   0x080005dc   0x00000018   Code   RO          637    i.DoorCallback05    freertos.o
    0x080005f4   0x080005f4   0x00000018   Code   RO          638    i.DoorCallback06    freertos.o
    0x0800060c   0x0800060c   0x00000004   Code   RO          384    i.Error_Handler     main.o
    0x08000610   0x08000610   0x00000046   Code   RO         1402    i.HAL_DMA_Abort     stm32f1xx_hal_dma.o
    0x08000656   0x08000656   0x00000002   PAD
    0x08000658   0x08000658   0x00000098   Code   RO         1403    i.HAL_DMA_Abort_IT  stm32f1xx_hal_dma.o
    0x080006f0   0x080006f0   0x00000154   Code   RO         1407    i.HAL_DMA_IRQHandler  stm32f1xx_hal_dma.o
    0x08000844   0x08000844   0x0000005c   Code   RO         1408    i.HAL_DMA_Init      stm32f1xx_hal_dma.o
    0x080008a0   0x080008a0   0x00000070   Code   RO         1412    i.HAL_DMA_Start_IT  stm32f1xx_hal_dma.o
    0x08000910   0x08000910   0x00000024   Code   RO         1030    i.HAL_Delay         stm32f1xx_hal.o
    0x08000934   0x08000934   0x000001e0   Code   RO         1338    i.HAL_GPIO_Init     stm32f1xx_hal_gpio.o
    0x08000b14   0x08000b14   0x0000000a   Code   RO         1342    i.HAL_GPIO_WritePin  stm32f1xx_hal_gpio.o
    0x08000b1e   0x08000b1e   0x00000002   PAD
    0x08000b20   0x08000b20   0x0000000c   Code   RO         1034    i.HAL_GetTick       stm32f1xx_hal.o
    0x08000b2c   0x08000b2c   0x00000010   Code   RO         1040    i.HAL_IncTick       stm32f1xx_hal.o
    0x08000b3c   0x08000b3c   0x00000024   Code   RO         1041    i.HAL_Init          stm32f1xx_hal.o
    0x08000b60   0x08000b60   0x00000074   Code   RO          948    i.HAL_InitTick      stm32f1xx_hal_timebase_tim.o
    0x08000bd4   0x08000bd4   0x00000048   Code   RO          924    i.HAL_MspInit       stm32f1xx_hal_msp.o
    0x08000c1c   0x08000c1c   0x0000001a   Code   RO         1498    i.HAL_NVIC_EnableIRQ  stm32f1xx_hal_cortex.o
    0x08000c36   0x08000c36   0x00000002   PAD
    0x08000c38   0x08000c38   0x00000040   Code   RO         1504    i.HAL_NVIC_SetPriority  stm32f1xx_hal_cortex.o
    0x08000c78   0x08000c78   0x00000024   Code   RO         1505    i.HAL_NVIC_SetPriorityGrouping  stm32f1xx_hal_cortex.o
    0x08000c9c   0x08000c9c   0x0000012c   Code   RO         1198    i.HAL_RCC_ClockConfig  stm32f1xx_hal_rcc.o
    0x08000dc8   0x08000dc8   0x00000040   Code   RO         1202    i.HAL_RCC_GetClockConfig  stm32f1xx_hal_rcc.o
    0x08000e08   0x08000e08   0x00000020   Code   RO         1205    i.HAL_RCC_GetPCLK1Freq  stm32f1xx_hal_rcc.o
    0x08000e28   0x08000e28   0x00000020   Code   RO         1206    i.HAL_RCC_GetPCLK2Freq  stm32f1xx_hal_rcc.o
    0x08000e48   0x08000e48   0x0000006c   Code   RO         1207    i.HAL_RCC_GetSysClockFreq  stm32f1xx_hal_rcc.o
    0x08000eb4   0x08000eb4   0x00000320   Code   RO         1210    i.HAL_RCC_OscConfig  stm32f1xx_hal_rcc.o
    0x080011d4   0x080011d4   0x00000002   Code   RO         2704    i.HAL_TIMEx_BreakCallback  stm32f1xx_hal_tim_ex.o
    0x080011d6   0x080011d6   0x00000002   Code   RO         2705    i.HAL_TIMEx_CommutCallback  stm32f1xx_hal_tim_ex.o
    0x080011d8   0x080011d8   0x0000005a   Code   RO         2000    i.HAL_TIM_Base_Init  stm32f1xx_hal_tim.o
    0x08001232   0x08001232   0x00000002   Code   RO         2002    i.HAL_TIM_Base_MspInit  stm32f1xx_hal_tim.o
    0x08001234   0x08001234   0x00000058   Code   RO         2005    i.HAL_TIM_Base_Start_IT  stm32f1xx_hal_tim.o
    0x0800128c   0x0800128c   0x00000002   Code   RO         2034    i.HAL_TIM_IC_CaptureCallback  stm32f1xx_hal_tim.o
    0x0800128e   0x0800128e   0x00000166   Code   RO         2048    i.HAL_TIM_IRQHandler  stm32f1xx_hal_tim.o
    0x080013f4   0x080013f4   0x00000002   Code   RO         2051    i.HAL_TIM_OC_DelayElapsedCallback  stm32f1xx_hal_tim.o
    0x080013f6   0x080013f6   0x00000002   Code   RO         2078    i.HAL_TIM_PWM_PulseFinishedCallback  stm32f1xx_hal_tim.o
    0x080013f8   0x080013f8   0x00000014   Code   RO          385    i.HAL_TIM_PeriodElapsedCallback  main.o
    0x0800140c   0x0800140c   0x00000002   Code   RO         2091    i.HAL_TIM_TriggerCallback  stm32f1xx_hal_tim.o
    0x0800140e   0x0800140e   0x00000002   Code   RO         2982    i.HAL_UARTEx_RxEventCallback  stm32f1xx_hal_uart.o
    0x08001410   0x08001410   0x00000058   Code   RO         2994    i.HAL_UART_DMAStop  stm32f1xx_hal_uart.o
    0x08001468   0x08001468   0x00000002   Code   RO         2996    i.HAL_UART_ErrorCallback  stm32f1xx_hal_uart.o
    0x0800146a   0x0800146a   0x00000002   PAD
    0x0800146c   0x0800146c   0x0000020c   Code   RO         2999    i.HAL_UART_IRQHandler  stm32f1xx_hal_uart.o
    0x08001678   0x08001678   0x00000062   Code   RO         3000    i.HAL_UART_Init     stm32f1xx_hal_uart.o
    0x080016da   0x080016da   0x00000002   PAD
    0x080016dc   0x080016dc   0x00000190   Code   RO          776    i.HAL_UART_MspInit  usart.o
    0x0800186c   0x0800186c   0x0000002a   Code   RO         3004    i.HAL_UART_Receive_DMA  stm32f1xx_hal_uart.o
    0x08001896   0x08001896   0x0000002a   Code   RO         3005    i.HAL_UART_Receive_IT  stm32f1xx_hal_uart.o
    0x080018c0   0x080018c0   0x0000002c   Code   RO          386    i.HAL_UART_RxCpltCallback  main.o
    0x080018ec   0x080018ec   0x00000002   Code   RO         3007    i.HAL_UART_RxHalfCpltCallback  stm32f1xx_hal_uart.o
    0x080018ee   0x080018ee   0x00000002   PAD
    0x080018f0   0x080018f0   0x000000b2   Code   RO         3008    i.HAL_UART_Transmit  stm32f1xx_hal_uart.o
    0x080019a2   0x080019a2   0x00000002   Code   RO         3011    i.HAL_UART_TxCpltCallback  stm32f1xx_hal_uart.o
    0x080019a4   0x080019a4   0x00000002   Code   RO          833    i.HardFault_Handler  stm32f1xx_it.o
    0x080019a6   0x080019a6   0x00000002   Code   RO           44    i.InitRs232         rs232.o
    0x080019a8   0x080019a8   0x00000004   Code   RO          209    i.InitRs485         rs485.o
    0x080019ac   0x080019ac   0x00000040   Code   RO          359    i.InitWeight        weight.o
    0x080019ec   0x080019ec   0x0000005c   Code   RO          748    i.MX_DMA_Init       dma.o
    0x08001a48   0x08001a48   0x000000a4   Code   RO          639    i.MX_FREERTOS_Init  freertos.o
    0x08001aec   0x08001aec   0x0000006c   Code   RO          609    i.MX_GPIO_Init      gpio.o
    0x08001b58   0x08001b58   0x00000038   Code   RO          777    i.MX_USART1_UART_Init  usart.o
    0x08001b90   0x08001b90   0x00000038   Code   RO          778    i.MX_USART3_UART_Init  usart.o
    0x08001bc8   0x08001bc8   0x00000002   Code   RO          834    i.MemManage_Handler  stm32f1xx_it.o
    0x08001bca   0x08001bca   0x00000002   Code   RO          835    i.NMI_Handler       stm32f1xx_it.o
    0x08001bcc   0x08001bcc   0x00000054   Code   RO           45    i.Rs232_Rec         rs232.o
    0x08001c20   0x08001c20   0x00000010   Code   RO           46    i.Rs232_Send        rs232.o
    0x08001c30   0x08001c30   0x00000050   Code   RO          210    i.Rs485_Rec         rs485.o
    0x08001c80   0x08001c80   0x00000030   Code   RO          211    i.Rs485_Send        rs485.o
    0x08001cb0   0x08001cb0   0x0000000c   Code   RO          640    i.StartDefaultTask  freertos.o
    0x08001cbc   0x08001cbc   0x0000002c   Code   RO         4712    i.SysTick_Handler   port.o
    0x08001ce8   0x08001ce8   0x0000005e   Code   RO          387    i.SystemClock_Config  main.o
    0x08001d46   0x08001d46   0x00000002   Code   RO         3329    i.SystemInit        system_stm32f1xx.o
    0x08001d48   0x08001d48   0x0000000c   Code   RO          836    i.TIM1_UP_IRQHandler  stm32f1xx_it.o
    0x08001d54   0x08001d54   0x0000006c   Code   RO         2093    i.TIM_Base_SetConfig  stm32f1xx_hal_tim.o
    0x08001dc0   0x08001dc0   0x00000010   Code   RO         3013    i.UART_DMAAbortOnError  stm32f1xx_hal_uart.o
    0x08001dd0   0x08001dd0   0x0000004a   Code   RO         3014    i.UART_DMAError     stm32f1xx_hal_uart.o
    0x08001e1a   0x08001e1a   0x0000005a   Code   RO         3015    i.UART_DMAReceiveCplt  stm32f1xx_hal_uart.o
    0x08001e74   0x08001e74   0x0000001a   Code   RO         3017    i.UART_DMARxHalfCplt  stm32f1xx_hal_uart.o
    0x08001e8e   0x08001e8e   0x00000030   Code   RO         3023    i.UART_EndRxTransfer  stm32f1xx_hal_uart.o
    0x08001ebe   0x08001ebe   0x00000012   Code   RO         3024    i.UART_EndTxTransfer  stm32f1xx_hal_uart.o
    0x08001ed0   0x08001ed0   0x000000b6   Code   RO         3025    i.UART_Receive_IT   stm32f1xx_hal_uart.o
    0x08001f86   0x08001f86   0x00000002   PAD
    0x08001f88   0x08001f88   0x000000b8   Code   RO         3026    i.UART_SetConfig    stm32f1xx_hal_uart.o
    0x08002040   0x08002040   0x00000070   Code   RO         3027    i.UART_Start_Receive_DMA  stm32f1xx_hal_uart.o
    0x080020b0   0x080020b0   0x00000036   Code   RO         3028    i.UART_Start_Receive_IT  stm32f1xx_hal_uart.o
    0x080020e6   0x080020e6   0x00000064   Code   RO         3029    i.UART_WaitOnFlagUntilTimeout  stm32f1xx_hal_uart.o
    0x0800214a   0x0800214a   0x00000002   PAD
    0x0800214c   0x0800214c   0x00000014   Code   RO          837    i.USART1_IRQHandler  stm32f1xx_it.o
    0x08002160   0x08002160   0x00000024   Code   RO          838    i.USART3_IRQHandler  stm32f1xx_it.o
    0x08002184   0x08002184   0x00000002   Code   RO          839    i.UsageFault_Handler  stm32f1xx_it.o
    0x08002186   0x08002186   0x00000020   Code   RO         1511    i.__NVIC_SetPriority  stm32f1xx_hal_cortex.o
    0x080021a6   0x080021a6   0x00000002   PAD
    0x080021a8   0x080021a8   0x000001b0   Code   RO          256    i.cmd_master_salve  cmd.o
    0x08002358   0x08002358   0x0000015c   Code   RO          257    i.cmd_salve_master  cmd.o
    0x080024b4   0x080024b4   0x0000020c   Code   RO          258    i.cmd_select        cmd.o
    0x080026c0   0x080026c0   0x00000054   Code   RO          259    i.cmd_send_close    cmd.o
    0x08002714   0x08002714   0x00000020   Code   RO          212    i.enReceive485      rs485.o
    0x08002734   0x08002734   0x00000020   Code   RO          213    i.enSend485         rs485.o
    0x08002754   0x08002754   0x0000000c   Code   RO         4290    i.inHandlerMode     cmsis_os.o
    0x08002760   0x08002760   0x00000074   Code   RO          388    i.main              main.o
    0x080027d4   0x080027d4   0x0000000c   Code   RO         4292    i.makeFreeRtosPriority  cmsis_os.o
    0x080027e0   0x080027e0   0x0000000e   Code   RO         4294    i.osDelay           cmsis_os.o
    0x080027ee   0x080027ee   0x0000000a   Code   RO         4297    i.osKernelStart     cmsis_os.o
    0x080027f8   0x080027f8   0x00000054   Code   RO         4331    i.osThreadCreate    cmsis_os.o
    0x0800284c   0x0800284c   0x00000040   Code   RO         4342    i.osTimerCreate     cmsis_os.o
    0x0800288c   0x0800288c   0x0000005c   Code   RO         4344    i.osTimerStart      cmsis_os.o
    0x080028e8   0x080028e8   0x00000070   Code   RO         3862    i.prvAddCurrentTaskToDelayedList  tasks.o
    0x08002958   0x08002958   0x000000d0   Code   RO         3863    i.prvAddNewTaskToReadyList  tasks.o
    0x08002a28   0x08002a28   0x00000058   Code   RO         4161    i.prvCheckForValidListAndQueue  timers.o
    0x08002a80   0x08002a80   0x00000026   Code   RO         3538    i.prvCopyDataFromQueue  queue.o
    0x08002aa6   0x08002aa6   0x0000006c   Code   RO         3539    i.prvCopyDataToQueue  queue.o
    0x08002b12   0x08002b12   0x00000034   Code   RO         3864    i.prvDeleteTCB      tasks.o
    0x08002b46   0x08002b46   0x00000002   PAD
    0x08002b48   0x08002b48   0x0000004c   Code   RO         4662    i.prvHeapInit       heap_4.o
    0x08002b94   0x08002b94   0x00000060   Code   RO         3865    i.prvIdleTask       tasks.o
    0x08002bf4   0x08002bf4   0x00000016   Code   RO         3541    i.prvInitialiseNewQueue  queue.o
    0x08002c0a   0x08002c0a   0x0000008e   Code   RO         3866    i.prvInitialiseNewTask  tasks.o
    0x08002c98   0x08002c98   0x00000044   Code   RO         4162    i.prvInitialiseNewTimer  timers.o
    0x08002cdc   0x08002cdc   0x0000004c   Code   RO         4663    i.prvInsertBlockIntoFreeList  heap_4.o
    0x08002d28   0x08002d28   0x00000038   Code   RO         4163    i.prvInsertTimerInActiveList  timers.o
    0x08002d60   0x08002d60   0x0000001c   Code   RO         3542    i.prvIsQueueEmpty   queue.o
    0x08002d7c   0x08002d7c   0x000000bc   Code   RO         4164    i.prvProcessReceivedCommands  timers.o
    0x08002e38   0x08002e38   0x000000b4   Code   RO         4165    i.prvProcessTimerOrBlockTask  timers.o
    0x08002eec   0x08002eec   0x00000020   Code   RO         3867    i.prvResetNextTaskUnblockTime  tasks.o
    0x08002f0c   0x08002f0c   0x00000028   Code   RO         4166    i.prvSampleTimeNow  timers.o
    0x08002f34   0x08002f34   0x0000006c   Code   RO         4167    i.prvSwitchTimerLists  timers.o
    0x08002fa0   0x08002fa0   0x00000028   Code   RO         4713    i.prvTaskExitError  port.o
    0x08002fc8   0x08002fc8   0x00000024   Code   RO         4168    i.prvTimerTask      timers.o
    0x08002fec   0x08002fec   0x0000006a   Code   RO         3543    i.prvUnlockQueue    queue.o
    0x08003056   0x08003056   0x00000002   PAD
    0x08003058   0x08003058   0x000000d8   Code   RO         4664    i.pvPortMalloc      heap_4.o
    0x08003130   0x08003130   0x00000024   Code   RO         4714    i.pxPortInitialiseStack  port.o
    0x08003154   0x08003154   0x00000026   Code   RO         3498    i.uxListRemove      list.o
    0x0800317a   0x0800317a   0x00000002   PAD
    0x0800317c   0x0800317c   0x00000014   Code   RO          641    i.vApplicationGetIdleTaskMemory  freertos.o
    0x08003190   0x08003190   0x00000018   Code   RO          642    i.vApplicationGetTimerTaskMemory  freertos.o
    0x080031a8   0x080031a8   0x00000016   Code   RO         3499    i.vListInitialise   list.o
    0x080031be   0x080031be   0x00000006   Code   RO         3500    i.vListInitialiseItem  list.o
    0x080031c4   0x080031c4   0x00000030   Code   RO         3501    i.vListInsert       list.o
    0x080031f4   0x080031f4   0x00000018   Code   RO         3502    i.vListInsertEnd    list.o
    0x0800320c   0x0800320c   0x00000040   Code   RO         4716    i.vPortEnterCritical  port.o
    0x0800324c   0x0800324c   0x00000028   Code   RO         4717    i.vPortExitCritical  port.o
    0x08003274   0x08003274   0x0000005c   Code   RO         4665    i.vPortFree         heap_4.o
    0x080032d0   0x080032d0   0x00000024   Code   RO         4718    i.vPortSetupTimerInterrupt  port.o
    0x080032f4   0x080032f4   0x00000054   Code   RO         4719    i.vPortValidateInterruptPriority  port.o
    0x08003348   0x08003348   0x00000028   Code   RO         3547    i.vQueueAddToRegistry  queue.o
    0x08003370   0x08003370   0x00000044   Code   RO         3550    i.vQueueWaitForMessageRestricted  queue.o
    0x080033b4   0x080033b4   0x0000004c   Code   RO         3875    i.vTaskDelay        tasks.o
    0x08003400   0x08003400   0x00000010   Code   RO         3878    i.vTaskInternalSetTimeOutState  tasks.o
    0x08003410   0x08003410   0x0000000c   Code   RO         3879    i.vTaskMissedYield  tasks.o
    0x0800341c   0x0800341c   0x00000030   Code   RO         3881    i.vTaskPlaceOnEventList  tasks.o
    0x0800344c   0x0800344c   0x00000038   Code   RO         3882    i.vTaskPlaceOnEventListRestricted  tasks.o
    0x08003484   0x08003484   0x00000088   Code   RO         3889    i.vTaskStartScheduler  tasks.o
    0x0800350c   0x0800350c   0x00000010   Code   RO         3891    i.vTaskSuspendAll   tasks.o
    0x0800351c   0x0800351c   0x0000005c   Code   RO         3892    i.vTaskSwitchContext  tasks.o
    0x08003578   0x08003578   0x000000a8   Code   RO         4720    i.xPortStartScheduler  port.o
    0x08003620   0x08003620   0x00000066   Code   RO         3554    i.xQueueGenericCreateStatic  queue.o
    0x08003686   0x08003686   0x00000002   PAD
    0x08003688   0x08003688   0x00000088   Code   RO         3555    i.xQueueGenericReset  queue.o
    0x08003710   0x08003710   0x00000160   Code   RO         3556    i.xQueueGenericSend  queue.o
    0x08003870   0x08003870   0x000000bc   Code   RO         3557    i.xQueueGenericSendFromISR  queue.o
    0x0800392c   0x0800392c   0x00000138   Code   RO         3563    i.xQueueReceive     queue.o
    0x08003a64   0x08003a64   0x00000074   Code   RO         3893    i.xTaskCheckForTimeOut  tasks.o
    0x08003ad8   0x08003ad8   0x0000005a   Code   RO         3894    i.xTaskCreate       tasks.o
    0x08003b32   0x08003b32   0x00000056   Code   RO         3895    i.xTaskCreateStatic  tasks.o
    0x08003b88   0x08003b88   0x0000001c   Code   RO         3899    i.xTaskGetSchedulerState  tasks.o
    0x08003ba4   0x08003ba4   0x0000000c   Code   RO         3900    i.xTaskGetTickCount  tasks.o
    0x08003bb0   0x08003bb0   0x000000c8   Code   RO         3902    i.xTaskIncrementTick  tasks.o
    0x08003c78   0x08003c78   0x00000098   Code   RO         3905    i.xTaskPriorityDisinherit  tasks.o
    0x08003d10   0x08003d10   0x00000074   Code   RO         3907    i.xTaskRemoveFromEventList  tasks.o
    0x08003d84   0x08003d84   0x000000c4   Code   RO         3908    i.xTaskResumeAll    tasks.o
    0x08003e48   0x08003e48   0x00000034   Code   RO         4171    i.xTimerCreate      timers.o
    0x08003e7c   0x08003e7c   0x0000002e   Code   RO         4172    i.xTimerCreateStatic  timers.o
    0x08003eaa   0x08003eaa   0x00000002   PAD
    0x08003eac   0x08003eac   0x00000060   Code   RO         4173    i.xTimerCreateTimerTask  timers.o
    0x08003f0c   0x08003f0c   0x00000060   Code   RO         4174    i.xTimerGenericCommand  timers.o
    0x08003f6c   0x08003f6c   0x0000004c   Data   RO          644    .constdata          freertos.o
    0x08003fb8   0x08003fb8   0x00000010   Data   RO         3330    .constdata          system_stm32f1xx.o
    0x08003fc8   0x08003fc8   0x00000008   Data   RO         3331    .constdata          system_stm32f1xx.o
    0x08003fd0   0x08003fd0   0x0000000c   Data   RO          645    .conststring        freertos.o
    0x08003fdc   0x08003fdc   0x00000020   Data   RO         4961    Region$$Table       anon$$obj.o


    Execution Region RW_IRAM1 (Exec base: 0x20000000, Load base: 0x08003ffc, Size: 0x00002560, Max: 0x00005000, ABSOLUTE, COMPRESSED[0x00000178])

    Exec Addr    Load Addr    Size         Type   Attr      Idx    E Section Name        Object

    0x20000000   COMPRESSED   0x0000000d   Data   RW           14    .data               protocol.o
    0x2000000d   COMPRESSED   0x00000008   Data   RW           15    .data               protocol.o
    0x20000015   COMPRESSED   0x00000008   Data   RW           16    .data               protocol.o
    0x2000001d   COMPRESSED   0x00000008   Data   RW           17    .data               protocol.o
    0x20000025   COMPRESSED   0x00000008   Data   RW           18    .data               protocol.o
    0x2000002d   COMPRESSED   0x0000000d   Data   RW           19    .data               protocol.o
    0x2000003a   COMPRESSED   0x0000000c   Data   RW           20    .data               protocol.o
    0x20000046   COMPRESSED   0x0000000d   Data   RW           21    .data               protocol.o
    0x20000053   COMPRESSED   0x00000008   Data   RW           22    .data               protocol.o
    0x2000005b   COMPRESSED   0x00000014   Data   RW           23    .data               protocol.o
    0x2000006f   COMPRESSED   0x00000008   Data   RW           24    .data               protocol.o
    0x20000077   COMPRESSED   0x00000008   Data   RW           25    .data               protocol.o
    0x2000007f   COMPRESSED   0x00000200   Data   RW          185    .data               crc.o
    0x2000027f   COMPRESSED   0x00000001   PAD
    0x20000280   COMPRESSED   0x00000004   Data   RW          261    .data               cmd.o
    0x20000284   COMPRESSED   0x00000001   Data   RW          392    .data               main.o
    0x20000285   COMPRESSED   0x00000001   Data   RW          393    .data               main.o
    0x20000286   COMPRESSED   0x00000001   Data   RW          394    .data               main.o
    0x20000287   COMPRESSED   0x00000001   Data   RW          395    .data               main.o
    0x20000288   COMPRESSED   0x00000001   Data   RW          396    .data               main.o
    0x20000289   COMPRESSED   0x00000001   Data   RW          397    .data               main.o
    0x2000028a   COMPRESSED   0x00000001   Data   RW          398    .data               main.o
    0x2000028b   COMPRESSED   0x00000001   Data   RW          399    .data               main.o
    0x2000028c   COMPRESSED   0x00000001   Data   RW          400    .data               main.o
    0x2000028d   COMPRESSED   0x00000001   Data   RW          401    .data               main.o
    0x2000028e   COMPRESSED   0x00000001   Data   RW          402    .data               main.o
    0x2000028f   COMPRESSED   0x00000001   Data   RW          403    .data               main.o
    0x20000290   COMPRESSED   0x00000001   Data   RW          404    .data               main.o
    0x20000291   COMPRESSED   0x00000001   Data   RW          405    .data               main.o
    0x20000292   COMPRESSED   0x00000001   Data   RW          406    .data               main.o
    0x20000293   COMPRESSED   0x00000001   Data   RW          407    .data               main.o
    0x20000294   COMPRESSED   0x0000001c   Data   RW          646    .data               freertos.o
    0x200002b0   COMPRESSED   0x0000000c   Data   RW         1048    .data               stm32f1xx_hal.o
    0x200002bc   COMPRESSED   0x00000004   Data   RW         3332    .data               system_stm32f1xx.o
    0x200002c0   COMPRESSED   0x0000003c   Data   RW         3911    .data               tasks.o
    0x200002fc   COMPRESSED   0x00000014   Data   RW         4180    .data               timers.o
    0x20000310   COMPRESSED   0x00000018   Data   RW         4670    .data               heap_4.o
    0x20000328   COMPRESSED   0x0000000c   Data   RW         4721    .data               port.o
    0x20000334        -       0x0000000d   Zero   RW           10    .bss                protocol.o
    0x20000341        -       0x00000009   Zero   RW           11    .bss                protocol.o
    0x2000034a        -       0x00000009   Zero   RW           12    .bss                protocol.o
    0x20000353        -       0x0000000c   Zero   RW           13    .bss                protocol.o
    0x2000035f        -       0x00000100   Zero   RW          260    .bss                cmd.o
    0x2000045f        -       0x000001fe   Zero   RW          389    .bss                main.o
    0x2000065d        -       0x000000ff   Zero   RW          390    .bss                main.o
    0x2000075c        -       0x000000ff   Zero   RW          391    .bss                main.o
    0x2000085b   COMPRESSED   0x00000001   PAD
    0x2000085c        -       0x000006a8   Zero   RW          643    .bss                freertos.o
    0x20000f04        -       0x00000198   Zero   RW          779    .bss                usart.o
    0x2000109c        -       0x00000048   Zero   RW          951    .bss                stm32f1xx_hal_timebase_tim.o
    0x200010e4        -       0x00000040   Zero   RW         3566    .bss                queue.o
    0x20001124        -       0x000000f0   Zero   RW         3910    .bss                tasks.o
    0x20001214        -       0x000000e8   Zero   RW         4179    .bss                timers.o
    0x200012fc        -       0x00000c00   Zero   RW         4669    .bss                heap_4.o
    0x20001efc        -       0x00000060   Zero   RW         4835    .bss                c_w.l(libspace.o)
    0x20001f5c   COMPRESSED   0x00000004   PAD
    0x20001f60        -       0x00000200   Zero   RW            2    HEAP                startup_stm32f103xb.o
    0x20002160        -       0x00000400   Zero   RW            1    STACK               startup_stm32f103xb.o


==============================================================================

Image component sizes


      Code (inc. data)   RO Data    RW Data    ZI Data      Debug   Object Name

      1388        294          0          4        256      34170   cmd.o
       288          8          0          0          0      30052   cmsis_os.o
        44          4          0        512          0       1304   crc.o
         0          0          0          0          0       7356   croutine.o
        92          4          0          0          0        742   dma.o
         0          0          0          0          0      20504   event_groups.o
       364         80         88         28       1704       6389   freertos.o
       108          8          0          0          0        863   gpio.o
       460         24          0         24       3072       4507   heap_4.o
       138          0          0          0          0       3234   list.o
       278         34          0         16       1020     418904   main.o
       662         70          0         12          0      10829   port.o
         0          0          0        127         43       8366   protocol.o
      1500         20          0          0         64      16360   queue.o
       102         20          0          0          0     422493   rs232.o
       196         30          0          0          0       2438   rs485.o
        64         26        236          0       1536        792   startup_stm32f103xb.o
       100         18          0         12          0       5102   stm32f1xx_hal.o
       158         14          0          0          0      28078   stm32f1xx_hal_cortex.o
       808         36          0          0          0       4846   stm32f1xx_hal_dma.o
       490         34          0          0          0       2832   stm32f1xx_hal_gpio.o
        72         10          0          0          0        830   stm32f1xx_hal_msp.o
      1336        110          0          0          0       5673   stm32f1xx_hal_rcc.o
       654         26          0          0          0       6820   stm32f1xx_hal_tim.o
         4          0          0          0          0       1489   stm32f1xx_hal_tim_ex.o
       116         18          0          0         72       1359   stm32f1xx_hal_timebase_tim.o
      1884         24          0          0          0      15089   stm32f1xx_hal_uart.o
       128         44          0          0          0       5514   stm32f1xx_it.o
         0          0          0          0          0        392   stream_buffer.o
         2          0         24          4          0       1059   system_stm32f1xx.o
      2090        158          0         60        240      22368   tasks.o
      1054         78          0         20        232      28783   timers.o
       512         44          0          0        408       2647   usart.o
        64          4          0          0          0        521   weight.o

    ----------------------------------------------------------------------
     15186       1240        380        820       8648    1122705   Object Totals
         0          0         32          0          0          0   (incl. Generated)
        30          0          0          1          1          0   (incl. Padding)

    ----------------------------------------------------------------------

      Code (inc. data)   RO Data    RW Data    ZI Data      Debug   Library Member Name

        90          0          0          0          0          0   __dczerorl2.o
         8          0          0          0          0         68   __main.o
         0          0          0          0          0          0   __rtentry.o
        12          0          0          0          0          0   __rtentry2.o
         6          0          0          0          0          0   __rtentry4.o
        52          8          0          0          0          0   __scatter.o
        28          0          0          0          0          0   __scatter_zi.o
        18          0          0          0          0         80   exit.o
         6          0          0          0          0        152   heapauxi.o
         0          0          0          0          0          0   indicate_semi.o
         2          0          0          0          0          0   libinit.o
         2          0          0          0          0          0   libinit2.o
         2          0          0          0          0          0   libshutdown.o
         2          0          0          0          0          0   libshutdown2.o
         8          4          0          0         96         68   libspace.o
        88          0          0          0          0         76   memcmp.o
        68          0          0          0          0         68   rt_memclr.o
        78          0          0          0          0         80   rt_memclr_w.o
       138          0          0          0          0         68   rt_memcpy_v6.o
       100          0          0          0          0         80   rt_memcpy_w.o
         2          0          0          0          0          0   rtexit.o
        10          0          0          0          0          0   rtexit2.o
        12          4          0          0          0         68   sys_exit.o
        74          0          0          0          0         80   sys_stackheap_outer.o
         2          0          0          0          0         68   use_no_semi.o

    ----------------------------------------------------------------------
       814         16          0          0        100        956   Library Totals
         6          0          0          0          4          0   (incl. Padding)

    ----------------------------------------------------------------------

      Code (inc. data)   RO Data    RW Data    ZI Data      Debug   Library Name

       808         16          0          0         96        956   c_w.l

    ----------------------------------------------------------------------
       814         16          0          0        100        956   Library Totals

    ----------------------------------------------------------------------

==============================================================================


      Code (inc. data)   RO Data    RW Data    ZI Data      Debug   

     16000       1256        380        820       8748    1114349   Grand Totals
     16000       1256        380        376       8748    1114349   ELF Image Totals (compressed)
     16000       1256        380        376          0          0   ROM Totals

==============================================================================

    Total RO  Size (Code + RO Data)                16380 (  16.00kB)
    Total RW  Size (RW Data + ZI Data)              9568 (   9.34kB)
    Total ROM Size (Code + RO Data + RW Data)      16756 (  16.36kB)

==============================================================================

